02-05 10:50:53.537  2455  2496 W PackageParser: Unknown element under <manifest>: meta-data at /data/app/vmdl1882692753.tmp/base.apk Binary XML file line #15
02-05 10:50:53.853  2455  2479 I ActivityManager: Force stopping com.example.lee.ffmpegdemo appid=10156 user=-1: installPackageLI
02-05 10:50:54.005  2455  2496 I PackageManager: Package com.example.lee.ffmpegdemo codePath changed from /data/app/com.example.lee.ffmpegdemo-2 to /data/app/com.example.lee.ffmpegdemo-1; Retaining data and using new
02-05 10:50:54.006  2455  2496 W PackageManager: Code path for com.example.lee.ffmpegdemo changing from /data/app/com.example.lee.ffmpegdemo-2 to /data/app/com.example.lee.ffmpegdemo-1
02-05 10:50:54.006  2455  2496 W PackageManager: Resource path for com.example.lee.ffmpegdemo changing from /data/app/com.example.lee.ffmpegdemo-2 to /data/app/com.example.lee.ffmpegdemo-1
02-05 10:50:54.477  2455  2496 I ActivityManager: Force stopping com.example.lee.ffmpegdemo appid=10156 user=0: pkg removed
02-05 10:50:55.090 20572 20572 W ContextImpl: Calling a method in the system process without a qualified user: android.app.ContextImpl.startService:1357 android.content.ContextWrapper.startService:613 android.content.ContextWrapper.startService:613 com.android.keychain.KeyChainBroadcastReceiver.onReceive:12 android.app.ActivityThread.handleReceiver:3040 
02-05 10:50:55.781  2455  5636 I ActivityManager: START u0 {act=android.intent.action.MAIN cat=[android.intent.category.LAUNCHER] flg=0x10000000 cmp=com.example.lee.ffmpegdemo/.MainActivity} from uid 2000 on display 0
02-05 10:50:55.807  2455  2476 I ActivityManager: Start proc 21055:com.example.lee.ffmpegdemo/u0a156 for activity com.example.lee.ffmpegdemo/.MainActivity
02-05 10:50:56.415 21055 21055 F libc    : Fatal signal 11 (SIGSEGV), code 1, fault addr 0x0 in tid 21055 (.lee.ffmpegdemo)
02-05 10:50:56.494 21072 21072 F DEBUG   : *** *** *** *** *** *** *** *** *** *** *** *** *** *** *** ***
02-05 10:50:56.494 21072 21072 F DEBUG   : Build fingerprint: 'google/shamu/shamu:7.1.1/NGI55D/4298276:user/release-keys'
02-05 10:50:56.494 21072 21072 F DEBUG   : Revision: '0'
02-05 10:50:56.494 21072 21072 F DEBUG   : ABI: 'arm'
02-05 10:50:56.495 21072 21072 F DEBUG   : pid: 21055, tid: 21055, name: .lee.ffmpegdemo  >>> com.example.lee.ffmpegdemo <<<
02-05 10:50:56.495 21072 21072 F DEBUG   : signal 11 (SIGSEGV), code 1 (SEGV_MAPERR), fault addr 0x0
02-05 10:50:56.495 21072 21072 F DEBUG   :     r0 00000000  r1 b3f7b88d  r2 ffffff9e  r3 b3f7b88e
02-05 10:50:56.495 21072 21072 F DEBUG   :     r4 00000064  r5 b4f4558c  r6 0000000d  r7 0000000d
02-05 10:50:56.495 21072 21072 F DEBUG   :     r8 00000000  r9 b2285400  sl be888800  fp b2285400
02-05 10:50:56.495 21072 21072 F DEBUG   :     ip 00000050  sp be888720  lr b3f22281  pc b3f3e076  cpsr 200f0030
02-05 10:50:56.498 21072 21072 F DEBUG   : 
02-05 10:50:56.498 21072 21072 F DEBUG   : backtrace:
02-05 10:50:56.498 21072 21072 F DEBUG   :     #00 pc 0003a076  /system/lib/libc.so (strlcpy+21)
02-05 10:50:56.498 21072 21072 F DEBUG   :     #01 pc 0001e27d  /system/lib/libc.so (strerror_r+64)
02-05 10:50:56.498 21072 21072 F DEBUG   :     #02 pc 00012ca8  /data/app/com.example.lee.ffmpegdemo-1/lib/arm/libavutil-55.so (av_strerror+100)
02-05 10:50:57.017  2455  5488 I ActivityManager: START u0 {flg=0x10800000 cmp=com.estrongs.android.pop/.app.InstallMonitorActivity (has extras)} from uid 10126 on display 0
02-05 10:50:57.522  2455  2479 W ActivityManager: Activity pause timeout for ActivityRecord{5cc7868 u0 com.example.lee.ffmpegdemo/.MainActivity t1787}
02-05 10:50:58.088  2455 21107 W ActivityManager:   Force finishing activity com.example.lee.ffmpegdemo/.MainActivity
02-05 10:50:58.116  2455  5482 I ActivityManager: Process com.example.lee.ffmpegdemo (pid 21055) has died
02-05 10:50:58.116  2455  5482 D ActivityManager: cleanUpApplicationRecord -- 21055
02-05 10:50:58.158  2455 21108 W DropBoxManagerService: Dropping: data_app_native_crash (949 > 0 bytes)
02-05 10:50:58.164  2455  5642 W InputMethodManagerService: Window already focused, ignoring focus gain of: com.android.internal.view.IInputMethodClient$Stub$Proxy@f7d593c attribute=null, token = android.os.BinderProxy@1946c3c
02-05 10:51:08.940  2455  2476 W SettingsProvider: You shouldn't keep your settings in the secure settings. This will soon become an error.
02-05 10:51:10.791  2455  2482 E BatteryStatsService: no controller energy info supplied
02-05 10:51:10.892  2455  2482 E BatteryStatsService: modem info is invalid: ModemActivityInfo{ mTimestamp=0 mSleepTimeMs=0 mIdleTimeMs=0 mTxTimeMs[]=[0, 0, 0, 0, 0] mRxTimeMs=0 mEnergyUsed=0}
02-05 10:51:15.153  2455  5634 I ActivityManager: Killing 20373:com.google.android.dialer/u0a21 (adj 906): empty #17
02-05 10:51:15.190  2455 18637 D ActivityManager: cleanUpApplicationRecord -- 20373
02-05 10:51:25.535  2455 21107 W ActivityManager: Ignoring remove of inactive process: ProcessRecord{be8b5b1 0:com.example.lee.ffmpegdemo/u0a156}
02-05 10:51:25.557  2455 18637 W InputMethodManagerService: Window already focused, ignoring focus gain of: com.android.internal.view.IInputMethodClient$Stub$Proxy@f679a04 attribute=null, token = android.os.BinderProxy@1946c3c
02-05 10:51:25.741  2455  2487 W AppOps  : Finishing op nesting under-run: uid 1000 pkg android code 24 time=0 duration=0 nesting=0
02-05 10:51:40.755  2455  5639 W SettingsProvider: You shouldn't keep your settings in the secure settings. This will soon become an error.
02-05 10:52:08.996  2455 18637 W SettingsProvider: You shouldn't keep your settings in the secure settings. This will soon become an error.
02-05 10:52:21.280  3870 21311 W PackageParser: Unknown element under <manifest>: meta-data at /data/app/vmdl2019642398.tmp/base.apk Binary XML file line #15
02-05 10:52:36.276  2455  2496 I PackageManager: Verification timed out for file:///data/app/vmdl2019642398.tmp
02-05 10:52:36.276  2455  2496 I PackageManager: Continuing with installation of file:///data/app/vmdl2019642398.tmp
02-05 10:52:36.327  2455  2496 W PackageParser: Unknown element under <manifest>: meta-data at /data/app/vmdl2019642398.tmp/base.apk Binary XML file line #15
02-05 10:52:36.652  2455  2479 I ActivityManager: Force stopping com.example.lee.ffmpegdemo appid=10156 user=-1: installPackageLI
02-05 10:52:36.785  2455  2496 I PackageManager: Package com.example.lee.ffmpegdemo codePath changed from /data/app/com.example.lee.ffmpegdemo-1 to /data/app/com.example.lee.ffmpegdemo-2; Retaining data and using new
02-05 10:52:36.786  2455  2496 W PackageManager: Code path for com.example.lee.ffmpegdemo changing from /data/app/com.example.lee.ffmpegdemo-1 to /data/app/com.example.lee.ffmpegdemo-2
02-05 10:52:36.786  2455  2496 W PackageManager: Resource path for com.example.lee.ffmpegdemo changing from /data/app/com.example.lee.ffmpegdemo-1 to /data/app/com.example.lee.ffmpegdemo-2
02-05 10:52:37.225  2455  2496 I ActivityManager: Force stopping com.example.lee.ffmpegdemo appid=10156 user=0: pkg removed
02-05 10:52:37.549 20572 20572 W ContextImpl: Calling a method in the system process without a qualified user: android.app.ContextImpl.startService:1357 android.content.ContextWrapper.startService:613 android.content.ContextWrapper.startService:613 com.android.keychain.KeyChainBroadcastReceiver.onReceive:12 android.app.ActivityThread.handleReceiver:3040 
02-05 10:52:38.147  2455  5635 I ActivityManager: START u0 {act=android.intent.action.MAIN cat=[android.intent.category.LAUNCHER] flg=0x10000000 cmp=com.example.lee.ffmpegdemo/.MainActivity} from uid 2000 on display 0
02-05 10:52:38.175  2455  5642 I ActivityManager: Start proc 21357:com.example.lee.ffmpegdemo/u0a156 for activity com.example.lee.ffmpegdemo/.MainActivity
--------- beginning of main
02-05 10:52:38.694 21357 21357 E ffmpeg  : yingyingying
02-05 10:52:38.694 21357 21357 E (>_<)   : input:	/storage/emulated/0/hh.mp4
02-05 10:52:38.705 21357 21357 F libc    : Fatal signal 11 (SIGSEGV), code 1, fault addr 0x0 in tid 21357 (.lee.ffmpegdemo)
02-05 10:52:38.705   254   254 W         : debuggerd: handling request: pid=21357 uid=10156 gid=10156 tid=21357
02-05 10:52:38.721 21378 21378 F DEBUG   : *** *** *** *** *** *** *** *** *** *** *** *** *** *** *** ***
02-05 10:52:38.721 21378 21378 F DEBUG   : Build fingerprint: 'google/shamu/shamu:7.1.1/NGI55D/4298276:user/release-keys'
02-05 10:52:38.721 21378 21378 F DEBUG   : Revision: '0'
02-05 10:52:38.721 21378 21378 F DEBUG   : ABI: 'arm'
02-05 10:52:38.721 21378 21378 F DEBUG   : pid: 21357, tid: 21357, name: .lee.ffmpegdemo  >>> com.example.lee.ffmpegdemo <<<
02-05 10:52:38.721 21378 21378 F DEBUG   : signal 11 (SIGSEGV), code 1 (SEGV_MAPERR), fault addr 0x0
02-05 10:52:38.721 21378 21378 F DEBUG   :     r0 00000000  r1 b3f7b88d  r2 fffffc1a  r3 b3f7b88e
02-05 10:52:38.721 21378 21378 F DEBUG   :     r4 000003e8  r5 b4f4558c  r6 0000000d  r7 0000000d
02-05 10:52:38.721 21378 21378 F DEBUG   :     r8 00000000  r9 b2285400  sl be888800  fp b2285400
02-05 10:52:38.721 21378 21378 F DEBUG   :     ip 00000050  sp be888720  lr b3f22281  pc b3f3e076  cpsr 200f0030
02-05 10:52:38.729 21378 21378 F DEBUG   : 
02-05 10:52:38.729 21378 21378 F DEBUG   : backtrace:
02-05 10:52:38.729 21378 21378 F DEBUG   :     #00 pc 0003a076  /system/lib/libc.so (strlcpy+21)
02-05 10:52:38.729 21378 21378 F DEBUG   :     #01 pc 0001e27d  /system/lib/libc.so (strerror_r+64)
02-05 10:52:38.729 21378 21378 F DEBUG   :     #02 pc 00012ca8  /data/app/com.example.lee.ffmpegdemo-2/lib/arm/libavutil-55.so (av_strerror+100)
02-05 10:52:38.873  7216 21380 I UpdateIcingCorporaServi: Updating corpora: APPS=com.example.lee.ffmpegdemo, CONTACTS=MAYBE
02-05 10:52:39.011  2455  3156 I ActivityManager: START u0 {flg=0x10800000 cmp=com.estrongs.android.pop/.app.InstallMonitorActivity (has extras)} from uid 10126 on display 0
02-05 10:52:39.138  3768 21372 I chatty  : uid=10019(com.google.android.gms) expire 1 line
02-05 10:52:39.205  3768 21373 I chatty  : uid=10019(com.google.android.gms) expire 1 line
02-05 10:52:39.225  3768 21396 I chatty  : uid=10019(com.google.android.gms) expire 1 line
02-05 10:52:39.350  3768  3867 I chatty  : uid=10019(com.google.android.gms) lowpool[0] expire 12 lines
02-05 10:52:39.353  7216 21380 I UpdateIcingCorporaServi: UpdateCorporaTask done [took 480 ms] updated apps [took 480 ms] 
02-05 10:52:39.422  4681  4681 I chatty  : uid=10132 me.zheteng.android.powerstatus:remote expire 21 lines
02-05 10:52:39.514  2455  2479 W ActivityManager: Activity pause timeout for ActivityRecord{77c4cb1 u0 com.example.lee.ffmpegdemo/.MainActivity t1789}
02-05 10:52:39.670  3008  3008 W asset   : Asset path /data/app/com.example.lee.ffmpegdemo-1/base.apk is neither a directory nor file (type=1).
02-05 10:52:39.670  3008  3008 E ResourcesManager: failed to add asset path /data/app/com.example.lee.ffmpegdemo-1/base.apk
02-05 10:52:39.671  3008  3008 W PackageManager: Failure retrieving resources for com.example.lee.ffmpegdemo
02-05 10:52:39.671  3008  3008 W asset   : Asset path /data/app/com.example.lee.ffmpegdemo-1/base.apk is neither a directory nor file (type=1).
02-05 10:52:39.671  3008  3008 E ResourcesManager: failed to add asset path /data/app/com.example.lee.ffmpegdemo-1/base.apk
02-05 10:52:39.671  3008  3008 W PackageManager: Failure retrieving resources for com.example.lee.ffmpegdemo
02-05 10:52:39.671  3008  3008 W asset   : Asset path /data/app/com.example.lee.ffmpegdemo-1/base.apk is neither a directory nor file (type=1).
02-05 10:52:39.671  3008  3008 E ResourcesManager: failed to add asset path /data/app/com.example.lee.ffmpegdemo-1/base.apk
02-05 10:52:39.672  3008  3008 W PackageManager: Failure retrieving resources for com.example.lee.ffmpegdemo
02-05 10:52:40.075  3768 15804 I chatty  : uid=10019(com.google.android.gms) highpool[5] expire 4 lines
02-05 10:52:40.112 13474 21406 W System.err: java.io.FileNotFoundException: http://www.estrongs.com/console/service/sample/index.php?source=ESF&country=cn&unique_id=yojfmRG%2BrofYI3TM8gr7Mg==
02-05 10:52:40.112 13474 21406 W System.err: 	at com.android.okhttp.internal.huc.HttpURLConnectionImpl.getInputStream(HttpURLConnectionImpl.java:250)
02-05 10:52:40.112 13474 21406 W System.err: 	at com.estrongs.android.util.u.l(Unknown Source)
02-05 10:52:40.112 13474 21406 W System.err: 	at com.estrongs.android.util.u.a(Unknown Source)
02-05 10:52:40.112 13474 21406 W System.err: 	at com.estrongs.android.util.u$2.run(Unknown Source)
02-05 10:52:40.162  3768  4565 I chatty  : uid=10019(com.google.android.gms) lowpool[3] expire 11 lines
02-05 10:52:40.180   254   254 W         : debuggerd: resuming target 21357
02-05 10:52:40.181  2455 21449 W ActivityManager:   Force finishing activity com.example.lee.ffmpegdemo/.MainActivity
02-05 10:52:40.212  2455 21450 W DropBoxManagerService: Dropping: data_app_native_crash (949 > 0 bytes)
02-05 10:52:40.213   289   289 E lowmemorykiller: Error writing /proc/21357/oom_score_adj; errno=22
02-05 10:52:40.233  2455  2477 I ActivityManager: Process com.example.lee.ffmpegdemo (pid 21357) has died
02-05 10:52:40.233  2455  2477 D ActivityManager: cleanUpApplicationRecord -- 21357
02-05 10:52:40.236  2038  2038 I Zygote  : Process 21357 exited due to signal (11)
02-05 10:52:40.270  7216  7216 I MicroDetector: Keeping mic open: false
02-05 10:52:40.270  7216 21166 I DeviceStateChecker: DeviceStateChecker cancelled
02-05 10:52:40.271  7216 20976 I AudioController: internalShutdown
02-05 10:52:40.271  7216 20976 I MicrophoneInputStream: mic_close com.google.android.apps.gsa.speech.audio.ae@a76e9fe
02-05 10:52:40.271  7216  7254 I MicroRecognitionRunner: Stopping hotword detection.
02-05 10:52:40.283  7216  7216 I MicroDetectionWorker: Micro detection mode: [mDetectionMode: [1]].
02-05 10:52:40.291  2455  5637 W InputMethodManagerService: Window already focused, ignoring focus gain of: com.android.internal.view.IInputMethodClient$Stub$Proxy@fd62306 attribute=null, token = android.os.BinderProxy@1946c3c
02-05 10:52:40.293  2455 14641 I OpenGLRenderer: Initialized EGL, version 1.4
02-05 10:52:40.294  2455 14641 D OpenGLRenderer: Swap behavior 1
02-05 10:52:40.329  2039 21168 D audio_hw_primary: disable_audio_route: usecase(8) reset and update mixer path: audio-record
02-05 10:52:40.330  2039 21168 D audio_hw_primary: disable_snd_device: snd_device(63: voice-rec-mic)
02-05 10:52:40.336  2039  2310 I SoundTriggerHwService::Module: void android::SoundTriggerHwService::Module::onCallbackEvent(const sp<android::SoundTriggerHwService::CallbackEvent> &) mClient == 0
02-05 10:52:40.338  7216 21165 I MicroRecognitionRunner: Detection finished
02-05 10:52:40.349  7216  7216 I MicroDetector: Keeping mic open: false
02-05 10:52:40.349  7216 20976 I AudioController: internalShutdown
02-05 10:52:40.351  7216  7254 I MicroRecognitionRunner: Stopping hotword detection.
02-05 10:52:40.569 13474 21444 W System.err: java.io.FileNotFoundException: http://conf.international.baidu.com/index.php/Sample/getConf?source=ESF&country=cn&unique_id=yojfmRG%2BrofYI3TM8gr7Mg==
02-05 10:52:40.569 13474 21444 W System.err: 	at com.android.okhttp.internal.huc.HttpURLConnectionImpl.getInputStream(HttpURLConnectionImpl.java:250)
02-05 10:52:40.569 13474 21444 W System.err: 	at com.estrongs.android.util.u.l(Unknown Source)
02-05 10:52:40.569 13474 21444 W System.err: 	at com.estrongs.android.util.u.a(Unknown Source)
02-05 10:52:40.569 13474 21444 W System.err: 	at com.estrongs.android.util.u$2.run(Unknown Source)
02-05 10:52:40.817  3473  3569 W OpenGLRenderer: Incorrectly called buildLayer on View: ShortcutAndWidgetContainer, destroying layer...
02-05 10:52:40.818  3473  3569 W OpenGLRenderer: Incorrectly called buildLayer on View: ShortcutAndWidgetContainer, destroying layer...
02-05 10:52:40.849  2455  5635 W SettingsProvider: You shouldn't keep your settings in the secure settings. This will soon become an error.
02-05 10:52:46.129  3870 21474 E Finsky  : [216] com.google.android.finsky.verifier.impl.ch.doInBackground(12): Verification id=7 error response com.android.volley.NoConnectionError: org.chromium.net.impl.NetworkExceptionImpl: Exception in CronetUrlRequest: net::ERR_CONNECTION_TIMED_OUT, ErrorCode=6, InternalErrorCode=-118, Retryable=true
02-05 10:52:46.149  3870  3870 E Finsky  : [1] com.google.android.finsky.verifier.impl.bf.a(83): Could not connect to Clearcut: java.lang.IllegalStateException: blockingConnect must not be called on the UI thread
02-05 10:52:46.325  3870 21311 E Finsky  : [215] com.google.android.finsky.verifier.impl.ch.doInBackground(12): Verification id=8 error response com.android.volley.NoConnectionError: org.chromium.net.impl.NetworkExceptionImpl: Exception in CronetUrlRequest: net::ERR_CONNECTION_TIMED_OUT, ErrorCode=6, InternalErrorCode=-118, Retryable=true
02-05 10:52:46.377  3870  3870 E Finsky  : [1] com.google.android.finsky.verifier.impl.bf.a(83): Could not connect to Clearcut: java.lang.IllegalStateException: blockingConnect must not be called on the UI thread
02-05 10:52:47.327  4681 18449 I chatty  : uid=10132(me.zheteng.android.powerstatus) RxCachedThreadS expire 44 lines
02-05 10:52:56.875  3870  3922 I PlayCommon: [133] com.google.android.play.a.h.e(262): Preparing logs for uploading
02-05 10:52:59.508  3768  4537 I chatty  : uid=10019(com.google.android.gms) Thread-9 expire 12 lines
02-05 10:53:00.336  4681  4681 I chatty  : uid=10132 me.zheteng.android.powerstatus:remote expire 35 lines
02-05 10:53:00.453  2455  2465 I art     : Background partial concurrent mark sweep GC freed 113200(5MB) AllocSpace objects, 8(160KB) LOS objects, 33% free, 21MB/32MB, paused 905us total 108.531ms
02-05 10:53:09.086  2455  5488 W SettingsProvider: You shouldn't keep your settings in the secure settings. This will soon become an error.
02-05 10:53:09.328  4681 18449 I chatty  : uid=10132(me.zheteng.android.powerstatus) RxCachedThreadS expire 48 lines
02-05 10:53:09.725  3870 14185 I PlayCommon: [186] com.google.android.play.a.h.e(262): Preparing logs for uploading
02-05 10:53:09.725  3870 14185 I PlayCommon: [186] com.google.android.play.a.h.e(266): No file ready to send
02-05 10:53:29.688  3396  5899 I chatty  : uid=10019(com.google.android.gms) Binder:3396_D expire 12 lines
02-05 10:53:29.704  3396  3698 I chatty  : uid=10019(com.google.android.gms) Binder:3396_3 expire 1 line
02-05 10:53:29.822  2455  3394 I BackupManagerService: K/V backup pass finished.
02-05 10:53:32.124 21488 21488 D AndroidRuntime: >>>>>> START com.android.internal.os.RuntimeInit uid 2000 <<<<<<
02-05 10:53:32.129 21488 21488 D AndroidRuntime: CheckJNI is OFF
02-05 10:53:32.226 21488 21488 D ICU     : No timezone override file found: /data/misc/zoneinfo/current/icu/icu_tzdata.dat
02-05 10:53:32.319 21488 21488 I Radio-JNI: register_android_hardware_Radio DONE
02-05 10:53:32.349 21488 21488 D AndroidRuntime: Calling main entry com.android.commands.pm.Pm
02-05 10:53:32.359 21488 21496 W MessageQueue: Handler (android.os.Handler) {2a1f94c} sending message to a Handler on a dead thread
02-05 10:53:32.359 21488 21496 W MessageQueue: java.lang.IllegalStateException: Handler (android.os.Handler) {2a1f94c} sending message to a Handler on a dead thread
02-05 10:53:32.359 21488 21496 W MessageQueue: 	at android.os.MessageQueue.enqueueMessage(MessageQueue.java:543)
02-05 10:53:32.359 21488 21496 W MessageQueue: 	at android.os.Handler.enqueueMessage(Handler.java:643)
02-05 10:53:32.359 21488 21496 W MessageQueue: 	at android.os.Handler.sendMessageAtTime(Handler.java:612)
02-05 10:53:32.359 21488 21496 W MessageQueue: 	at android.os.Handler.sendMessageDelayed(Handler.java:582)
02-05 10:53:32.359 21488 21496 W MessageQueue: 	at android.os.Handler.post(Handler.java:338)
02-05 10:53:32.359 21488 21496 W MessageQueue: 	at android.os.ResultReceiver$MyResultReceiver.send(ResultReceiver.java:57)
02-05 10:53:32.359 21488 21496 W MessageQueue: 	at com.android.internal.os.IResultReceiver$Stub.onTransact(IResultReceiver.java:58)
02-05 10:53:32.359 21488 21496 W MessageQueue: 	at android.os.Binder.execTransact(Binder.java:565)
02-05 10:53:32.360 21488 21488 I art     : System.exit called, status: 0
02-05 10:53:32.360 21488 21488 I AndroidRuntime: VM exiting with result code 0.
02-05 10:53:33.327  4681 18449 I chatty  : uid=10132(me.zheteng.android.powerstatus) RxCachedThreadS expire 50 lines
02-05 10:53:33.549 21507 21507 D AndroidRuntime: >>>>>> START com.android.internal.os.RuntimeInit uid 2000 <<<<<<
02-05 10:53:33.555 21507 21507 D AndroidRuntime: CheckJNI is OFF
02-05 10:53:33.653 21507 21507 D ICU     : No timezone override file found: /data/misc/zoneinfo/current/icu/icu_tzdata.dat
02-05 10:53:33.721 21507 21507 I Radio-JNI: register_android_hardware_Radio DONE
02-05 10:53:33.750 21507 21507 D AndroidRuntime: Calling main entry com.android.commands.pm.Pm
02-05 10:53:33.763 21507 21517 W MessageQueue: Handler (android.os.Handler) {dd74c51} sending message to a Handler on a dead thread
02-05 10:53:33.763 21507 21517 W MessageQueue: java.lang.IllegalStateException: Handler (android.os.Handler) {dd74c51} sending message to a Handler on a dead thread
02-05 10:53:33.763 21507 21517 W MessageQueue: 	at android.os.MessageQueue.enqueueMessage(MessageQueue.java:543)
02-05 10:53:33.763 21507 21517 W MessageQueue: 	at android.os.Handler.enqueueMessage(Handler.java:643)
02-05 10:53:33.763 21507 21517 W MessageQueue: 	at android.os.Handler.sendMessageAtTime(Handler.java:612)
02-05 10:53:33.763 21507 21517 W MessageQueue: 	at android.os.Handler.sendMessageDelayed(Handler.java:582)
02-05 10:53:33.763 21507 21517 W MessageQueue: 	at android.os.Handler.post(Handler.java:338)
02-05 10:53:33.763 21507 21517 W MessageQueue: 	at android.os.ResultReceiver$MyResultReceiver.send(ResultReceiver.java:57)
02-05 10:53:33.763 21507 21517 W MessageQueue: 	at com.android.internal.os.IResultReceiver$Stub.onTransact(IResultReceiver.java:58)
02-05 10:53:33.763 21507 21517 W MessageQueue: 	at android.os.Binder.execTransact(Binder.java:565)
02-05 10:53:33.766 21507 21507 I art     : System.exit called, status: 0
02-05 10:53:33.766 21507 21507 I AndroidRuntime: VM exiting with result code 0.
02-05 10:53:35.350  4681  4681 I chatty  : uid=10132 me.zheteng.android.powerstatus:remote expire 42 lines
02-05 10:53:37.585  2042  2042 I         : free_cache(6455167) avail 2635853824
02-05 10:53:38.145 21526 21526 D AndroidRuntime: >>>>>> START com.android.internal.os.RuntimeInit uid 2000 <<<<<<
02-05 10:53:38.151 21526 21526 D AndroidRuntime: CheckJNI is OFF
02-05 10:53:38.251 21526 21526 D ICU     : No timezone override file found: /data/misc/zoneinfo/current/icu/icu_tzdata.dat
02-05 10:53:38.295 21526 21526 I Radio-JNI: register_android_hardware_Radio DONE
02-05 10:53:38.315 21526 21526 D AndroidRuntime: Calling main entry com.android.commands.wm.Wm
02-05 10:53:38.318 21526 21526 D AndroidRuntime: Shutting down VM
02-05 10:53:38.547  3396 21485 I chatty  : uid=10019 com.google.android.gms.persistent expire 1 line
02-05 10:53:38.577  3396  6003 I chatty  : uid=10019(com.google.android.gms) Binder:3396_E expire 2 lines
02-05 10:53:38.580  7216 20980 W Search.LoginHelper: IO exception for scope: oauth2:https://www.googleapis.com/auth/googlenow
02-05 10:53:38.580  7216 20980 W Search.LoginHelper: java.io.IOException: NetworkError
02-05 10:53:38.580  7216 20980 W Search.LoginHelper: 	at com.google.android.gms.auth.c$1.h(Unknown Source)
02-05 10:53:38.580  7216 20980 W Search.LoginHelper: 	at com.google.android.gms.auth.c.a(Unknown Source)
02-05 10:53:38.580  7216 20980 W Search.LoginHelper: 	at com.google.android.gms.auth.c.b(Unknown Source)
02-05 10:53:38.580  7216 20980 W Search.LoginHelper: 	at com.google.android.gms.auth.b.a(Unknown Source)
02-05 10:53:38.580  7216 20980 W Search.LoginHelper: 	at com.google.android.gms.auth.b.a(Unknown Source)
02-05 10:53:38.580  7216 20980 W Search.LoginHelper: 	at com.google.android.apps.gsa.search.core.google.gaia.n.a(SourceFile:38)
02-05 10:53:38.580  7216 20980 W Search.LoginHelper: 	at com.google.android.apps.gsa.search.core.google.gaia.j.a(SourceFile:82)
02-05 10:53:38.580  7216 20980 W Search.LoginHelper: 	at com.google.android.apps.gsa.search.core.google.gaia.g.a(SourceFile:69)
02-05 10:53:38.580  7216 20980 W Search.LoginHelper: 	at com.google.android.apps.gsa.search.core.google.gaia.o.b(SourceFile:969)
02-05 10:53:38.580  7216 20980 W Search.LoginHelper: 	at com.google.android.apps.gsa.search.core.google.gaia.o$7.call(SourceFile:1853)
02-05 10:53:38.580  7216 20980 W Search.LoginHelper: 	at java.util.concurrent.FutureTask.run(FutureTask.java:237)
02-05 10:53:38.580  7216 20980 W Search.LoginHelper: 	at com.google.android.apps.gsa.shared.util.concurrent.a.ak.run(SourceFile:66)
02-05 10:53:38.580  7216 20980 W Search.LoginHelper: 	at com.google.android.apps.gsa.shared.util.concurrent.a.ax.run(SourceFile:139)
02-05 10:53:38.580  7216 20980 W Search.LoginHelper: 	at com.google.android.apps.gsa.shared.util.concurrent.a.ax.run(SourceFile:139)
02-05 10:53:38.580  7216 20980 W Search.LoginHelper: 	at java.util.concurrent.ThreadPoolExecutor.runWorker(ThreadPoolExecutor.java:1133)
02-05 10:53:38.580  7216 20980 W Search.LoginHelper: 	at java.util.concurrent.ThreadPoolExecutor$Worker.run(ThreadPoolExecutor.java:607)
02-05 10:53:38.580  7216 20980 W Search.LoginHelper: 	at java.lang.Thread.run(Thread.java:761)
02-05 10:53:38.580  7216 20980 W Search.LoginHelper: 	at com.google.android.apps.gsa.shared.util.concurrent.a.ad$1.run(SourceFile:85)
02-05 10:53:38.586  7216 20980 I GoogleAuthUtil: Error on service connection.
02-05 10:53:38.586  7216 20980 I GoogleAuthUtil: java.lang.InterruptedException
02-05 10:53:38.586  7216 20980 I GoogleAuthUtil: 	at java.util.concurrent.locks.AbstractQueuedSynchronizer.acquireInterruptibly(AbstractQueuedSynchronizer.java:1218)
02-05 10:53:38.586  7216 20980 I GoogleAuthUtil: 	at java.util.concurrent.locks.ReentrantLock.lockInterruptibly(ReentrantLock.java:312)
02-05 10:53:38.586  7216 20980 I GoogleAuthUtil: 	at java.util.concurrent.LinkedBlockingQueue.take(LinkedBlockingQueue.java:410)
02-05 10:53:38.586  7216 20980 I GoogleAuthUtil: 	at com.google.android.gms.common.l.aVz(Unknown Source)
02-05 10:53:38.586  7216 20980 I GoogleAuthUtil: 	at com.google.android.gms.auth.c.a(Unknown Source)
02-05 10:53:38.586  7216 20980 I GoogleAuthUtil: 	at com.google.android.gms.auth.c.b(Unknown Source)
02-05 10:53:38.586  7216 20980 I GoogleAuthUtil: 	at com.google.android.gms.auth.b.a(Unknown Source)
02-05 10:53:38.586  7216 20980 I GoogleAuthUtil: 	at com.google.android.gms.auth.b.a(Unknown Source)
02-05 10:53:38.586  7216 20980 I GoogleAuthUtil: 	at com.google.android.apps.gsa.search.core.google.gaia.n.a(SourceFile:38)
02-05 10:53:38.586  7216 20980 I GoogleAuthUtil: 	at com.google.android.apps.gsa.search.core.google.gaia.j.a(SourceFile:82)
02-05 10:53:38.586  7216 20980 I GoogleAuthUtil: 	at com.google.android.apps.gsa.search.core.google.gaia.g.a(SourceFile:69)
02-05 10:53:38.586  7216 20980 I GoogleAuthUtil: 	at com.google.android.apps.gsa.search.core.google.gaia.o.b(SourceFile:969)
02-05 10:53:38.586  7216 20980 I GoogleAuthUtil: 	at com.google.android.apps.gsa.search.core.google.gaia.o$7.call(SourceFile:1853)
02-05 10:53:38.586  7216 20980 I GoogleAuthUtil: 	at java.util.concurrent.FutureTask.run(FutureTask.java:237)
02-05 10:53:38.586  7216 20980 I GoogleAuthUtil: 	at com.google.android.apps.gsa.shared.util.concurrent.a.ak.run(SourceFile:66)
02-05 10:53:38.586  7216 20980 I GoogleAuthUtil: 	at com.google.android.apps.gsa.shared.util.concurrent.a.ax.run(SourceFile:139)
02-05 10:53:38.586  7216 20980 I GoogleAuthUtil: 	at com.google.android.apps.gsa.shared.util.concurrent.a.ax.run(SourceFile:139)
02-05 10:53:38.586  7216 20980 I GoogleAuthUtil: 	at java.util.concurrent.ThreadPoolExecutor.runWorker(ThreadPoolExecutor.java:1133)
02-05 10:53:38.586  7216 20980 I GoogleAuthUtil: 	at java.util.concurrent.ThreadPoolExecutor$Worker.run(ThreadPoolExecutor.java:607)
02-05 10:53:38.586  7216 20980 I GoogleAuthUtil: 	at java.lang.Thread.run(Thread.java:761)
02-05 10:53:38.586  7216 20980 I GoogleAuthUtil: 	at com.google.android.apps.gsa.shared.util.concurrent.a.ad$1.run(SourceFile:85)
02-05 10:53:38.587  7216 20980 W Search.LoginHelper: IO exception for scope: oauth2:https://www.googleapis.com/auth/googlenow
02-05 10:53:38.587  7216 20980 W Search.LoginHelper: java.io.IOException: Error on service connection.
02-05 10:53:38.587  7216 20980 W Search.LoginHelper: 	at com.google.android.gms.auth.c.a(Unknown Source)
02-05 10:53:38.587  7216 20980 W Search.LoginHelper: 	at com.google.android.gms.auth.c.b(Unknown Source)
02-05 10:53:38.587  7216 20980 W Search.LoginHelper: 	at com.google.android.gms.auth.b.a(Unknown Source)
02-05 10:53:38.587  7216 20980 W Search.LoginHelper: 	at com.google.android.gms.auth.b.a(Unknown Source)
02-05 10:53:38.587  7216 20980 W Search.LoginHelper: 	at com.google.android.apps.gsa.search.core.google.gaia.n.a(SourceFile:38)
02-05 10:53:38.587  7216 20980 W Search.LoginHelper: 	at com.google.android.apps.gsa.search.core.google.gaia.j.a(SourceFile:82)
02-05 10:53:38.587  7216 20980 W Search.LoginHelper: 	at com.google.android.apps.gsa.search.core.google.gaia.g.a(SourceFile:69)
02-05 10:53:38.587  7216 20980 W Search.LoginHelper: 	at com.google.android.apps.gsa.search.core.google.gaia.o.b(SourceFile:969)
02-05 10:53:38.587  7216 20980 W Search.LoginHelper: 	at com.google.android.apps.gsa.search.core.google.gaia.o$7.call(SourceFile:1853)
02-05 10:53:38.587  7216 20980 W Search.LoginHelper: 	at java.util.concurrent.FutureTask.run(FutureTask.java:237)
02-05 10:53:38.587  7216 20980 W Search.LoginHelper: 	at com.google.android.apps.gsa.shared.util.concurrent.a.ak.run(SourceFile:66)
02-05 10:53:38.587  7216 20980 W Search.LoginHelper: 	at com.google.android.apps.gsa.shared.util.concurrent.a.ax.run(SourceFile:139)
02-05 10:53:38.587  7216 20980 W Search.LoginHelper: 	at com.google.android.apps.gsa.shared.util.concurrent.a.ax.run(SourceFile:139)
02-05 10:53:38.587  7216 20980 W Search.LoginHelper: 	at java.util.concurrent.ThreadPoolExecutor.runWorker(ThreadPoolExecutor.java:1133)
02-05 10:53:38.587  7216 20980 W Search.LoginHelper: 	at java.util.concurrent.ThreadPoolExecutor$Worker.run(ThreadPoolExecutor.java:607)
02-05 10:53:38.587  7216 20980 W Search.LoginHelper: 	at java.lang.Thread.run(Thread.java:761)
02-05 10:53:38.587  7216 20980 W Search.LoginHelper: 	at com.google.android.apps.gsa.shared.util.concurrent.a.ad$1.run(SourceFile:85)
02-05 10:53:38.587  7216 20980 W Search.LoginHelper: Caused by: java.lang.InterruptedException
02-05 10:53:38.587  7216 20980 W Search.LoginHelper: 	at java.util.concurrent.locks.AbstractQueuedSynchronizer.acquireInterruptibly(AbstractQueuedSynchronizer.java:1218)
02-05 10:53:38.587  7216 20980 W Search.LoginHelper: 	at java.util.concurrent.locks.ReentrantLock.lockInterruptibly(ReentrantLock.java:312)
02-05 10:53:38.587  7216 20980 W Search.LoginHelper: 	at java.util.concurrent.LinkedBlockingQueue.take(LinkedBlockingQueue.java:410)
02-05 10:53:38.587  7216 20980 W Search.LoginHelper: 	at com.google.android.gms.common.l.aVz(Unknown Source)
02-05 10:53:38.587  7216 20980 W Search.LoginHelper: 	... 17 more
02-05 10:53:38.873  7216  7216 I GrammarCompilationSvcCt: #startService for null, APP_NAMES.
02-05 10:53:40.889  2455  3330 W SettingsProvider: You shouldn't keep your settings in the secure settings. This will soon become an error.
02-05 10:53:41.240  2455  2911 D PackageInstaller: Inherited files: [/data/app/com.example.lee.ffmpegdemo-2/split_lib_dependencies_apk.apk, /data/app/com.example.lee.ffmpegdemo-2/split_lib_slice_0_apk.apk, /data/app/com.example.lee.ffmpegdemo-2/split_lib_slice_1_apk.apk, /data/app/com.example.lee.ffmpegdemo-2/split_lib_slice_2_apk.apk, /data/app/com.example.lee.ffmpegdemo-2/split_lib_slice_3_apk.apk, /data/app/com.example.lee.ffmpegdemo-2/split_lib_slice_4_apk.apk, /data/app/com.example.lee.ffmpegdemo-2/split_lib_slice_5_apk.apk, /data/app/com.example.lee.ffmpegdemo-2/split_lib_slice_6_apk.apk, /data/app/com.example.lee.ffmpegdemo-2/split_lib_slice_7_apk.apk, /data/app/com.example.lee.ffmpegdemo-2/split_lib_slice_8_apk.apk, /data/app/com.example.lee.ffmpegdemo-2/split_lib_slice_9_apk.apk, /data/app/com.example.lee.ffmpegdemo-2/oat/arm/base.odex]
02-05 10:53:41.250  2455  2911 D PackageInstaller: Linked 12 files into /data/app/vmdl659020566.tmp
02-05 10:53:41.528  3870  3870 I Finsky  : [1] com.google.android.finsky.verifier.impl.PackageVerificationReceiver.onReceive(14): Verification requested, id = 9
02-05 10:53:41.553  3870 21552 W Settings: Setting install_non_market_apps has moved from android.provider.Settings.Global to android.provider.Settings.Secure, returning read-only value.
02-05 10:53:41.570  3870 21552 W PackageParser: Unknown element under <manifest>: meta-data at /data/app/vmdl659020566.tmp/base.apk Binary XML file line #15
02-05 10:53:41.733  3870 21552 I Finsky  : [218] com.google.android.finsky.foregroundcoordinator.ForegroundCoordinator.a(9): Task 7 requested foreground
02-05 10:53:41.734  3870 21552 I Finsky  : [218] com.google.android.finsky.foregroundcoordinator.ForegroundCoordinator.a(35): Not entering foreground
02-05 10:53:55.817  3768 10892 I chatty  : uid=10019(com.google.android.gms) PlayEventLogger expire 6 lines
02-05 10:53:55.854  3870  3922 I PlayCommon: [133] com.google.android.play.a.h.a(503): Connecting to server: https://play.googleapis.com/play/log?format=raw&proto_v2=true
02-05 10:53:56.566  2455  2496 I PackageManager: Verification timed out for file:///data/app/vmdl659020566.tmp
02-05 10:53:56.567  2455  2496 I PackageManager: Continuing with installation of file:///data/app/vmdl659020566.tmp
02-05 10:53:56.615  3870  3870 E Finsky  : [1] com.google.android.finsky.verifier.impl.bf.a(83): Could not connect to Clearcut: java.lang.IllegalStateException: blockingConnect must not be called on the UI thread
02-05 10:53:56.625  3870  3870 I Finsky  : [1] com.google.android.finsky.verifier.impl.de.c(115): Verification complete: id=9, package_name=com.example.lee.ffmpegdemo
02-05 10:53:56.625  2455  2496 W PackageParser: Unknown element under <manifest>: meta-data at /data/app/vmdl659020566.tmp/base.apk Binary XML file line #15
02-05 10:53:56.685  2455  2479 I ActivityManager: Force stopping com.example.lee.ffmpegdemo appid=10156 user=-1: installPackageLI
02-05 10:53:56.885  2496  2496 W PackageManager: type=1400 audit(0.0:508): avc: denied { read } for name="foreign-dex" dev="dm-0" ino=636513 scontext=u:r:system_server:s0 tcontext=u:object_r:user_profile_data_file:s0 tclass=dir permissive=0
02-05 10:53:56.889  2455  2496 I PackageManager: Package com.example.lee.ffmpegdemo codePath changed from /data/app/com.example.lee.ffmpegdemo-2 to /data/app/com.example.lee.ffmpegdemo-1; Retaining data and using new
02-05 10:53:56.890  2455  2496 W PackageManager: Code path for com.example.lee.ffmpegdemo changing from /data/app/com.example.lee.ffmpegdemo-2 to /data/app/com.example.lee.ffmpegdemo-1
02-05 10:53:56.890  2455  2496 W PackageManager: Resource path for com.example.lee.ffmpegdemo changing from /data/app/com.example.lee.ffmpegdemo-2 to /data/app/com.example.lee.ffmpegdemo-1
02-05 10:53:57.267  2455  2496 I art     : Starting a blocking GC Explicit
02-05 10:53:57.371  2455  2496 I art     : Explicit concurrent mark sweep GC freed 91785(4MB) AllocSpace objects, 9(180KB) LOS objects, 33% free, 21MB/32MB, paused 1.062ms total 102.734ms
02-05 10:53:57.424  2042  2042 E         : Couldn't opendir /data/app/vmdl659020566.tmp: No such file or directory
02-05 10:53:57.427  2455  2496 I ActivityManager: Force stopping com.example.lee.ffmpegdemo appid=10156 user=0: pkg removed
02-05 10:53:57.448  2455  2927 I InputReader: Reconfiguring input devices.  changes=0x00000010
02-05 10:53:57.532 14472 14472 D BuaReceiver: ====== got intent:Intent { act=android.intent.action.PACKAGE_REMOVED dat=package:com.example.lee.ffmpegdemo flg=0x4000010 cmp=com.motorola.android.buacontactadapter/.BuaReceiver (has extras) }
02-05 10:53:57.549  7216  7226 I art     : Background partial concurrent mark sweep GC freed 9717(848KB) AllocSpace objects, 1(628KB) LOS objects, 40% free, 12MB/21MB, paused 599us total 116.505ms
02-05 10:53:57.631  7112  7112 D WadlJSBridgePackageInstallReceiver: ##@isQQProcess:YES
02-05 10:53:57.633  7112 14491 I SDKReportManager2: >>postReport enter
02-05 10:53:57.633  7112 14491 I SDKReportManager2: >>postReport type = 9 data = 1517799237||com.example.lee.ffmpegdemo|
02-05 10:53:57.633  7112 14491 I SDKReportManager2: >>postReport exit
02-05 10:53:57.637  2455  2927 I InputReader: Reconfiguring input devices.  changes=0x00000010
02-05 10:53:57.744  3106  3106 D CarrierSvcBindHelper: No carrier app for: 0
02-05 10:53:57.744  3106  3106 D CarrierSvcBindHelper: No carrier app for: 0
02-05 10:53:57.760  2455  2927 I InputReader: Reconfiguring input devices.  changes=0x00000010
02-05 10:53:57.760  3106  3106 D CarrierConfigLoader: mHandler: 9 phoneId: 0
02-05 10:53:57.802  3451  3451 D RegisteredNfcFServicesCache: Service unchanged, not updating
02-05 10:53:57.971 20572 20572 W ContextImpl: Calling a method in the system process without a qualified user: android.app.ContextImpl.startService:1357 android.content.ContextWrapper.startService:613 android.content.ContextWrapper.startService:613 com.android.keychain.KeyChainBroadcastReceiver.onReceive:12 android.app.ActivityThread.handleReceiver:3040 
02-05 10:53:58.015 13474 13484 W art     : Suspending all threads took: 5.705ms
02-05 10:53:58.078 13474 13484 I art     : Background partial concurrent mark sweep GC freed 191366(10MB) AllocSpace objects, 18(572KB) LOS objects, 16% free, 80MB/96MB, paused 7.785ms total 644.415ms
02-05 10:53:58.134  7112 14496 I SDKReportManager2: >>mPostHandler handleMessage enter
02-05 10:53:58.134  7112 14496 I SDKReportManager2: >>mPostHandler msg = MSG_POST_REPORT
02-05 10:53:58.134  7112 14496 I SDKREPORT: >>sendRequest type = 9 data = 1517799237||com.example.lee.ffmpegdemo|
02-05 10:53:58.134  7112 14496 I ProtocolPackage: enter
02-05 10:53:58.134  7112 14496 I ProtocolPackage: enter
02-05 10:53:58.138  7112 14496 I SelfUpdateSDK: getQQDownloaderAPILevel
02-05 10:53:58.140  7112 14496 I ProtocolPackage: exit
02-05 10:53:58.140  7112 14496 I ProtocolPackage: exit
02-05 10:53:58.140  7112 14496 I StatReportEngine: selfUpdateReport sendStatReportRequest ret = 12
02-05 10:53:58.140  7112 14496 I ProtocolPackage: enter
02-05 10:53:58.140  7112 14496 I ProtocolPackage: encrypt process
02-05 10:53:58.140  7112 14496 I ProtocolPackage: exit
02-05 10:53:58.140  7112 14496 I StatReportEngine: selfUpdateReport sendStatReportRequest
02-05 10:53:58.140  7112 14496 I SDKReportManager2: timelyReport
02-05 10:53:58.140  7112 14496 I SDKReportManager2: >>mPostHandler handleMessage exit
02-05 10:53:58.141  7112 21593 I BaseHttpRequest: halleyTest serverUrl=http://masdk.3g.qq.com/
02-05 10:53:58.171  3396 21486 I chatty  : uid=10019 com.google.android.gms.persistent expire 2 lines
02-05 10:53:58.183 21581 21581 D AndroidRuntime: >>>>>> START com.android.internal.os.RuntimeInit uid 2000 <<<<<<
02-05 10:53:58.187 21581 21581 D AndroidRuntime: CheckJNI is OFF
02-05 10:53:58.201 14472 14472 D BuaReceiver: ====== got intent:Intent { act=android.intent.action.PACKAGE_ADDED dat=package:com.example.lee.ffmpegdemo flg=0x4000010 cmp=com.motorola.android.buacontactadapter/.BuaReceiver (has extras) }
02-05 10:53:58.220  7112 21593 I StatReportEngine: errorCode: 0
02-05 10:53:58.220  7112 21593 I ProtocolPackage: enter
02-05 10:53:58.221  7112 21593 I ProtocolPackage: decrypt process
02-05 10:53:58.221  7112 21593 I ProtocolPackage: exit
02-05 10:53:58.221  7112 21593 I SDKReportManager2: >>onStatReportFinish reportLog onReportFinish errorCode = 0
02-05 10:53:58.221  7112 21593 I StatReportEngine: exit
02-05 10:53:58.242  3870  3870 I Finsky  : [1] com.google.android.finsky.wear.WearSupportService.onStartCommand(49): Starting WearSupportService for auto_install
02-05 10:53:58.243  3870  3870 I Finsky  : [1] com.google.android.finsky.wear.ak.a(76): Connecting to wearable; initiated by: com.google.android.finsky.wear.WearSupportService
02-05 10:53:58.256  3870  3870 I Finsky  : [1] com.google.android.finsky.externalreferrer.d.a(67): Package state data is missing for com.example.lee.ffmpegdemo
02-05 10:53:58.278  3870  3870 E Finsky  : [1] com.google.android.finsky.wear.ap.a(3): onConnectionFailed: ConnectionResult{statusCode=API_UNAVAILABLE, resolution=null, message=null}
02-05 10:53:58.279  3870  3870 W Finsky  : [1] com.google.android.finsky.wear.bs.run(12): Dropping command=auto_install due to Gms not connected
02-05 10:53:58.281 21581 21581 D ICU     : No timezone override file found: /data/misc/zoneinfo/current/icu/icu_tzdata.dat
02-05 10:53:58.293  3870  3870 I Finsky  : [1] com.google.android.finsky.wear.WearSupportService.b(94): Stopping WearSupportService
02-05 10:53:58.315 21581 21581 I Radio-JNI: register_android_hardware_Radio DONE
02-05 10:53:58.326  4681 18449 I chatty  : uid=10132(me.zheteng.android.powerstatus) RxCachedThreadS expire 44 lines
02-05 10:53:58.335 21581 21581 D AndroidRuntime: Calling main entry com.android.commands.am.Am
02-05 10:53:58.338  2455  5482 I ActivityManager: START u0 {act=android.intent.action.MAIN cat=[android.intent.category.LAUNCHER] flg=0x10000000 cmp=com.example.lee.ffmpegdemo/.MainActivity} from uid 2000 on display 0
02-05 10:53:58.352 21581 21581 D AndroidRuntime: Shutting down VM
02-05 10:53:58.374  2455  5639 I ActivityManager: Start proc 21618:com.example.lee.ffmpegdemo/u0a156 for activity com.example.lee.ffmpegdemo/.MainActivity
02-05 10:53:58.378 21618 21618 I art     : Late-enabling -Xcheck:jni
02-05 10:53:58.620 21618 21618 I InstantRun: starting instant run server: is main process
02-05 10:53:58.696  7216 21641 I UpdateIcingCorporaServi: Updating corpora: APPS=com.example.lee.ffmpegdemo, CONTACTS=MAYBE
02-05 10:53:58.747 21618 21618 W art     : Before Android 4.1, method android.graphics.PorterDuffColorFilter android.support.graphics.drawable.VectorDrawableCompat.updateTintFilter(android.graphics.PorterDuffColorFilter, android.content.res.ColorStateList, android.graphics.PorterDuff$Mode) would have incorrectly overridden the package-private method in android.graphics.drawable.Drawable
02-05 10:53:58.837  3768 21631 I chatty  : uid=10019(com.google.android.gms) expire 1 line
02-05 10:53:58.915 21618 21618 E ffmpeg  : lueluelue
02-05 10:53:58.915 21618 21618 E ffmpeg  : yingyingying
02-05 10:53:58.915 21618 21618 E (>_<)   : input:	/storage/emulated/0/hh.mp4
02-05 10:53:58.928 21618 21618 F libc    : Fatal signal 11 (SIGSEGV), code 1, fault addr 0x0 in tid 21618 (.lee.ffmpegdemo)
02-05 10:53:58.929   254   254 W         : debuggerd: handling request: pid=21618 uid=10156 gid=10156 tid=21618
02-05 10:53:58.954  3768 21636 I chatty  : uid=10019(com.google.android.gms) expire 1 line
02-05 10:53:59.069  7216 21641 I UpdateIcingCorporaServi: UpdateCorporaTask done [took 373 ms] updated apps [took 373 ms] 
02-05 10:53:59.103  2455  3330 I ActivityManager: START u0 {flg=0x10800000 cmp=com.estrongs.android.pop/.app.InstallMonitorActivity (has extras)} from uid 10126 on display 0
02-05 10:53:59.157 21648 21648 F DEBUG   : *** *** *** *** *** *** *** *** *** *** *** *** *** *** *** ***
02-05 10:53:59.157 21648 21648 F DEBUG   : Build fingerprint: 'google/shamu/shamu:7.1.1/NGI55D/4298276:user/release-keys'
02-05 10:53:59.157 21648 21648 F DEBUG   : Revision: '0'
02-05 10:53:59.157 21648 21648 F DEBUG   : ABI: 'arm'
02-05 10:53:59.157 21648 21648 F DEBUG   : pid: 21618, tid: 21618, name: .lee.ffmpegdemo  >>> com.example.lee.ffmpegdemo <<<
02-05 10:53:59.157 21648 21648 F DEBUG   : signal 11 (SIGSEGV), code 1 (SEGV_MAPERR), fault addr 0x0
02-05 10:53:59.157 21648 21648 F DEBUG   :     r0 00000000  r1 b3f7b88d  r2 ffffffc2  r3 b3f7b88e
02-05 10:53:59.157 21648 21648 F DEBUG   :     r4 00000040  r5 b4f4558c  r6 0000000d  r7 0000000d
02-05 10:53:59.157 21648 21648 F DEBUG   :     r8 00000000  r9 b2285400  sl be888800  fp b2285400
02-05 10:53:59.157 21648 21648 F DEBUG   :     ip 00000050  sp be888720  lr b3f22281  pc b3f3e076  cpsr 200f0030
02-05 10:53:59.168 21648 21648 F DEBUG   : 
02-05 10:53:59.168 21648 21648 F DEBUG   : backtrace:
02-05 10:53:59.168 21648 21648 F DEBUG   :     #00 pc 0003a076  /system/lib/libc.so (strlcpy+21)
02-05 10:53:59.169 21648 21648 F DEBUG   :     #01 pc 0001e27d  /system/lib/libc.so (strerror_r+64)
02-05 10:53:59.169 21648 21648 F DEBUG   :     #02 pc 00012ca8  /data/app/com.example.lee.ffmpegdemo-1/lib/arm/libavutil-55.so (av_strerror+100)
02-05 10:53:59.452  3768 21649 I chatty  : uid=10019(com.google.android.gms) expire 1 line
02-05 10:53:59.477  3768  3773 I chatty  : uid=10019(com.google.android.gms) Jit thread pool expire 3 lines
02-05 10:53:59.608  2455  2479 W ActivityManager: Activity pause timeout for ActivityRecord{5bd627e u0 com.example.lee.ffmpegdemo/.MainActivity t1791}
02-05 10:54:00.520  2455 21700 W ActivityManager:   Force finishing activity com.example.lee.ffmpegdemo/.MainActivity
02-05 10:54:00.529   254   254 W         : debuggerd: resuming target 21618
02-05 10:54:00.537  2455 21701 W DropBoxManagerService: Dropping: data_app_native_crash (949 > 0 bytes)
02-05 10:54:00.552   289   289 E lowmemorykiller: Error writing /proc/21618/oom_score_adj; errno=22
02-05 10:54:00.579  2455  5642 I ActivityManager: Process com.example.lee.ffmpegdemo (pid 21618) has died
02-05 10:54:00.580  2455  5642 D ActivityManager: cleanUpApplicationRecord -- 21618
02-05 10:54:00.580  2038  2038 I Zygote  : Process 21618 exited due to signal (11)
02-05 10:54:00.967  3768  4537 I chatty  : uid=10019(com.google.android.gms) Thread-9 expire 12 lines
02-05 10:54:01.111 13474 21659 W System.err: java.io.FileNotFoundException: http://www.estrongs.com/console/service/sample/index.php?source=ESF&country=cn&unique_id=yojfmRG%2BrofYI3TM8gr7Mg==
02-05 10:54:01.111 13474 21659 W System.err: 	at com.android.okhttp.internal.huc.HttpURLConnectionImpl.getInputStream(HttpURLConnectionImpl.java:250)
02-05 10:54:01.111 13474 21659 W System.err: 	at com.estrongs.android.util.u.l(Unknown Source)
02-05 10:54:01.111 13474 21659 W System.err: 	at com.estrongs.android.util.u.a(Unknown Source)
02-05 10:54:01.111 13474 21659 W System.err: 	at com.estrongs.android.util.u$2.run(Unknown Source)
02-05 10:54:01.210  3473  3569 W OpenGLRenderer: Incorrectly called buildLayer on View: ShortcutAndWidgetContainer, destroying layer...
02-05 10:54:01.210  3473  3569 W OpenGLRenderer: Incorrectly called buildLayer on View: ShortcutAndWidgetContainer, destroying layer...
02-05 10:54:01.540 13474 21719 W System.err: java.io.FileNotFoundException: http://conf.international.baidu.com/index.php/Sample/getConf?source=ESF&country=cn&unique_id=yojfmRG%2BrofYI3TM8gr7Mg==
02-05 10:54:01.540 13474 21719 W System.err: 	at com.android.okhttp.internal.huc.HttpURLConnectionImpl.getInputStream(HttpURLConnectionImpl.java:250)
02-05 10:54:01.540 13474 21719 W System.err: 	at com.estrongs.android.util.u.l(Unknown Source)
02-05 10:54:01.540 13474 21719 W System.err: 	at com.estrongs.android.util.u.a(Unknown Source)
02-05 10:54:01.540 13474 21719 W System.err: 	at com.estrongs.android.util.u$2.run(Unknown Source)
02-05 10:54:09.173  2455  3127 W SettingsProvider: You shouldn't keep your settings in the secure settings. This will soon become an error.
02-05 10:54:17.346  4681  4681 I chatty  : uid=10132 me.zheteng.android.powerstatus:remote expire 37 lines
02-05 10:54:20.292 13474 13474 W Settings: Setting stay_on_while_plugged_in has moved from android.provider.Settings.System to android.provider.Settings.Global, returning read-only value.
02-05 10:54:20.294  2455  2482 E BatteryStatsService: no controller energy info supplied
02-05 10:54:20.326  4681 18449 I chatty  : uid=10132(me.zheteng.android.powerstatus) RxCachedThreadS expire 68 lines
02-05 10:54:20.368  2455  2482 E BatteryStatsService: power: Missing API
02-05 10:54:20.388  2455  2482 E BatteryStatsService: modem info is invalid: ModemActivityInfo{ mTimestamp=0 mSleepTimeMs=0 mIdleTimeMs=0 mTxTimeMs[]=[0, 0, 0, 0, 0] mRxTimeMs=0 mEnergyUsed=0}
02-05 10:54:21.470  2455  2465 I art     : Background partial concurrent mark sweep GC freed 111717(5MB) AllocSpace objects, 12(256KB) LOS objects, 33% free, 22MB/33MB, paused 829us total 134.747ms
02-05 10:54:26.973  3396  5690 I chatty  : uid=10019(com.google.android.gms) Binder:3396_B expire 4 lines
02-05 10:54:26.981 14794 20736 E HttpOperation: [getmobileexperiments] Unexpected exception
02-05 10:54:26.981 14794 20736 E HttpOperation: java.io.IOException: Cannot obtain authentication token
02-05 10:54:26.981 14794 20736 E HttpOperation: 	at tzj.a(PG:84)
02-05 10:54:26.981 14794 20736 E HttpOperation: 	at tyj.o(PG:543)
02-05 10:54:26.981 14794 20736 E HttpOperation: 	at tye.a(PG:1402)
02-05 10:54:26.981 14794 20736 E HttpOperation: 	at tgg.call(PG:1334)
02-05 10:54:26.981 14794 20736 E HttpOperation: 	at java.util.concurrent.FutureTask.run(FutureTask.java:237)
02-05 10:54:26.981 14794 20736 E HttpOperation: 	at java.util.concurrent.ThreadPoolExecutor.runWorker(ThreadPoolExecutor.java:1133)
02-05 10:54:26.981 14794 20736 E HttpOperation: 	at java.util.concurrent.ThreadPoolExecutor$Worker.run(ThreadPoolExecutor.java:607)
02-05 10:54:26.981 14794 20736 E HttpOperation: 	at java.lang.Thread.run(Thread.java:761)
02-05 10:54:26.981 14794 20736 E HttpOperation: Caused by: java.io.IOException: NetworkError
02-05 10:54:26.981 14794 20736 E HttpOperation: 	at oun.a(Unknown Source)
02-05 10:54:26.981 14794 20736 E HttpOperation: 	at oum.a(Unknown Source)
02-05 10:54:26.981 14794 20736 E HttpOperation: 	at oum.b(Unknown Source)
02-05 10:54:26.981 14794 20736 E HttpOperation: 	at oul.c(Unknown Source)
02-05 10:54:26.981 14794 20736 E HttpOperation: 	at oul.a(Unknown Source)
