02-05 10:54:26.981 14794 20736 E HttpOperation: 	at rke.a(PG:22)
02-05 10:54:26.981 14794 20736 E HttpOperation: 	at tzf.a(PG:3067)
02-05 10:54:26.981 14794 20736 E HttpOperation: 	at tzf.a(PG:1104)
02-05 10:54:26.981 14794 20736 E HttpOperation: 	at tzj.a(PG:80)
02-05 10:54:26.981 14794 20736 E HttpOperation: 	... 7 more
02-05 10:54:26.983 14794 20736 E LoginManager: Account update failed
02-05 10:54:26.983 14794 20736 E LoginManager: java.io.IOException: Rpc failed
02-05 10:54:26.983 14794 20736 E LoginManager: 	at tgc.a(PG:581)
02-05 10:54:26.983 14794 20736 E LoginManager: 	at tgg.call(PG:3052)
02-05 10:54:26.983 14794 20736 E LoginManager: 	at java.util.concurrent.FutureTask.run(FutureTask.java:237)
02-05 10:54:26.983 14794 20736 E LoginManager: 	at java.util.concurrent.ThreadPoolExecutor.runWorker(ThreadPoolExecutor.java:1133)
02-05 10:54:26.983 14794 20736 E LoginManager: 	at java.util.concurrent.ThreadPoolExecutor$Worker.run(ThreadPoolExecutor.java:607)
02-05 10:54:26.983 14794 20736 E LoginManager: 	at java.lang.Thread.run(Thread.java:761)
02-05 10:54:26.983 14794 20736 E LoginManager: Caused by: java.io.IOException: Cannot obtain authentication token
02-05 10:54:26.983 14794 20736 E LoginManager: 	at tzj.a(PG:84)
02-05 10:54:26.983 14794 20736 E LoginManager: 	at tyj.o(PG:543)
02-05 10:54:26.983 14794 20736 E LoginManager: 	at tye.a(PG:1402)
02-05 10:54:26.983 14794 20736 E LoginManager: 	at tgg.call(PG:1334)
02-05 10:54:26.983 14794 20736 E LoginManager: 	... 4 more
02-05 10:54:26.983 14794 20736 E LoginManager: Caused by: java.io.IOException: NetworkError
02-05 10:54:26.983 14794 20736 E LoginManager: 	at oun.a(Unknown Source)
02-05 10:54:26.983 14794 20736 E LoginManager: 	at oum.a(Unknown Source)
02-05 10:54:26.983 14794 20736 E LoginManager: 	at oum.b(Unknown Source)
02-05 10:54:26.983 14794 20736 E LoginManager: 	at oul.c(Unknown Source)
02-05 10:54:26.983 14794 20736 E LoginManager: 	at oul.a(Unknown Source)
02-05 10:54:26.983 14794 20736 E LoginManager: 	at rke.a(PG:22)
02-05 10:54:26.983 14794 20736 E LoginManager: 	at tzf.a(PG:3067)
02-05 10:54:26.983 14794 20736 E LoginManager: 	at tzf.a(PG:1104)
02-05 10:54:26.983 14794 20736 E LoginManager: 	at tzj.a(PG:80)
02-05 10:54:26.983 14794 20736 E LoginManager: 	... 7 more
02-05 10:54:27.052  2455  5482 D DnsEventListenerService: Logging 100 results for netId 100
02-05 10:54:41.044  2455  5639 W SettingsProvider: You shouldn't keep your settings in the secure settings. This will soon become an error.
02-05 10:54:53.676  3870 21793 E Finsky  : [219] com.google.android.finsky.verifier.impl.ch.doInBackground(12): Verification id=9 error response com.android.volley.NoConnectionError: org.chromium.net.impl.NetworkExceptionImpl: Exception in CronetUrlRequest: net::ERR_CONNECTION_TIMED_OUT, ErrorCode=6, InternalErrorCode=-118, Retryable=true
02-05 10:54:53.776  3870  3870 E Finsky  : [1] com.google.android.finsky.verifier.impl.bf.a(83): Could not connect to Clearcut: java.lang.IllegalStateException: blockingConnect must not be called on the UI thread
02-05 10:54:54.328  4681 18449 I chatty  : uid=10132(me.zheteng.android.powerstatus) RxCachedThreadS expire 28 lines
02-05 10:54:54.339  4681  4681 I chatty  : uid=10132 me.zheteng.android.powerstatus:remote expire 14 lines
02-05 10:54:58.699  7216  7216 I GrammarCompilationSvcCt: #startService for null, APP_NAMES.
02-05 10:55:01.656  3768  4535 I chatty  : uid=10019(com.google.android.gms) Thread-7 expire 12 lines
02-05 10:55:02.864  2455  2465 I art     : Background partial concurrent mark sweep GC freed 62763(3MB) AllocSpace objects, 1(20KB) LOS objects, 33% free, 21MB/31MB, paused 829us total 116.378ms
02-05 10:55:08.020 21812 21812 D AndroidRuntime: >>>>>> START com.android.internal.os.RuntimeInit uid 2000 <<<<<<
02-05 10:55:08.036 21812 21812 D AndroidRuntime: CheckJNI is OFF
02-05 10:55:08.132 21812 21812 D ICU     : No timezone override file found: /data/misc/zoneinfo/current/icu/icu_tzdata.dat
02-05 10:55:08.180 21812 21812 I Radio-JNI: register_android_hardware_Radio DONE
02-05 10:55:08.201 21812 21812 D AndroidRuntime: Calling main entry com.android.commands.pm.Pm
02-05 10:55:08.225 21812 21812 I art     : System.exit called, status: 0
02-05 10:55:08.225 21812 21812 I AndroidRuntime: VM exiting with result code 0.
02-05 10:55:08.326  4681 18449 I chatty  : uid=10132(me.zheteng.android.powerstatus) RxCachedThreadS expire 48 lines
02-05 10:55:08.336  4681  4681 I chatty  : uid=10132 me.zheteng.android.powerstatus:remote expire 11 lines
02-05 10:55:09.249  2455  5636 W SettingsProvider: You shouldn't keep your settings in the secure settings. This will soon become an error.
02-05 10:55:09.340 21839 21839 D AndroidRuntime: >>>>>> START com.android.internal.os.RuntimeInit uid 2000 <<<<<<
02-05 10:55:09.363 21839 21839 D AndroidRuntime: CheckJNI is OFF
02-05 10:55:09.468 21839 21839 D ICU     : No timezone override file found: /data/misc/zoneinfo/current/icu/icu_tzdata.dat
02-05 10:55:09.533 21839 21839 I Radio-JNI: register_android_hardware_Radio DONE
02-05 10:55:09.565 21839 21839 D AndroidRuntime: Calling main entry com.android.commands.pm.Pm
02-05 10:55:09.585 21839 21839 I art     : System.exit called, status: 0
02-05 10:55:09.585 21839 21839 I AndroidRuntime: VM exiting with result code 0.
02-05 10:55:09.614 21839 21847 W MessageQueue: Handler (android.os.Handler) {1d66e31} sending message to a Handler on a dead thread
02-05 10:55:09.614 21839 21847 W MessageQueue: java.lang.IllegalStateException: Handler (android.os.Handler) {1d66e31} sending message to a Handler on a dead thread
02-05 10:55:09.614 21839 21847 W MessageQueue: 	at android.os.MessageQueue.enqueueMessage(MessageQueue.java:543)
02-05 10:55:09.614 21839 21847 W MessageQueue: 	at android.os.Handler.enqueueMessage(Handler.java:643)
02-05 10:55:09.614 21839 21847 W MessageQueue: 	at android.os.Handler.sendMessageAtTime(Handler.java:612)
02-05 10:55:09.614 21839 21847 W MessageQueue: 	at android.os.Handler.sendMessageDelayed(Handler.java:582)
02-05 10:55:09.614 21839 21847 W MessageQueue: 	at android.os.Handler.post(Handler.java:338)
02-05 10:55:09.614 21839 21847 W MessageQueue: 	at android.os.ResultReceiver$MyResultReceiver.send(ResultReceiver.java:57)
02-05 10:55:09.614 21839 21847 W MessageQueue: 	at com.android.internal.os.IResultReceiver$Stub.onTransact(IResultReceiver.java:58)
02-05 10:55:09.614 21839 21847 W MessageQueue: 	at android.os.Binder.execTransact(Binder.java:565)
02-05 10:55:13.582  2042  2042 I         : free_cache(6436108) avail 2635841536
02-05 10:55:14.157 21855 21855 D AndroidRuntime: >>>>>> START com.android.internal.os.RuntimeInit uid 2000 <<<<<<
02-05 10:55:14.162 21855 21855 D AndroidRuntime: CheckJNI is OFF
02-05 10:55:14.272 21855 21855 D ICU     : No timezone override file found: /data/misc/zoneinfo/current/icu/icu_tzdata.dat
02-05 10:55:14.313 21855 21855 I Radio-JNI: register_android_hardware_Radio DONE
02-05 10:55:14.333 21855 21855 D AndroidRuntime: Calling main entry com.android.commands.wm.Wm
02-05 10:55:14.337 21855 21855 D AndroidRuntime: Shutting down VM
02-05 10:55:16.477  2455  2911 D PackageInstaller: Inherited files: [/data/app/com.example.lee.ffmpegdemo-1/split_lib_dependencies_apk.apk, /data/app/com.example.lee.ffmpegdemo-1/split_lib_slice_0_apk.apk, /data/app/com.example.lee.ffmpegdemo-1/split_lib_slice_1_apk.apk, /data/app/com.example.lee.ffmpegdemo-1/split_lib_slice_2_apk.apk, /data/app/com.example.lee.ffmpegdemo-1/split_lib_slice_3_apk.apk, /data/app/com.example.lee.ffmpegdemo-1/split_lib_slice_4_apk.apk, /data/app/com.example.lee.ffmpegdemo-1/split_lib_slice_5_apk.apk, /data/app/com.example.lee.ffmpegdemo-1/split_lib_slice_6_apk.apk, /data/app/com.example.lee.ffmpegdemo-1/split_lib_slice_7_apk.apk, /data/app/com.example.lee.ffmpegdemo-1/split_lib_slice_8_apk.apk, /data/app/com.example.lee.ffmpegdemo-1/split_lib_slice_9_apk.apk, /data/app/com.example.lee.ffmpegdemo-1/oat/arm/base.odex]
02-05 10:55:16.492  2455  2911 D PackageInstaller: Linked 12 files into /data/app/vmdl209530608.tmp
02-05 10:55:16.749  3870  3870 I Finsky  : [1] com.google.android.finsky.verifier.impl.PackageVerificationReceiver.onReceive(14): Verification requested, id = 10
02-05 10:55:16.773  3870 21879 W Settings: Setting install_non_market_apps has moved from android.provider.Settings.Global to android.provider.Settings.Secure, returning read-only value.
02-05 10:55:16.784  3870 21879 W PackageParser: Unknown element under <manifest>: meta-data at /data/app/vmdl209530608.tmp/base.apk Binary XML file line #15
02-05 10:55:16.955  3870 21879 I Finsky  : [221] com.google.android.finsky.foregroundcoordinator.ForegroundCoordinator.a(9): Task 7 requested foreground
02-05 10:55:16.955  3870 21879 I Finsky  : [221] com.google.android.finsky.foregroundcoordinator.ForegroundCoordinator.a(35): Not entering foreground
02-05 10:55:17.525  3870  3922 E PlayCommon: [133] com.google.android.play.a.h.a(533): Failed to connect to server: java.net.SocketTimeoutException: connect timed out
02-05 10:55:19.009  2455  2938 I WifiHAL : Got channel list with 11 channels
02-05 10:55:19.014  2455  2938 I WifiHAL : Got channel list with 9 channels
02-05 10:55:19.018  2455  2938 I WifiHAL : Got channel list with 0 channels
02-05 10:55:19.018  2455  2938 W WifiHAL : Ignoring invalid attribute type = 37, size = 0
02-05 10:55:19.343  4681  4681 I chatty  : uid=10132 me.zheteng.android.powerstatus:remote expire 13 lines
02-05 10:55:31.793  2455  2496 I PackageManager: Verification timed out for file:///data/app/vmdl209530608.tmp
02-05 10:55:31.794  2455  2496 I PackageManager: Continuing with installation of file:///data/app/vmdl209530608.tmp
02-05 10:55:31.838  2455  2496 W PackageParser: Unknown element under <manifest>: meta-data at /data/app/vmdl209530608.tmp/base.apk Binary XML file line #15
02-05 10:55:31.894  3870  3870 E Finsky  : [1] com.google.android.finsky.verifier.impl.bf.a(83): Could not connect to Clearcut: java.lang.IllegalStateException: blockingConnect must not be called on the UI thread
02-05 10:55:31.896  3870  3870 I Finsky  : [1] com.google.android.finsky.verifier.impl.de.c(115): Verification complete: id=10, package_name=com.example.lee.ffmpegdemo
02-05 10:55:31.908  2455  2479 I ActivityManager: Force stopping com.example.lee.ffmpegdemo appid=10156 user=-1: installPackageLI
02-05 10:55:32.085  2496  2496 W PackageManager: type=1400 audit(0.0:509): avc: denied { read } for name="foreign-dex" dev="dm-0" ino=636513 scontext=u:r:system_server:s0 tcontext=u:object_r:user_profile_data_file:s0 tclass=dir permissive=0
02-05 10:55:32.090  2455  2496 I PackageManager: Package com.example.lee.ffmpegdemo codePath changed from /data/app/com.example.lee.ffmpegdemo-1 to /data/app/com.example.lee.ffmpegdemo-2; Retaining data and using new
02-05 10:55:32.090  2455  2496 W PackageManager: Code path for com.example.lee.ffmpegdemo changing from /data/app/com.example.lee.ffmpegdemo-1 to /data/app/com.example.lee.ffmpegdemo-2
02-05 10:55:32.091  2455  2496 W PackageManager: Resource path for com.example.lee.ffmpegdemo changing from /data/app/com.example.lee.ffmpegdemo-1 to /data/app/com.example.lee.ffmpegdemo-2
02-05 10:55:32.326  4681 18449 I chatty  : uid=10132(me.zheteng.android.powerstatus) RxCachedThreadS expire 40 lines
02-05 10:55:32.427  4681  4681 I chatty  : uid=10132 me.zheteng.android.powerstatus:remote expire 18 lines
02-05 10:55:32.441  2455  2496 I art     : Starting a blocking GC Explicit
02-05 10:55:32.536  2455  2496 I art     : Explicit concurrent mark sweep GC freed 126205(6MB) AllocSpace objects, 23(700KB) LOS objects, 33% free, 21MB/31MB, paused 992us total 93.788ms
02-05 10:55:32.566  2042  2042 E         : Couldn't opendir /data/app/vmdl209530608.tmp: No such file or directory
02-05 10:55:32.569  2455  2496 I ActivityManager: Force stopping com.example.lee.ffmpegdemo appid=10156 user=0: pkg removed
02-05 10:55:32.619  2455  2927 I InputReader: Reconfiguring input devices.  changes=0x00000010
02-05 10:55:32.691  3008  3033 I art     : Background partial concurrent mark sweep GC freed 146969(5MB) AllocSpace objects, 22(616KB) LOS objects, 27% free, 41MB/57MB, paused 8.190ms total 93.475ms
02-05 10:55:32.708  7216  7226 I art     : Background partial concurrent mark sweep GC freed 7113(640KB) AllocSpace objects, 0(0B) LOS objects, 39% free, 12MB/21MB, paused 551us total 124.022ms
02-05 10:55:32.718 14472 14472 D BuaReceiver: ====== got intent:Intent { act=android.intent.action.PACKAGE_REMOVED dat=package:com.example.lee.ffmpegdemo flg=0x4000010 cmp=com.motorola.android.buacontactadapter/.BuaReceiver (has extras) }
02-05 10:55:32.777  2455  2927 I InputReader: Reconfiguring input devices.  changes=0x00000010
02-05 10:55:32.778  7112  7112 D WadlJSBridgePackageInstallReceiver: ##@isQQProcess:YES
02-05 10:55:32.783  7112 14491 I SDKReportManager2: >>postReport enter
02-05 10:55:32.783  7112 14491 I SDKReportManager2: >>postReport type = 9 data = 1517799332||com.example.lee.ffmpegdemo|
02-05 10:55:32.783  7112 14491 I SDKReportManager2: >>postReport exit
02-05 10:55:32.820  2455  2927 I InputReader: Reconfiguring input devices.  changes=0x00000010
02-05 10:55:32.877  3106  3106 D CarrierSvcBindHelper: No carrier app for: 0
02-05 10:55:32.877  3106  3106 D CarrierSvcBindHelper: No carrier app for: 0
02-05 10:55:32.877  3106  3106 D CarrierConfigLoader: mHandler: 9 phoneId: 0
02-05 10:55:32.883  3451  3451 D RegisteredNfcFServicesCache: Service unchanged, not updating
02-05 10:55:33.012 20572 20572 W ContextImpl: Calling a method in the system process without a qualified user: android.app.ContextImpl.startService:1357 android.content.ContextWrapper.startService:613 android.content.ContextWrapper.startService:613 com.android.keychain.KeyChainBroadcastReceiver.onReceive:12 android.app.ActivityThread.handleReceiver:3040 
02-05 10:55:33.241 13474 13484 I art     : Background partial concurrent mark sweep GC freed 196781(10MB) AllocSpace objects, 20(612KB) LOS objects, 16% free, 80MB/96MB, paused 1.890ms total 660.207ms
02-05 10:55:33.283  7112 14496 I SDKReportManager2: >>mPostHandler handleMessage enter
02-05 10:55:33.283  7112 14496 I SDKReportManager2: >>mPostHandler msg = MSG_POST_REPORT
02-05 10:55:33.284  7112 14496 I SDKREPORT: >>sendRequest type = 9 data = 1517799332||com.example.lee.ffmpegdemo|
02-05 10:55:33.284  7112 14496 I ProtocolPackage: enter
02-05 10:55:33.284  7112 14496 I ProtocolPackage: enter
02-05 10:55:33.286  7112 14496 I SelfUpdateSDK: getQQDownloaderAPILevel
02-05 10:55:33.287  7112 14496 I ProtocolPackage: exit
02-05 10:55:33.287  7112 14496 I ProtocolPackage: exit
02-05 10:55:33.287  7112 14496 I StatReportEngine: selfUpdateReport sendStatReportRequest ret = 13
02-05 10:55:33.287  7112 14496 I ProtocolPackage: enter
02-05 10:55:33.287  7112 14496 I ProtocolPackage: encrypt process
02-05 10:55:33.287  7112 14496 I ProtocolPackage: exit
02-05 10:55:33.287  7112 14496 I StatReportEngine: selfUpdateReport sendStatReportRequest
02-05 10:55:33.287  7112 14496 I SDKReportManager2: timelyReport
02-05 10:55:33.287  7112 14496 I SDKReportManager2: >>mPostHandler handleMessage exit
02-05 10:55:33.288  7112 21903 I BaseHttpRequest: halleyTest serverUrl=http://masdk.3g.qq.com/
02-05 10:55:33.347 21891 21891 D AndroidRuntime: >>>>>> START com.android.internal.os.RuntimeInit uid 2000 <<<<<<
02-05 10:55:33.351 21891 21891 D AndroidRuntime: CheckJNI is OFF
02-05 10:55:33.360  7112 21903 I StatReportEngine: errorCode: 0
02-05 10:55:33.360  7112 21903 I ProtocolPackage: enter
02-05 10:55:33.360  7112 21903 I ProtocolPackage: decrypt process
02-05 10:55:33.360  7112 21903 I ProtocolPackage: exit
02-05 10:55:33.360  7112 21903 I SDKReportManager2: >>onStatReportFinish reportLog onReportFinish errorCode = 0
02-05 10:55:33.360  7112 21903 I StatReportEngine: exit
02-05 10:55:33.404 14472 14472 D BuaReceiver: ====== got intent:Intent { act=android.intent.action.PACKAGE_ADDED dat=package:com.example.lee.ffmpegdemo flg=0x4000010 cmp=com.motorola.android.buacontactadapter/.BuaReceiver (has extras) }
02-05 10:55:33.463  3870  3870 I Finsky  : [1] com.google.android.finsky.wear.WearSupportService.onStartCommand(49): Starting WearSupportService for auto_install
02-05 10:55:33.464  3870  3870 I Finsky  : [1] com.google.android.finsky.wear.ak.a(76): Connecting to wearable; initiated by: com.google.android.finsky.wear.WearSupportService
02-05 10:55:33.469 21891 21891 D ICU     : No timezone override file found: /data/misc/zoneinfo/current/icu/icu_tzdata.dat
02-05 10:55:33.478  3870  3870 I Finsky  : [1] com.google.android.finsky.externalreferrer.d.a(67): Package state data is missing for com.example.lee.ffmpegdemo
02-05 10:55:33.495  3870  3870 E Finsky  : [1] com.google.android.finsky.wear.ap.a(3): onConnectionFailed: ConnectionResult{statusCode=API_UNAVAILABLE, resolution=null, message=null}
02-05 10:55:33.496  3870  3870 W Finsky  : [1] com.google.android.finsky.wear.bs.run(12): Dropping command=auto_install due to Gms not connected
02-05 10:55:33.496  3870  3870 I Finsky  : [1] com.google.android.finsky.wear.WearSupportService.b(94): Stopping WearSupportService
02-05 10:55:33.531 21891 21891 I Radio-JNI: register_android_hardware_Radio DONE
02-05 10:55:33.551 21891 21891 D AndroidRuntime: Calling main entry com.android.commands.am.Am
02-05 10:55:33.557  2455  5635 I ActivityManager: START u0 {act=android.intent.action.MAIN cat=[android.intent.category.LAUNCHER] flg=0x10000000 cmp=com.example.lee.ffmpegdemo/.MainActivity} from uid 2000 on display 0
02-05 10:55:33.588 21891 21891 D AndroidRuntime: Shutting down VM
02-05 10:55:33.602  2455  5482 I ActivityManager: Start proc 21925:com.example.lee.ffmpegdemo/u0a156 for activity com.example.lee.ffmpegdemo/.MainActivity
02-05 10:55:33.606 21925 21925 I art     : Late-enabling -Xcheck:jni
02-05 10:55:33.796 19531 19542 W art     : Suspending all threads took: 9.114ms
02-05 10:55:33.861 21925 21925 I InstantRun: starting instant run server: is main process
02-05 10:55:33.969 21925 21925 W art     : Before Android 4.1, method android.graphics.PorterDuffColorFilter android.support.graphics.drawable.VectorDrawableCompat.updateTintFilter(android.graphics.PorterDuffColorFilter, android.content.res.ColorStateList, android.graphics.PorterDuff$Mode) would have incorrectly overridden the package-private method in android.graphics.drawable.Drawable
02-05 10:55:34.117  7216 21946 I UpdateIcingCorporaServi: Updating corpora: APPS=com.example.lee.ffmpegdemo, CONTACTS=MAYBE
02-05 10:55:34.167 21925 21925 E ffmpeg  : lueluelue
02-05 10:55:34.167 21925 21925 E ffmpeg  : yingyingying
02-05 10:55:34.167 21925 21925 E (>_<)   : input:	/storage/emulated/0/hh.mp4
02-05 10:55:34.184 21925 21925 F libc    : Fatal signal 11 (SIGSEGV), code 1, fault addr 0x0 in tid 21925 (.lee.ffmpegdemo)
02-05 10:55:34.185   254   254 W         : debuggerd: handling request: pid=21925 uid=10156 gid=10156 tid=21925
02-05 10:55:34.193  3768 10703 I chatty  : uid=10019(com.google.android.gms) highpool[4] expire 10 lines
02-05 10:55:34.257  3768 21950 I chatty  : uid=10019(com.google.android.gms) expire 2 lines
02-05 10:55:34.396 21948 21948 F DEBUG   : *** *** *** *** *** *** *** *** *** *** *** *** *** *** *** ***
02-05 10:55:34.396 21948 21948 F DEBUG   : Build fingerprint: 'google/shamu/shamu:7.1.1/NGI55D/4298276:user/release-keys'
02-05 10:55:34.396 21948 21948 F DEBUG   : Revision: '0'
02-05 10:55:34.396 21948 21948 F DEBUG   : ABI: 'arm'
02-05 10:55:34.396 21948 21948 F DEBUG   : pid: 21925, tid: 21925, name: .lee.ffmpegdemo  >>> com.example.lee.ffmpegdemo <<<
02-05 10:55:34.396 21948 21948 F DEBUG   : signal 11 (SIGSEGV), code 1 (SEGV_MAPERR), fault addr 0x0
02-05 10:55:34.396 21948 21948 F DEBUG   :     r0 00000000  r1 b3f7b88d  r2 ffffffc2  r3 b3f7b88e
02-05 10:55:34.396 21948 21948 F DEBUG   :     r4 00000040  r5 b4f4558c  r6 0000000d  r7 0000000d
02-05 10:55:34.396 21948 21948 F DEBUG   :     r8 00000000  r9 b2285400  sl be888800  fp b2285400
02-05 10:55:34.396 21948 21948 F DEBUG   :     ip 00000050  sp be888710  lr b3f22281  pc b3f3e076  cpsr 200f0030
02-05 10:55:34.400 21948 21948 F DEBUG   : 
02-05 10:55:34.400 21948 21948 F DEBUG   : backtrace:
02-05 10:55:34.400 21948 21948 F DEBUG   :     #00 pc 0003a076  /system/lib/libc.so (strlcpy+21)
02-05 10:55:34.400 21948 21948 F DEBUG   :     #01 pc 0001e27d  /system/lib/libc.so (strerror_r+64)
02-05 10:55:34.400 21948 21948 F DEBUG   :     #02 pc 00012ca8  /data/app/com.example.lee.ffmpegdemo-2/lib/arm/libavutil-55.so (av_strerror+100)
02-05 10:55:34.402  2455  3324 I ActivityManager: START u0 {flg=0x10800000 cmp=com.estrongs.android.pop/.app.InstallMonitorActivity (has extras)} from uid 10126 on display 0
02-05 10:55:34.633  7216 21946 I UpdateIcingCorporaServi: UpdateCorporaTask done [took 516 ms] updated apps [took 516 ms] 
02-05 10:55:34.890  3768 21941 I chatty  : uid=10019(com.google.android.gms) expire 1 line
02-05 10:55:34.906  2455  2479 W ActivityManager: Activity pause timeout for ActivityRecord{c5f9b8b u0 com.example.lee.ffmpegdemo/.MainActivity t1793}
02-05 10:55:35.060  3008  3008 W asset   : Asset path /data/app/com.example.lee.ffmpegdemo-1/base.apk is neither a directory nor file (type=1).
02-05 10:55:35.060  3008  3008 E ResourcesManager: failed to add asset path /data/app/com.example.lee.ffmpegdemo-1/base.apk
02-05 10:55:35.064  3008  3008 W PackageManager: Failure retrieving resources for com.example.lee.ffmpegdemo
02-05 10:55:35.065  3008  3008 W asset   : Asset path /data/app/com.example.lee.ffmpegdemo-1/base.apk is neither a directory nor file (type=1).
02-05 10:55:35.065  3008  3008 E ResourcesManager: failed to add asset path /data/app/com.example.lee.ffmpegdemo-1/base.apk
02-05 10:55:35.065  3008  3008 W PackageManager: Failure retrieving resources for com.example.lee.ffmpegdemo
02-05 10:55:35.065  3008  3008 W asset   : Asset path /data/app/com.example.lee.ffmpegdemo-1/base.apk is neither a directory nor file (type=1).
02-05 10:55:35.065  3008  3008 E ResourcesManager: failed to add asset path /data/app/com.example.lee.ffmpegdemo-1/base.apk
02-05 10:55:35.065  3008  3008 W PackageManager: Failure retrieving resources for com.example.lee.ffmpegdemo
02-05 10:55:35.484 13474 21974 W System.err: java.io.FileNotFoundException: http://www.estrongs.com/console/service/sample/index.php?source=ESF&country=cn&unique_id=yojfmRG%2BrofYI3TM8gr7Mg==
02-05 10:55:35.484 13474 21974 W System.err: 	at com.android.okhttp.internal.huc.HttpURLConnectionImpl.getInputStream(HttpURLConnectionImpl.java:250)
02-05 10:55:35.484 13474 21974 W System.err: 	at com.estrongs.android.util.u.l(Unknown Source)
02-05 10:55:35.485 13474 21974 W System.err: 	at com.estrongs.android.util.u.a(Unknown Source)
02-05 10:55:35.485 13474 21974 W System.err: 	at com.estrongs.android.util.u$2.run(Unknown Source)
02-05 10:55:35.717  2455 22011 W ActivityManager:   Force finishing activity com.example.lee.ffmpegdemo/.MainActivity
02-05 10:55:35.736  2455  5636 I ActivityManager: Process com.example.lee.ffmpegdemo (pid 21925) has died
02-05 10:55:35.736  2455  5636 D ActivityManager: cleanUpApplicationRecord -- 21925
02-05 10:55:35.744  2455 22012 W DropBoxManagerService: Dropping: data_app_native_crash (949 > 0 bytes)
02-05 10:55:35.766  2038  2038 I Zygote  : Process 21925 exited due to signal (11)
02-05 10:55:35.767   254   254 W         : debuggerd: resuming target 21925
02-05 10:55:35.767   254   254 E         : debuggerd: failed to send signal 18 to target: No such process
02-05 10:55:35.942 13474 22002 W System.err: java.io.FileNotFoundException: http://conf.international.baidu.com/index.php/Sample/getConf?source=ESF&country=cn&unique_id=yojfmRG%2BrofYI3TM8gr7Mg==
02-05 10:55:35.942 13474 22002 W System.err: 	at com.android.okhttp.internal.huc.HttpURLConnectionImpl.getInputStream(HttpURLConnectionImpl.java:250)
02-05 10:55:35.942 13474 22002 W System.err: 	at com.estrongs.android.util.u.l(Unknown Source)
02-05 10:55:35.942 13474 22002 W System.err: 	at com.estrongs.android.util.u.a(Unknown Source)
02-05 10:55:35.942 13474 22002 W System.err: 	at com.estrongs.android.util.u$2.run(Unknown Source)
02-05 10:55:36.367  3473  3569 W OpenGLRenderer: Incorrectly called buildLayer on View: ShortcutAndWidgetContainer, destroying layer...
02-05 10:55:36.367  3473  3569 W OpenGLRenderer: Incorrectly called buildLayer on View: ShortcutAndWidgetContainer, destroying layer...
02-05 10:55:37.438  2455 22011 W ActivityManager: Ignoring remove of inactive process: ProcessRecord{9f2e540 0:com.example.lee.ffmpegdemo/u0a156}
02-05 10:55:37.463  2455  2480 W InputEventReceiver: Attempted to finish an input event but the input event receiver has already been disposed.
02-05 10:55:37.666  2455  2487 W AppOps  : Finishing op nesting under-run: uid 1000 pkg android code 24 time=0 duration=0 nesting=0
02-05 10:55:39.082  3396 21884 I chatty  : uid=10019 com.google.android.gms.persistent expire 1 line
02-05 10:55:41.132  2455  5634 W SettingsProvider: You shouldn't keep your settings in the secure settings. This will soon become an error.
02-05 10:55:49.137  3870 22046 E Finsky  : [222] com.google.android.finsky.verifier.impl.ch.doInBackground(12): Verification id=10 error response com.android.volley.NoConnectionError: org.chromium.net.impl.NetworkExceptionImpl: Exception in CronetUrlRequest: net::ERR_CONNECTION_TIMED_OUT, ErrorCode=6, InternalErrorCode=-118, Retryable=true
02-05 10:55:49.208  3870  3870 E Finsky  : [1] com.google.android.finsky.verifier.impl.bf.a(83): Could not connect to Clearcut: java.lang.IllegalStateException: blockingConnect must not be called on the UI thread
02-05 10:55:50.340  4681  4681 I chatty  : uid=10132 me.zheteng.android.powerstatus:remote expire 44 lines
02-05 10:55:52.329  4681 18449 I chatty  : uid=10132(me.zheteng.android.powerstatus) RxCachedThreadS expire 84 lines
02-05 10:55:57.615  2455  2465 I art     : Background partial concurrent mark sweep GC freed 112492(5MB) AllocSpace objects, 8(160KB) LOS objects, 33% free, 21MB/32MB, paused 873us total 120.454ms
02-05 10:56:00.393  3870  3882 I Finsky  : [126] com.google.android.finsky.contentfilterui.m.a(8): Received content filters request from sharedUserId=com.google.uid.shared:10019
02-05 10:56:02.479  3768  4534 I chatty  : uid=10019(com.google.android.gms) Thread-6 expire 24 lines
02-05 10:56:09.335  2455  3324 W SettingsProvider: You shouldn't keep your settings in the secure settings. This will soon become an error.
02-05 10:56:34.132  7216  7216 I GrammarCompilationSvcCt: #startService for null, APP_NAMES.
02-05 10:56:34.327  4681 18449 I chatty  : uid=10132(me.zheteng.android.powerstatus) RxCachedThreadS expire 93 lines
02-05 10:56:34.335  4681  4681 I chatty  : uid=10132 me.zheteng.android.powerstatus:remote expire 44 lines
02-05 10:56:36.546  2455  2465 I art     : Background partial concurrent mark sweep GC freed 60355(2MB) AllocSpace objects, 0(0B) LOS objects, 33% free, 20MB/31MB, paused 917us total 105.004ms
02-05 10:56:41.213  2455  5638 W SettingsProvider: You shouldn't keep your settings in the secure settings. This will soon become an error.
02-05 10:56:59.235  3396 22104 I chatty  : uid=10019 com.google.android.gms.persistent expire 1 line
02-05 10:57:09.423  2455  2477 W SettingsProvider: You shouldn't keep your settings in the secure settings. This will soon become an error.
02-05 10:57:17.502  2455  2465 I art     : Background partial concurrent mark sweep GC freed 48299(1964KB) AllocSpace objects, 1(20KB) LOS objects, 33% free, 20MB/31MB, paused 1.011ms total 142.425ms
02-05 10:57:18.343  4681  4681 I chatty  : uid=10132 me.zheteng.android.powerstatus:remote expire 15 lines
02-05 10:57:20.328  4681 18449 I chatty  : uid=10132(me.zheteng.android.powerstatus) RxCachedThreadS expire 55 lines
02-05 10:57:27.256  3396  5558 I chatty  : uid=10019(com.google.android.gms) Binder:3396_6 expire 2 lines
02-05 10:57:27.264 14794 20736 E HttpOperation: [getmobileexperiments] Unexpected exception
02-05 10:57:27.264 14794 20736 E HttpOperation: java.io.IOException: Cannot obtain authentication token
02-05 10:57:27.264 14794 20736 E HttpOperation: 	at tzj.a(PG:84)
02-05 10:57:27.264 14794 20736 E HttpOperation: 	at tyj.o(PG:543)
02-05 10:57:27.264 14794 20736 E HttpOperation: 	at tye.a(PG:1402)
02-05 10:57:27.264 14794 20736 E HttpOperation: 	at tgg.call(PG:1334)
02-05 10:57:27.264 14794 20736 E HttpOperation: 	at java.util.concurrent.FutureTask.run(FutureTask.java:237)
02-05 10:57:27.264 14794 20736 E HttpOperation: 	at java.util.concurrent.ThreadPoolExecutor.runWorker(ThreadPoolExecutor.java:1133)
02-05 10:57:27.264 14794 20736 E HttpOperation: 	at java.util.concurrent.ThreadPoolExecutor$Worker.run(ThreadPoolExecutor.java:607)
02-05 10:57:27.264 14794 20736 E HttpOperation: 	at java.lang.Thread.run(Thread.java:761)
02-05 10:57:27.264 14794 20736 E HttpOperation: Caused by: java.io.IOException: NetworkError
02-05 10:57:27.264 14794 20736 E HttpOperation: 	at oun.a(Unknown Source)
02-05 10:57:27.264 14794 20736 E HttpOperation: 	at oum.a(Unknown Source)
02-05 10:57:27.264 14794 20736 E HttpOperation: 	at oum.b(Unknown Source)
02-05 10:57:27.264 14794 20736 E HttpOperation: 	at oul.c(Unknown Source)
02-05 10:57:27.264 14794 20736 E HttpOperation: 	at oul.a(Unknown Source)
02-05 10:57:27.264 14794 20736 E HttpOperation: 	at rke.a(PG:22)
02-05 10:57:27.264 14794 20736 E HttpOperation: 	at tzf.a(PG:3067)
02-05 10:57:27.264 14794 20736 E HttpOperation: 	at tzf.a(PG:1104)
02-05 10:57:27.264 14794 20736 E HttpOperation: 	at tzj.a(PG:80)
02-05 10:57:27.264 14794 20736 E HttpOperation: 	... 7 more
02-05 10:57:27.267 14794 20736 E LoginManager: Account update failed
02-05 10:57:27.267 14794 20736 E LoginManager: java.io.IOException: Rpc failed
02-05 10:57:27.267 14794 20736 E LoginManager: 	at tgc.a(PG:581)
02-05 10:57:27.267 14794 20736 E LoginManager: 	at tgg.call(PG:3052)
02-05 10:57:27.267 14794 20736 E LoginManager: 	at java.util.concurrent.FutureTask.run(FutureTask.java:237)
02-05 10:57:27.267 14794 20736 E LoginManager: 	at java.util.concurrent.ThreadPoolExecutor.runWorker(ThreadPoolExecutor.java:1133)
02-05 10:57:27.267 14794 20736 E LoginManager: 	at java.util.concurrent.ThreadPoolExecutor$Worker.run(ThreadPoolExecutor.java:607)
02-05 10:57:27.267 14794 20736 E LoginManager: 	at java.lang.Thread.run(Thread.java:761)
02-05 10:57:27.267 14794 20736 E LoginManager: Caused by: java.io.IOException: Cannot obtain authentication token
02-05 10:57:27.267 14794 20736 E LoginManager: 	at tzj.a(PG:84)
02-05 10:57:27.267 14794 20736 E LoginManager: 	at tyj.o(PG:543)
02-05 10:57:27.267 14794 20736 E LoginManager: 	at tye.a(PG:1402)
02-05 10:57:27.267 14794 20736 E LoginManager: 	at tgg.call(PG:1334)
02-05 10:57:27.267 14794 20736 E LoginManager: 	... 4 more
02-05 10:57:27.267 14794 20736 E LoginManager: Caused by: java.io.IOException: NetworkError
02-05 10:57:27.267 14794 20736 E LoginManager: 	at oun.a(Unknown Source)
02-05 10:57:27.267 14794 20736 E LoginManager: 	at oum.a(Unknown Source)
02-05 10:57:27.267 14794 20736 E LoginManager: 	at oum.b(Unknown Source)
02-05 10:57:27.267 14794 20736 E LoginManager: 	at oul.c(Unknown Source)
02-05 10:57:27.267 14794 20736 E LoginManager: 	at oul.a(Unknown Source)
02-05 10:57:27.267 14794 20736 E LoginManager: 	at rke.a(PG:22)
02-05 10:57:27.267 14794 20736 E LoginManager: 	at tzf.a(PG:3067)
02-05 10:57:27.267 14794 20736 E LoginManager: 	at tzf.a(PG:1104)
02-05 10:57:27.267 14794 20736 E LoginManager: 	at tzj.a(PG:80)
02-05 10:57:27.267 14794 20736 E LoginManager: 	... 7 more
02-05 10:57:28.915 20403 20436 I PlayCommon: [828] PlayEventLogger.uploadEventsImpl: Preparing logs for uploading
02-05 10:57:28.917 20403 20436 I PlayCommon: [828] PlayEventLogger.uploadEventsImpl: No file ready to send
02-05 10:57:33.345  4681  4681 I chatty  : uid=10132 me.zheteng.android.powerstatus:remote expire 23 lines
02-05 10:57:36.471  2455  2482 E BatteryStatsService: no controller energy info supplied
02-05 10:57:36.472 13474 13474 W Settings: Setting stay_on_while_plugged_in has moved from android.provider.Settings.System to android.provider.Settings.Global, returning read-only value.
02-05 10:57:36.545  2455  2482 E BatteryStatsService: power: Missing API
02-05 10:57:36.563  2455  2482 E BatteryStatsService: modem info is invalid: ModemActivityInfo{ mTimestamp=0 mSleepTimeMs=0 mIdleTimeMs=0 mTxTimeMs[]=[0, 0, 0, 0, 0] mRxTimeMs=0 mEnergyUsed=0}
02-05 10:57:36.869  2455  2482 E BatteryStatsService: no controller energy info supplied
02-05 10:57:36.963  2455  2482 E BatteryStatsService: modem info is invalid: ModemActivityInfo{ mTimestamp=0 mSleepTimeMs=0 mIdleTimeMs=0 mTxTimeMs[]=[0, 0, 0, 0, 0] mRxTimeMs=0 mEnergyUsed=0}
02-05 10:57:40.253  2455 21449 W ActivityManager: Ignoring remove of inactive process: ProcessRecord{c2f1eef 0:com.example.lee.ffmpegdemo/u0a156}
02-05 10:57:40.524  2455  2487 W AppOps  : Finishing op nesting under-run: uid 1000 pkg android code 24 time=0 duration=0 nesting=0
02-05 10:57:41.306  2455  2950 W SettingsProvider: You shouldn't keep your settings in the secure settings. This will soon become an error.
02-05 10:57:48.327  4681 18449 I chatty  : uid=10132(me.zheteng.android.powerstatus) RxCachedThreadS expire 44 lines
02-05 10:57:55.958  3870  3870 I Finsky  : [1] com.google.android.finsky.l.c.a(23): Completed 1 account content syncs with 0 successful.
02-05 10:57:55.966  3870  3870 I Finsky  : [1] com.google.android.finsky.ac.c.a(7): Installation state replication failed.
02-05 10:57:55.968  3870  3870 I Finsky  : [1] com.google.android.finsky.ac.c.a(14): Scheduling replication attempt 2.
02-05 10:57:55.972  3870  3870 I Finsky  : [1] com.google.android.finsky.scheduler.ah.b(12): jobFinished: 1 12
02-05 10:57:55.972  3870  3870 I Finsky  : [1] com.google.android.finsky.scheduler.m.a(186): Job 1 (12) finished
02-05 10:57:55.976  3870  3870 I Finsky  : [1] com.google.android.finsky.scheduler.m.a(161): RunningQueue size: 0
02-05 10:57:55.977  3870  3870 I Finsky  : [1] com.google.android.finsky.scheduler.m.a(162): PendingQueue size: 0
02-05 10:57:55.978  3870  3870 I Finsky  : [1] com.google.android.finsky.scheduler.r.handleMessage(200): Executor finished
02-05 10:57:56.009  3870  3870 I Finsky  : [1] com.google.android.finsky.scheduler.JobSchedulerEngine.a(37): Scheduling job with id: 9001
02-05 10:57:56.032  3396 22130 I chatty  : uid=10019 com.google.android.gms.persistent expire 1 line
02-05 10:57:56.386  4681  4681 I chatty  : uid=10132 me.zheteng.android.powerstatus:remote expire 14 lines
02-05 10:57:58.176 22132 22132 D AndroidRuntime: >>>>>> START com.android.internal.os.RuntimeInit uid 2000 <<<<<<
02-05 10:57:58.181 22132 22132 D AndroidRuntime: CheckJNI is OFF
02-05 10:57:58.277 22132 22132 D ICU     : No timezone override file found: /data/misc/zoneinfo/current/icu/icu_tzdata.dat
02-05 10:57:58.341 22132 22132 I Radio-JNI: register_android_hardware_Radio DONE
02-05 10:57:58.365 22132 22132 D AndroidRuntime: Calling main entry com.android.commands.pm.Pm
02-05 10:57:58.378 22132 22132 I art     : System.exit called, status: 0
02-05 10:57:58.378 22132 22132 I AndroidRuntime: VM exiting with result code 0.
02-05 10:57:58.394 22132 22140 W MessageQueue: Handler (android.os.Handler) {80a3c7e} sending message to a Handler on a dead thread
02-05 10:57:58.394 22132 22140 W MessageQueue: java.lang.IllegalStateException: Handler (android.os.Handler) {80a3c7e} sending message to a Handler on a dead thread
02-05 10:57:58.394 22132 22140 W MessageQueue: 	at android.os.MessageQueue.enqueueMessage(MessageQueue.java:543)
02-05 10:57:58.394 22132 22140 W MessageQueue: 	at android.os.Handler.enqueueMessage(Handler.java:643)
02-05 10:57:58.394 22132 22140 W MessageQueue: 	at android.os.Handler.sendMessageAtTime(Handler.java:612)
02-05 10:57:58.394 22132 22140 W MessageQueue: 	at android.os.Handler.sendMessageDelayed(Handler.java:582)
02-05 10:57:58.394 22132 22140 W MessageQueue: 	at android.os.Handler.post(Handler.java:338)
02-05 10:57:58.394 22132 22140 W MessageQueue: 	at android.os.ResultReceiver$MyResultReceiver.send(ResultReceiver.java:57)
02-05 10:57:58.394 22132 22140 W MessageQueue: 	at com.android.internal.os.IResultReceiver$Stub.onTransact(IResultReceiver.java:58)
02-05 10:57:58.394 22132 22140 W MessageQueue: 	at android.os.Binder.execTransact(Binder.java:565)
02-05 10:57:59.257  3894  4022 D MSF.C.NetConnTag: pa ok: 70513
02-05 10:57:59.258  3894  4022 D MSF.C.NetConnTag: netSend ssoSeq:70513 uin:*0344 cmd:GTcxIAkuJnQZKj0kNj0CPz4 70596 b4fcd87
02-05 10:57:59.259  3894  4038 D MSF.C.MonitorNetFlowStore: MonitorWriteDataThread Enter
02-05 10:57:59.271  2455  2938 I WifiHAL : Got channel list with 11 channels
02-05 10:57:59.272  2455  2938 I WifiHAL : Got channel list with 9 channels
02-05 10:57:59.273  2455  2938 I WifiHAL : Got channel list with 0 channels
02-05 10:57:59.273  2455  2938 W WifiHAL : Ignoring invalid attribute type = 37, size = 0
02-05 10:57:59.298  3894  4022 D MSF.C.NetConnTag: pa ok: 70514
02-05 10:57:59.298  3894  4022 D MSF.C.NetConnTag: netSend ssoSeq:70514 uin:0 cmd:AiYxJi46IDs+bRE4My4g 70656 b4fcd87
02-05 10:57:59.299  3894  4038 D MSF.C.MonitorNetFlowStore: write data lenth : 928 | read data lenth : 436, has been stored.
02-05 10:57:59.300  3894  4038 D MSF.C.MonitorNetFlowStore: MonitorWriteDataThread End takeTimes=41
02-05 10:57:59.300  3894  4038 D MSF.C.MonitorNetFlowStore: MonitorWriteDataThread Enter
02-05 10:57:59.310  3894  4038 D MSF.C.MonitorNetFlowStore: write data lenth : 225 | read data lenth : 0, has been stored.
02-05 10:57:59.310  3894  4038 D MSF.C.MonitorNetFlowStore: MonitorWriteDataThread End takeTimes=10
02-05 10:57:59.319  3894  4035 D MSF.C.NetConnTag: netRecv ssoSeq:70513 uin:*0344 cmd:GTcxIAkuJnQZKj0kNj0CPz4 70624 cross:0
02-05 10:57:59.366  3894  4035 D MSF.C.NetConnTag: netRecv ssoSeq:70514 uin:0 cmd:AiYxJi46IDs+bRE4My4g 70580 cross:0
02-05 10:57:59.680 22152 22152 D AndroidRuntime: >>>>>> START com.android.internal.os.RuntimeInit uid 2000 <<<<<<
02-05 10:57:59.685 22152 22152 D AndroidRuntime: CheckJNI is OFF
02-05 10:57:59.781 22152 22152 D ICU     : No timezone override file found: /data/misc/zoneinfo/current/icu/icu_tzdata.dat
02-05 10:57:59.791  3768 10893 I chatty  : uid=10019(com.google.android.gms) PlayEventLogger expire 10 lines
02-05 10:57:59.830 22152 22152 I Radio-JNI: register_android_hardware_Radio DONE
02-05 10:57:59.851 22152 22152 D AndroidRuntime: Calling main entry com.android.commands.pm.Pm
02-05 10:57:59.866 22152 22152 I art     : System.exit called, status: 0
02-05 10:57:59.866 22152 22152 I AndroidRuntime: VM exiting with result code 0.
02-05 10:58:08.253  3396  3709 I chatty  : uid=10019(com.google.android.gms) CMEventHandler expire 10 lines
02-05 10:58:08.502 20272 20284 I chatty  : uid=10019 com.google.android.gms.unstable expire 7 lines
02-05 10:58:09.467  2455  5482 W SettingsProvider: You shouldn't keep your settings in the secure settings. This will soon become an error.
02-05 10:58:09.828  3870 14185 I PlayCommon: [186] com.google.android.play.a.h.e(262): Preparing logs for uploading
02-05 10:58:09.834  3870 14185 I PlayCommon: [186] com.google.android.play.a.h.e(266): No file ready to send
02-05 10:58:10.328  4681 18449 I chatty  : uid=10132(me.zheteng.android.powerstatus) RxCachedThreadS expire 43 lines
02-05 10:58:10.343  4681  4681 I chatty  : uid=10132 me.zheteng.android.powerstatus:remote expire 15 lines
02-05 10:58:14.018 22174 22174 D AndroidRuntime: >>>>>> START com.android.internal.os.RuntimeInit uid 2000 <<<<<<
02-05 10:58:14.024 22174 22174 D AndroidRuntime: CheckJNI is OFF
02-05 10:58:14.119 22174 22174 D ICU     : No timezone override file found: /data/misc/zoneinfo/current/icu/icu_tzdata.dat
02-05 10:58:14.168 22174 22174 I Radio-JNI: register_android_hardware_Radio DONE
02-05 10:58:14.190 22174 22174 D AndroidRuntime: Calling main entry com.android.commands.pm.Pm
02-05 10:58:14.209 22174 22174 I art     : System.exit called, status: 0
02-05 10:58:14.209 22174 22174 I AndroidRuntime: VM exiting with result code 0.
02-05 10:58:14.233 22174 22182 W MessageQueue: Handler (android.os.Handler) {b5f6cce} sending message to a Handler on a dead thread
02-05 10:58:14.233 22174 22182 W MessageQueue: java.lang.IllegalStateException: Handler (android.os.Handler) {b5f6cce} sending message to a Handler on a dead thread
02-05 10:58:14.233 22174 22182 W MessageQueue: 	at android.os.MessageQueue.enqueueMessage(MessageQueue.java:543)
02-05 10:58:14.233 22174 22182 W MessageQueue: 	at android.os.Handler.enqueueMessage(Handler.java:643)
02-05 10:58:14.233 22174 22182 W MessageQueue: 	at android.os.Handler.sendMessageAtTime(Handler.java:612)
02-05 10:58:14.233 22174 22182 W MessageQueue: 	at android.os.Handler.sendMessageDelayed(Handler.java:582)
02-05 10:58:14.233 22174 22182 W MessageQueue: 	at android.os.Handler.post(Handler.java:338)
02-05 10:58:14.233 22174 22182 W MessageQueue: 	at android.os.ResultReceiver$MyResultReceiver.send(ResultReceiver.java:57)
02-05 10:58:14.233 22174 22182 W MessageQueue: 	at com.android.internal.os.IResultReceiver$Stub.onTransact(IResultReceiver.java:58)
02-05 10:58:14.233 22174 22182 W MessageQueue: 	at android.os.Binder.execTransact(Binder.java:565)
02-05 10:58:16.762 22193 22193 D AndroidRuntime: >>>>>> START com.android.internal.os.RuntimeInit uid 2000 <<<<<<
02-05 10:58:16.767 22193 22193 D AndroidRuntime: CheckJNI is OFF
02-05 10:58:16.864 22193 22193 D ICU     : No timezone override file found: /data/misc/zoneinfo/current/icu/icu_tzdata.dat
02-05 10:58:16.909 22193 22193 I Radio-JNI: register_android_hardware_Radio DONE
02-05 10:58:16.932 22193 22193 D AndroidRuntime: Calling main entry com.android.commands.pm.Pm
02-05 10:58:16.950 22193 22193 I art     : System.exit called, status: 0
02-05 10:58:16.950 22193 22193 I AndroidRuntime: VM exiting with result code 0.
02-05 10:58:19.351  3396 22154 I chatty  : uid=10019 com.google.android.gms.persistent expire 1 line
02-05 10:58:19.359  3396  3787 I chatty  : uid=10019(com.google.android.gms) highpool[1] expire 6 lines
02-05 10:58:19.488  2042  2042 I         : free_cache(6444464) avail 2635821056
02-05 10:58:20.048 22206 22206 D AndroidRuntime: >>>>>> START com.android.internal.os.RuntimeInit uid 2000 <<<<<<
02-05 10:58:20.069 22206 22206 D AndroidRuntime: CheckJNI is OFF
02-05 10:58:20.181 22206 22206 D ICU     : No timezone override file found: /data/misc/zoneinfo/current/icu/icu_tzdata.dat
02-05 10:58:20.228 22206 22206 I Radio-JNI: register_android_hardware_Radio DONE
02-05 10:58:20.249 22206 22206 D AndroidRuntime: Calling main entry com.android.commands.wm.Wm
02-05 10:58:20.262 22206 22206 D AndroidRuntime: Shutting down VM
02-05 10:58:24.155  2455  2911 D PackageInstaller: Inherited files: [/data/app/com.example.lee.ffmpegdemo-2/split_lib_dependencies_apk.apk, /data/app/com.example.lee.ffmpegdemo-2/split_lib_slice_0_apk.apk, /data/app/com.example.lee.ffmpegdemo-2/split_lib_slice_1_apk.apk, /data/app/com.example.lee.ffmpegdemo-2/split_lib_slice_2_apk.apk, /data/app/com.example.lee.ffmpegdemo-2/split_lib_slice_3_apk.apk, /data/app/com.example.lee.ffmpegdemo-2/split_lib_slice_4_apk.apk, /data/app/com.example.lee.ffmpegdemo-2/split_lib_slice_5_apk.apk, /data/app/com.example.lee.ffmpegdemo-2/split_lib_slice_6_apk.apk, /data/app/com.example.lee.ffmpegdemo-2/split_lib_slice_7_apk.apk, /data/app/com.example.lee.ffmpegdemo-2/split_lib_slice_8_apk.apk, /data/app/com.example.lee.ffmpegdemo-2/split_lib_slice_9_apk.apk, /data/app/com.example.lee.ffmpegdemo-2/oat/arm/base.odex]
02-05 10:58:24.160  2455  2911 D PackageInstaller: Linked 12 files into /data/app/vmdl765407975.tmp
02-05 10:58:24.394  3870  3870 I Finsky  : [1] com.google.android.finsky.verifier.impl.PackageVerificationReceiver.onReceive(14): Verification requested, id = 11
02-05 10:58:24.414  3870 22237 W Settings: Setting install_non_market_apps has moved from android.provider.Settings.Global to android.provider.Settings.Secure, returning read-only value.
02-05 10:58:24.426  3870 22237 W PackageParser: Unknown element under <manifest>: meta-data at /data/app/vmdl765407975.tmp/base.apk Binary XML file line #15
02-05 10:58:24.650  3870 22237 I Finsky  : [224] com.google.android.finsky.foregroundcoordinator.ForegroundCoordinator.a(9): Task 7 requested foreground
02-05 10:58:24.652  3870 22237 I Finsky  : [224] com.google.android.finsky.foregroundcoordinator.ForegroundCoordinator.a(35): Not entering foreground
02-05 10:58:25.343  4681  4681 I chatty  : uid=10132 me.zheteng.android.powerstatus:remote expire 31 lines
02-05 10:58:31.329  4681 18449 I chatty  : uid=10132(me.zheteng.android.powerstatus) RxCachedThreadS expire 35 lines
02-05 10:58:39.437  2455  2496 I PackageManager: Verification timed out for file:///data/app/vmdl765407975.tmp
02-05 10:58:39.438  2455  2496 I PackageManager: Continuing with installation of file:///data/app/vmdl765407975.tmp
02-05 10:58:39.469  3870  3870 E Finsky  : [1] com.google.android.finsky.verifier.impl.bf.a(83): Could not connect to Clearcut: java.lang.IllegalStateException: blockingConnect must not be called on the UI thread
02-05 10:58:39.477  3870  3870 I Finsky  : [1] com.google.android.finsky.verifier.impl.de.c(115): Verification complete: id=11, package_name=com.example.lee.ffmpegdemo
02-05 10:58:39.491  2455  2496 W PackageParser: Unknown element under <manifest>: meta-data at /data/app/vmdl765407975.tmp/base.apk Binary XML file line #15
02-05 10:58:39.546  2455  2479 I ActivityManager: Force stopping com.example.lee.ffmpegdemo appid=10156 user=-1: installPackageLI
02-05 10:58:39.802  2496  2496 W PackageManager: type=1400 audit(0.0:510): avc: denied { read } for name="foreign-dex" dev="dm-0" ino=636513 scontext=u:r:system_server:s0 tcontext=u:object_r:user_profile_data_file:s0 tclass=dir permissive=0
02-05 10:58:39.807  2455  2496 I PackageManager: Package com.example.lee.ffmpegdemo codePath changed from /data/app/com.example.lee.ffmpegdemo-2 to /data/app/com.example.lee.ffmpegdemo-1; Retaining data and using new
02-05 10:58:39.808  2455  2496 W PackageManager: Code path for com.example.lee.ffmpegdemo changing from /data/app/com.example.lee.ffmpegdemo-2 to /data/app/com.example.lee.ffmpegdemo-1
02-05 10:58:39.809  2455  2496 W PackageManager: Resource path for com.example.lee.ffmpegdemo changing from /data/app/com.example.lee.ffmpegdemo-2 to /data/app/com.example.lee.ffmpegdemo-1
02-05 10:58:40.345  2455  2496 I art     : Starting a blocking GC Explicit
02-05 10:58:40.447  2455  2496 I art     : Explicit concurrent mark sweep GC freed 137581(7MB) AllocSpace objects, 25(740KB) LOS objects, 33% free, 21MB/31MB, paused 920us total 100.373ms
02-05 10:58:40.482  2042  2042 E         : Couldn't opendir /data/app/vmdl765407975.tmp: No such file or directory
02-05 10:58:40.488  2455  2496 I ActivityManager: Force stopping com.example.lee.ffmpegdemo appid=10156 user=0: pkg removed
02-05 10:58:40.521  2455  2927 I InputReader: Reconfiguring input devices.  changes=0x00000010
02-05 10:58:40.540 14472 14472 D BuaReceiver: ====== got intent:Intent { act=android.intent.action.PACKAGE_REMOVED dat=package:com.example.lee.ffmpegdemo flg=0x4000010 cmp=com.motorola.android.buacontactadapter/.BuaReceiver (has extras) }
02-05 10:58:40.610  2455  2927 I InputReader: Reconfiguring input devices.  changes=0x00000010
02-05 10:58:40.615  7112  7112 D WadlJSBridgePackageInstallReceiver: ##@isQQProcess:YES
02-05 10:58:40.621  7112 14491 I SDKReportManager2: >>postReport enter
02-05 10:58:40.621  7112 14491 I SDKReportManager2: >>postReport type = 9 data = 1517799520||com.example.lee.ffmpegdemo|
02-05 10:58:40.622  7112 14491 I SDKReportManager2: >>postReport exit
02-05 10:58:40.650  2455  2927 I InputReader: Reconfiguring input devices.  changes=0x00000010
02-05 10:58:40.682  3106  3106 D CarrierSvcBindHelper: No carrier app for: 0
02-05 10:58:40.682  3106  3106 D CarrierSvcBindHelper: No carrier app for: 0
02-05 10:58:40.682  3106  3106 D CarrierConfigLoader: mHandler: 9 phoneId: 0
02-05 10:58:40.794  3451  3451 D RegisteredNfcFServicesCache: Service unchanged, not updating
02-05 10:58:40.795 20572 20572 W ContextImpl: Calling a method in the system process without a qualified user: android.app.ContextImpl.startService:1357 android.content.ContextWrapper.startService:613 android.content.ContextWrapper.startService:613 com.android.keychain.KeyChainBroadcastReceiver.onReceive:12 android.app.ActivityThread.handleReceiver:3040 
02-05 10:58:40.981 13474 13484 I art     : Background partial concurrent mark sweep GC freed 193400(10MB) AllocSpace objects, 22(652KB) LOS objects, 16% free, 80MB/96MB, paused 2.028ms total 483.174ms
02-05 10:58:41.122  7112 14496 I SDKReportManager2: >>mPostHandler handleMessage enter
02-05 10:58:41.122  7112 14496 I SDKReportManager2: >>mPostHandler msg = MSG_POST_REPORT
02-05 10:58:41.122  7112 14496 I SDKREPORT: >>sendRequest type = 9 data = 1517799520||com.example.lee.ffmpegdemo|
02-05 10:58:41.122  7112 14496 I ProtocolPackage: enter
02-05 10:58:41.122  7112 14496 I ProtocolPackage: enter
02-05 10:58:41.126  7112 14496 I SelfUpdateSDK: getQQDownloaderAPILevel
02-05 10:58:41.127  7112 14496 I ProtocolPackage: exit
02-05 10:58:41.127  7112 14496 I ProtocolPackage: exit
02-05 10:58:41.127  7112 14496 I StatReportEngine: selfUpdateReport sendStatReportRequest ret = 14
02-05 10:58:41.127  7112 14496 I ProtocolPackage: enter
02-05 10:58:41.128  7112 14496 I ProtocolPackage: encrypt process
02-05 10:58:41.128  7112 14496 I ProtocolPackage: exit
02-05 10:58:41.128  7112 14496 I StatReportEngine: selfUpdateReport sendStatReportRequest
02-05 10:58:41.128  7112 14496 I SDKReportManager2: timelyReport
02-05 10:58:41.128  7112 14496 I SDKReportManager2: >>mPostHandler handleMessage exit
02-05 10:58:41.131  7112 22266 I BaseHttpRequest: halleyTest serverUrl=http://masdk.3g.qq.com/
