02-05 11:01:46.602 13474 22793 W System.err: 	at com.android.okhttp.internal.huc.HttpURLConnectionImpl.getInputStream(HttpURLConnectionImpl.java:250)
02-05 11:01:46.602 13474 22793 W System.err: 	at com.estrongs.android.util.u.l(Unknown Source)
02-05 11:01:46.602 13474 22793 W System.err: 	at com.estrongs.android.util.u.a(Unknown Source)
02-05 11:01:46.602 13474 22793 W System.err: 	at com.estrongs.android.util.u$2.run(Unknown Source)
02-05 11:01:46.948  2455  5489 W ActivityManager: Unable to start service Intent { cmp=com.oasisfeng.greenify/.notification.gadget.NotificationService (has extras) } U=0: not found
02-05 11:01:47.090 13474 22890 W System.err: java.io.FileNotFoundException: http://conf.international.baidu.com/index.php/Sample/getConf?source=ESF&country=cn&unique_id=yojfmRG%2BrofYI3TM8gr7Mg==
02-05 11:01:47.090 13474 22890 W System.err: 	at com.android.okhttp.internal.huc.HttpURLConnectionImpl.getInputStream(HttpURLConnectionImpl.java:250)
02-05 11:01:47.090 13474 22890 W System.err: 	at com.estrongs.android.util.u.l(Unknown Source)
02-05 11:01:47.090 13474 22890 W System.err: 	at com.estrongs.android.util.u.a(Unknown Source)
02-05 11:01:47.090 13474 22890 W System.err: 	at com.estrongs.android.util.u$2.run(Unknown Source)
02-05 11:01:47.455   254   254 W         : debuggerd: resuming target 22851
02-05 11:01:47.457  2455 22892 W ActivityManager:   Force finishing activity com.example.lee.ffmpegdemo/.MainActivity
02-05 11:01:47.469  2455 22893 W DropBoxManagerService: Dropping: data_app_native_crash (962 > 0 bytes)
02-05 11:01:47.471   289   289 E lowmemorykiller: Error writing /proc/22851/oom_score_adj; errno=22
02-05 11:01:47.506  2455 18637 I ActivityManager: Process com.example.lee.ffmpegdemo (pid 22851) has died
02-05 11:01:47.506  2455 18637 D ActivityManager: cleanUpApplicationRecord -- 22851
02-05 11:01:47.508  2038  2038 I Zygote  : Process 22851 exited due to signal (11)
02-05 11:01:47.554  2455 14641 I OpenGLRenderer: Initialized EGL, version 1.4
02-05 11:01:47.554  2455 14641 D OpenGLRenderer: Swap behavior 1
02-05 11:01:47.567  7216  7216 I MicroDetector: Keeping mic open: false
02-05 11:01:47.567  7216 22819 I DeviceStateChecker: DeviceStateChecker cancelled
02-05 11:01:47.567  7216 22566 I AudioController: internalShutdown
02-05 11:01:47.568  7216 22566 I MicrophoneInputStream: mic_close com.google.android.apps.gsa.speech.audio.ae@af21086
02-05 11:01:47.568  7216  7254 I MicroRecognitionRunner: Stopping hotword detection.
02-05 11:01:47.618  2039 22822 D audio_hw_primary: disable_audio_route: usecase(8) reset and update mixer path: audio-record
02-05 11:01:47.619  2039 22822 D audio_hw_primary: disable_snd_device: snd_device(63: voice-rec-mic)
02-05 11:01:47.633  2039  2310 I SoundTriggerHwService::Module: void android::SoundTriggerHwService::Module::onCallbackEvent(const sp<android::SoundTriggerHwService::CallbackEvent> &) mClient == 0
02-05 11:01:47.636  7216 22820 I MicroRecognitionRunner: Detection finished
02-05 11:01:48.086  3473  3569 W OpenGLRenderer: Incorrectly called buildLayer on View: ShortcutAndWidgetContainer, destroying layer...
02-05 11:01:48.086  3473  3569 W OpenGLRenderer: Incorrectly called buildLayer on View: ShortcutAndWidgetContainer, destroying layer...
02-05 11:02:04.490  2455  2465 I art     : Background partial concurrent mark sweep GC freed 116517(5MB) AllocSpace objects, 9(180KB) LOS objects, 33% free, 21MB/32MB, paused 1.060ms total 139.122ms
02-05 11:02:09.727  2455  5639 W SettingsProvider: You shouldn't keep your settings in the secure settings. This will soon become an error.
02-05 11:02:11.329  4681 18449 I chatty  : uid=10132(me.zheteng.android.powerstatus) RxCachedThreadS expire 36 lines
02-05 11:02:29.020 20403 20436 I PlayCommon: [828] PlayEventLogger.uploadEventsImpl: Preparing logs for uploading
02-05 11:02:29.024 20403 20436 I PlayCommon: [828] PlayEventLogger.uploadEventsImpl: No file ready to send
02-05 11:02:29.327  4681 18449 I chatty  : uid=10132(me.zheteng.android.powerstatus) RxCachedThreadS expire 32 lines
02-05 11:02:29.341  4681  4681 I chatty  : uid=10132 me.zheteng.android.powerstatus:remote expire 16 lines
02-05 11:02:29.564  3894  4022 D MSF.C.NetConnTag: pa ok: 70519
02-05 11:02:29.566  3894  4022 D MSF.C.NetConnTag: netSend ssoSeq:70519 uin:*0344 cmd:GTcxIAkuJnQZKj0kNj0CPz4 70602 b4fcd87
02-05 11:02:29.620  3894  4035 D MSF.C.NetConnTag: netRecv ssoSeq:70519 uin:*0344 cmd:GTcxIAkuJnQZKj0kNj0CPz4 70630 cross:0
02-05 11:02:37.469  2455  2465 I art     : Background partial concurrent mark sweep GC freed 49681(2MB) AllocSpace objects, 0(0B) LOS objects, 33% free, 21MB/31MB, paused 821us total 119.455ms
02-05 11:02:41.793  2455  5634 W SettingsProvider: You shouldn't keep your settings in the secure settings. This will soon become an error.
02-05 11:02:44.573  7216  7216 I GrammarCompilationSvcCt: #startService for null, APP_NAMES.
02-05 11:02:45.329  4681 18449 I chatty  : uid=10132(me.zheteng.android.powerstatus) RxCachedThreadS expire 74 lines
02-05 11:02:45.342  4681  4681 I chatty  : uid=10132 me.zheteng.android.powerstatus:remote expire 25 lines
02-05 11:02:49.728  3396 22931 I chatty  : uid=10019 com.google.android.gms.persistent expire 1 line
02-05 11:03:09.781  2455  3330 W SettingsProvider: You shouldn't keep your settings in the secure settings. This will soon become an error.
02-05 11:03:09.932  3870 14185 I PlayCommon: [186] com.google.android.play.a.h.e(262): Preparing logs for uploading
02-05 11:03:09.933  3870 14185 I PlayCommon: [186] com.google.android.play.a.h.e(266): No file ready to send
02-05 11:03:10.336  4681  4681 I chatty  : uid=10132 me.zheteng.android.powerstatus:remote expire 20 lines
02-05 11:03:12.848  3768 10893 I chatty  : uid=10019(com.google.android.gms) PlayEventLogger expire 16 lines
02-05 11:03:22.328  4681 18449 I chatty  : uid=10132(me.zheteng.android.powerstatus) RxCachedThreadS expire 50 lines
02-05 11:03:23.453  2455  2465 I art     : Background partial concurrent mark sweep GC freed 51273(2MB) AllocSpace objects, 1(20KB) LOS objects, 33% free, 21MB/31MB, paused 899us total 107.075ms
02-05 11:03:28.010  3396  5684 I chatty  : uid=10019(com.google.android.gms) Binder:3396_8 expire 4 lines
02-05 11:03:28.024 14794 20736 E HttpOperation: [getmobileexperiments] Unexpected exception
02-05 11:03:28.024 14794 20736 E HttpOperation: java.io.IOException: Cannot obtain authentication token
02-05 11:03:28.024 14794 20736 E HttpOperation: 	at tzj.a(PG:84)
02-05 11:03:28.024 14794 20736 E HttpOperation: 	at tyj.o(PG:543)
02-05 11:03:28.024 14794 20736 E HttpOperation: 	at tye.a(PG:1402)
02-05 11:03:28.024 14794 20736 E HttpOperation: 	at tgg.call(PG:1334)
02-05 11:03:28.024 14794 20736 E HttpOperation: 	at java.util.concurrent.FutureTask.run(FutureTask.java:237)
02-05 11:03:28.024 14794 20736 E HttpOperation: 	at java.util.concurrent.ThreadPoolExecutor.runWorker(ThreadPoolExecutor.java:1133)
02-05 11:03:28.024 14794 20736 E HttpOperation: 	at java.util.concurrent.ThreadPoolExecutor$Worker.run(ThreadPoolExecutor.java:607)
02-05 11:03:28.024 14794 20736 E HttpOperation: 	at java.lang.Thread.run(Thread.java:761)
02-05 11:03:28.024 14794 20736 E HttpOperation: Caused by: java.io.IOException: NetworkError
02-05 11:03:28.024 14794 20736 E HttpOperation: 	at oun.a(Unknown Source)
02-05 11:03:28.024 14794 20736 E HttpOperation: 	at oum.a(Unknown Source)
02-05 11:03:28.024 14794 20736 E HttpOperation: 	at oum.b(Unknown Source)
02-05 11:03:28.024 14794 20736 E HttpOperation: 	at oul.c(Unknown Source)
02-05 11:03:28.024 14794 20736 E HttpOperation: 	at oul.a(Unknown Source)
02-05 11:03:28.024 14794 20736 E HttpOperation: 	at rke.a(PG:22)
02-05 11:03:28.024 14794 20736 E HttpOperation: 	at tzf.a(PG:3067)
02-05 11:03:28.024 14794 20736 E HttpOperation: 	at tzf.a(PG:1104)
02-05 11:03:28.024 14794 20736 E HttpOperation: 	at tzj.a(PG:80)
02-05 11:03:28.024 14794 20736 E HttpOperation: 	... 7 more
02-05 11:03:28.024 14794 20736 E LoginManager: Account update failed
02-05 11:03:28.024 14794 20736 E LoginManager: java.io.IOException: Rpc failed
02-05 11:03:28.024 14794 20736 E LoginManager: 	at tgc.a(PG:581)
02-05 11:03:28.024 14794 20736 E LoginManager: 	at tgg.call(PG:3052)
02-05 11:03:28.024 14794 20736 E LoginManager: 	at java.util.concurrent.FutureTask.run(FutureTask.java:237)
02-05 11:03:28.024 14794 20736 E LoginManager: 	at java.util.concurrent.ThreadPoolExecutor.runWorker(ThreadPoolExecutor.java:1133)
02-05 11:03:28.024 14794 20736 E LoginManager: 	at java.util.concurrent.ThreadPoolExecutor$Worker.run(ThreadPoolExecutor.java:607)
02-05 11:03:28.024 14794 20736 E LoginManager: 	at java.lang.Thread.run(Thread.java:761)
02-05 11:03:28.024 14794 20736 E LoginManager: Caused by: java.io.IOException: Cannot obtain authentication token
02-05 11:03:28.024 14794 20736 E LoginManager: 	at tzj.a(PG:84)
02-05 11:03:28.024 14794 20736 E LoginManager: 	at tyj.o(PG:543)
02-05 11:03:28.024 14794 20736 E LoginManager: 	at tye.a(PG:1402)
02-05 11:03:28.024 14794 20736 E LoginManager: 	at tgg.call(PG:1334)
02-05 11:03:28.024 14794 20736 E LoginManager: 	... 4 more
02-05 11:03:28.024 14794 20736 E LoginManager: Caused by: java.io.IOException: NetworkError
02-05 11:03:28.024 14794 20736 E LoginManager: 	at oun.a(Unknown Source)
02-05 11:03:28.024 14794 20736 E LoginManager: 	at oum.a(Unknown Source)
02-05 11:03:28.024 14794 20736 E LoginManager: 	at oum.b(Unknown Source)
02-05 11:03:28.024 14794 20736 E LoginManager: 	at oul.c(Unknown Source)
02-05 11:03:28.024 14794 20736 E LoginManager: 	at oul.a(Unknown Source)
02-05 11:03:28.024 14794 20736 E LoginManager: 	at rke.a(PG:22)
02-05 11:03:28.024 14794 20736 E LoginManager: 	at tzf.a(PG:3067)
02-05 11:03:28.024 14794 20736 E LoginManager: 	at tzf.a(PG:1104)
02-05 11:03:28.024 14794 20736 E LoginManager: 	at tzj.a(PG:80)
02-05 11:03:28.024 14794 20736 E LoginManager: 	... 7 more
02-05 11:03:30.339  4681  4681 I chatty  : uid=10132 me.zheteng.android.powerstatus:remote expire 16 lines
02-05 11:03:34.977 22971 22971 D AndroidRuntime: >>>>>> START com.android.internal.os.RuntimeInit uid 2000 <<<<<<
02-05 11:03:34.983 22971 22971 D AndroidRuntime: CheckJNI is OFF
02-05 11:03:35.062  3870 22974 E Finsky  : [228] com.google.android.finsky.verifier.impl.ch.doInBackground(12): Verification id=12 error response com.android.volley.NoConnectionError: org.chromium.net.impl.NetworkExceptionImpl: Exception in CronetUrlRequest: net::ERR_CONNECTION_TIMED_OUT, ErrorCode=6, InternalErrorCode=-118, Retryable=true
02-05 11:03:35.085 22971 22971 D ICU     : No timezone override file found: /data/misc/zoneinfo/current/icu/icu_tzdata.dat
02-05 11:03:35.126 22971 22971 I Radio-JNI: register_android_hardware_Radio DONE
02-05 11:03:35.146 22971 22971 D AndroidRuntime: Calling main entry com.android.commands.pm.Pm
02-05 11:03:35.165 22971 22971 I art     : System.exit called, status: 0
02-05 11:03:35.165 22971 22971 I AndroidRuntime: VM exiting with result code 0.
02-05 11:03:35.167 22971 22982 W MessageQueue: Handler (android.os.Handler) {e07330e} sending message to a Handler on a dead thread
02-05 11:03:35.167 22971 22982 W MessageQueue: java.lang.IllegalStateException: Handler (android.os.Handler) {e07330e} sending message to a Handler on a dead thread
02-05 11:03:35.167 22971 22982 W MessageQueue: 	at android.os.MessageQueue.enqueueMessage(MessageQueue.java:543)
02-05 11:03:35.167 22971 22982 W MessageQueue: 	at android.os.Handler.enqueueMessage(Handler.java:643)
02-05 11:03:35.167 22971 22982 W MessageQueue: 	at android.os.Handler.sendMessageAtTime(Handler.java:612)
02-05 11:03:35.167 22971 22982 W MessageQueue: 	at android.os.Handler.sendMessageDelayed(Handler.java:582)
02-05 11:03:35.167 22971 22982 W MessageQueue: 	at android.os.Handler.post(Handler.java:338)
02-05 11:03:35.167 22971 22982 W MessageQueue: 	at android.os.ResultReceiver$MyResultReceiver.send(ResultReceiver.java:57)
02-05 11:03:35.167 22971 22982 W MessageQueue: 	at com.android.internal.os.IResultReceiver$Stub.onTransact(IResultReceiver.java:58)
02-05 11:03:35.167 22971 22982 W MessageQueue: 	at android.os.Binder.execTransact(Binder.java:565)
02-05 11:03:35.182  3870  3870 E Finsky  : [1] com.google.android.finsky.verifier.impl.bf.a(83): Could not connect to Clearcut: java.lang.IllegalStateException: blockingConnect must not be called on the UI thread
02-05 11:03:36.395 22993 22993 D AndroidRuntime: >>>>>> START com.android.internal.os.RuntimeInit uid 2000 <<<<<<
02-05 11:03:36.402 22993 22993 D AndroidRuntime: CheckJNI is OFF
02-05 11:03:36.496 22993 22993 D ICU     : No timezone override file found: /data/misc/zoneinfo/current/icu/icu_tzdata.dat
02-05 11:03:36.573 22993 22993 I Radio-JNI: register_android_hardware_Radio DONE
02-05 11:03:36.605 22993 22993 D AndroidRuntime: Calling main entry com.android.commands.pm.Pm
02-05 11:03:36.628 22993 22993 I art     : System.exit called, status: 0
02-05 11:03:36.628 22993 22993 I AndroidRuntime: VM exiting with result code 0.
02-05 11:03:36.635 22993 23001 W MessageQueue: Handler (android.os.Handler) {471d918} sending message to a Handler on a dead thread
02-05 11:03:36.635 22993 23001 W MessageQueue: java.lang.IllegalStateException: Handler (android.os.Handler) {471d918} sending message to a Handler on a dead thread
02-05 11:03:36.635 22993 23001 W MessageQueue: 	at android.os.MessageQueue.enqueueMessage(MessageQueue.java:543)
02-05 11:03:36.635 22993 23001 W MessageQueue: 	at android.os.Handler.enqueueMessage(Handler.java:643)
02-05 11:03:36.635 22993 23001 W MessageQueue: 	at android.os.Handler.sendMessageAtTime(Handler.java:612)
02-05 11:03:36.635 22993 23001 W MessageQueue: 	at android.os.Handler.sendMessageDelayed(Handler.java:582)
02-05 11:03:36.635 22993 23001 W MessageQueue: 	at android.os.Handler.post(Handler.java:338)
02-05 11:03:36.635 22993 23001 W MessageQueue: 	at android.os.ResultReceiver$MyResultReceiver.send(ResultReceiver.java:57)
02-05 11:03:36.635 22993 23001 W MessageQueue: 	at com.android.internal.os.IResultReceiver$Stub.onTransact(IResultReceiver.java:58)
02-05 11:03:36.635 22993 23001 W MessageQueue: 	at android.os.Binder.execTransact(Binder.java:565)
02-05 11:03:40.582 23006 23006 D AndroidRuntime: >>>>>> START com.android.internal.os.RuntimeInit uid 2000 <<<<<<
02-05 11:03:40.587 23006 23006 D AndroidRuntime: CheckJNI is OFF
02-05 11:03:40.683 23006 23006 D ICU     : No timezone override file found: /data/misc/zoneinfo/current/icu/icu_tzdata.dat
02-05 11:03:40.730 23006 23006 I Radio-JNI: register_android_hardware_Radio DONE
02-05 11:03:40.752 23006 23006 D AndroidRuntime: Calling main entry com.android.commands.wm.Wm
02-05 11:03:40.755 23006 23006 D AndroidRuntime: Shutting down VM
02-05 11:03:41.228  2042  2042 I         : free_cache(6463554) avail 2635825152
02-05 11:03:41.862  2455  2476 W SettingsProvider: You shouldn't keep your settings in the secure settings. This will soon become an error.
02-05 11:03:45.731  2455  2911 D PackageInstaller: Inherited files: [/data/app/com.example.lee.ffmpegdemo-2/split_lib_dependencies_apk.apk, /data/app/com.example.lee.ffmpegdemo-2/split_lib_slice_0_apk.apk, /data/app/com.example.lee.ffmpegdemo-2/split_lib_slice_1_apk.apk, /data/app/com.example.lee.ffmpegdemo-2/split_lib_slice_2_apk.apk, /data/app/com.example.lee.ffmpegdemo-2/split_lib_slice_3_apk.apk, /data/app/com.example.lee.ffmpegdemo-2/split_lib_slice_4_apk.apk, /data/app/com.example.lee.ffmpegdemo-2/split_lib_slice_5_apk.apk, /data/app/com.example.lee.ffmpegdemo-2/split_lib_slice_6_apk.apk, /data/app/com.example.lee.ffmpegdemo-2/split_lib_slice_7_apk.apk, /data/app/com.example.lee.ffmpegdemo-2/split_lib_slice_8_apk.apk, /data/app/com.example.lee.ffmpegdemo-2/split_lib_slice_9_apk.apk, /data/app/com.example.lee.ffmpegdemo-2/oat/arm/base.odex]
02-05 11:03:45.735  2455  2911 D PackageInstaller: Linked 12 files into /data/app/vmdl1020125838.tmp
02-05 11:03:45.941  3870  3870 I Finsky  : [1] com.google.android.finsky.verifier.impl.PackageVerificationReceiver.onReceive(14): Verification requested, id = 13
02-05 11:03:45.956  3870 23036 W Settings: Setting install_non_market_apps has moved from android.provider.Settings.Global to android.provider.Settings.Secure, returning read-only value.
02-05 11:03:45.974  3870 23036 W PackageParser: Unknown element under <manifest>: meta-data at /data/app/vmdl1020125838.tmp/base.apk Binary XML file line #15
02-05 11:03:46.154  3870 23036 I Finsky  : [230] com.google.android.finsky.foregroundcoordinator.ForegroundCoordinator.a(9): Task 7 requested foreground
02-05 11:03:46.155  3870 23036 I Finsky  : [230] com.google.android.finsky.foregroundcoordinator.ForegroundCoordinator.a(35): Not entering foreground
02-05 11:03:46.402  4681  4681 I chatty  : uid=10132 me.zheteng.android.powerstatus:remote expire 25 lines
02-05 11:03:47.284  3768  4537 I chatty  : uid=10019(com.google.android.gms) Thread-9 expire 16 lines
02-05 11:03:47.328  4681 18449 I chatty  : uid=10132(me.zheteng.android.powerstatus) RxCachedThreadS expire 54 lines
02-05 11:03:55.360  7216 22577 W Search.LoginHelper: IO exception for scope: oauth2:https://www.googleapis.com/auth/googlenow
02-05 11:03:55.360  7216 22577 W Search.LoginHelper: java.io.IOException: NetworkError
02-05 11:03:55.360  7216 22577 W Search.LoginHelper: 	at com.google.android.gms.auth.c$1.h(Unknown Source)
02-05 11:03:55.360  7216 22577 W Search.LoginHelper: 	at com.google.android.gms.auth.c.a(Unknown Source)
02-05 11:03:55.360  7216 22577 W Search.LoginHelper: 	at com.google.android.gms.auth.c.b(Unknown Source)
02-05 11:03:55.360  7216 22577 W Search.LoginHelper: 	at com.google.android.gms.auth.b.a(Unknown Source)
02-05 11:03:55.360  7216 22577 W Search.LoginHelper: 	at com.google.android.gms.auth.b.a(Unknown Source)
02-05 11:03:55.360  7216 22577 W Search.LoginHelper: 	at com.google.android.apps.gsa.search.core.google.gaia.n.a(SourceFile:38)
02-05 11:03:55.360  7216 22577 W Search.LoginHelper: 	at com.google.android.apps.gsa.search.core.google.gaia.j.a(SourceFile:82)
02-05 11:03:55.360  7216 22577 W Search.LoginHelper: 	at com.google.android.apps.gsa.search.core.google.gaia.g.a(SourceFile:69)
02-05 11:03:55.360  7216 22577 W Search.LoginHelper: 	at com.google.android.apps.gsa.search.core.google.gaia.o.b(SourceFile:969)
02-05 11:03:55.360  7216 22577 W Search.LoginHelper: 	at com.google.android.apps.gsa.search.core.google.gaia.o$7.call(SourceFile:1853)
02-05 11:03:55.360  7216 22577 W Search.LoginHelper: 	at java.util.concurrent.FutureTask.run(FutureTask.java:237)
02-05 11:03:55.360  7216 22577 W Search.LoginHelper: 	at com.google.android.apps.gsa.shared.util.concurrent.a.ak.run(SourceFile:66)
02-05 11:03:55.360  7216 22577 W Search.LoginHelper: 	at com.google.android.apps.gsa.shared.util.concurrent.a.ax.run(SourceFile:139)
02-05 11:03:55.360  7216 22577 W Search.LoginHelper: 	at com.google.android.apps.gsa.shared.util.concurrent.a.ax.run(SourceFile:139)
02-05 11:03:55.360  7216 22577 W Search.LoginHelper: 	at java.util.concurrent.ThreadPoolExecutor.runWorker(ThreadPoolExecutor.java:1133)
02-05 11:03:55.360  7216 22577 W Search.LoginHelper: 	at java.util.concurrent.ThreadPoolExecutor$Worker.run(ThreadPoolExecutor.java:607)
02-05 11:03:55.360  7216 22577 W Search.LoginHelper: 	at java.lang.Thread.run(Thread.java:761)
02-05 11:03:55.360  7216 22577 W Search.LoginHelper: 	at com.google.android.apps.gsa.shared.util.concurrent.a.ad$1.run(SourceFile:85)
02-05 11:03:55.365  7216 22577 I GoogleAuthUtil: Error on service connection.
02-05 11:03:55.365  7216 22577 I GoogleAuthUtil: java.lang.InterruptedException
02-05 11:03:55.365  7216 22577 I GoogleAuthUtil: 	at java.util.concurrent.locks.AbstractQueuedSynchronizer.acquireInterruptibly(AbstractQueuedSynchronizer.java:1218)
02-05 11:03:55.365  7216 22577 I GoogleAuthUtil: 	at java.util.concurrent.locks.ReentrantLock.lockInterruptibly(ReentrantLock.java:312)
02-05 11:03:55.365  7216 22577 I GoogleAuthUtil: 	at java.util.concurrent.LinkedBlockingQueue.take(LinkedBlockingQueue.java:410)
02-05 11:03:55.365  7216 22577 I GoogleAuthUtil: 	at com.google.android.gms.common.l.aVz(Unknown Source)
02-05 11:03:55.365  7216 22577 I GoogleAuthUtil: 	at com.google.android.gms.auth.c.a(Unknown Source)
02-05 11:03:55.365  7216 22577 I GoogleAuthUtil: 	at com.google.android.gms.auth.c.b(Unknown Source)
02-05 11:03:55.365  7216 22577 I GoogleAuthUtil: 	at com.google.android.gms.auth.b.a(Unknown Source)
02-05 11:03:55.365  7216 22577 I GoogleAuthUtil: 	at com.google.android.gms.auth.b.a(Unknown Source)
02-05 11:03:55.365  7216 22577 I GoogleAuthUtil: 	at com.google.android.apps.gsa.search.core.google.gaia.n.a(SourceFile:38)
02-05 11:03:55.365  7216 22577 I GoogleAuthUtil: 	at com.google.android.apps.gsa.search.core.google.gaia.j.a(SourceFile:82)
02-05 11:03:55.365  7216 22577 I GoogleAuthUtil: 	at com.google.android.apps.gsa.search.core.google.gaia.g.a(SourceFile:69)
02-05 11:03:55.365  7216 22577 I GoogleAuthUtil: 	at com.google.android.apps.gsa.search.core.google.gaia.o.b(SourceFile:969)
02-05 11:03:55.365  7216 22577 I GoogleAuthUtil: 	at com.google.android.apps.gsa.search.core.google.gaia.o$7.call(SourceFile:1853)
02-05 11:03:55.365  7216 22577 I GoogleAuthUtil: 	at java.util.concurrent.FutureTask.run(FutureTask.java:237)
02-05 11:03:55.365  7216 22577 I GoogleAuthUtil: 	at com.google.android.apps.gsa.shared.util.concurrent.a.ak.run(SourceFile:66)
02-05 11:03:55.365  7216 22577 I GoogleAuthUtil: 	at com.google.android.apps.gsa.shared.util.concurrent.a.ax.run(SourceFile:139)
02-05 11:03:55.365  7216 22577 I GoogleAuthUtil: 	at com.google.android.apps.gsa.shared.util.concurrent.a.ax.run(SourceFile:139)
02-05 11:03:55.365  7216 22577 I GoogleAuthUtil: 	at java.util.concurrent.ThreadPoolExecutor.runWorker(ThreadPoolExecutor.java:1133)
02-05 11:03:55.365  7216 22577 I GoogleAuthUtil: 	at java.util.concurrent.ThreadPoolExecutor$Worker.run(ThreadPoolExecutor.java:607)
02-05 11:03:55.365  7216 22577 I GoogleAuthUtil: 	at java.lang.Thread.run(Thread.java:761)
02-05 11:03:55.365  7216 22577 I GoogleAuthUtil: 	at com.google.android.apps.gsa.shared.util.concurrent.a.ad$1.run(SourceFile:85)
02-05 11:03:55.367  7216 22577 W Search.LoginHelper: IO exception for scope: oauth2:https://www.googleapis.com/auth/googlenow
02-05 11:03:55.367  7216 22577 W Search.LoginHelper: java.io.IOException: Error on service connection.
02-05 11:03:55.367  7216 22577 W Search.LoginHelper: 	at com.google.android.gms.auth.c.a(Unknown Source)
02-05 11:03:55.367  7216 22577 W Search.LoginHelper: 	at com.google.android.gms.auth.c.b(Unknown Source)
02-05 11:03:55.367  7216 22577 W Search.LoginHelper: 	at com.google.android.gms.auth.b.a(Unknown Source)
02-05 11:03:55.367  7216 22577 W Search.LoginHelper: 	at com.google.android.gms.auth.b.a(Unknown Source)
02-05 11:03:55.367  7216 22577 W Search.LoginHelper: 	at com.google.android.apps.gsa.search.core.google.gaia.n.a(SourceFile:38)
02-05 11:03:55.367  7216 22577 W Search.LoginHelper: 	at com.google.android.apps.gsa.search.core.google.gaia.j.a(SourceFile:82)
02-05 11:03:55.367  7216 22577 W Search.LoginHelper: 	at com.google.android.apps.gsa.search.core.google.gaia.g.a(SourceFile:69)
02-05 11:03:55.367  7216 22577 W Search.LoginHelper: 	at com.google.android.apps.gsa.search.core.google.gaia.o.b(SourceFile:969)
02-05 11:03:55.367  7216 22577 W Search.LoginHelper: 	at com.google.android.apps.gsa.search.core.google.gaia.o$7.call(SourceFile:1853)
02-05 11:03:55.367  7216 22577 W Search.LoginHelper: 	at java.util.concurrent.FutureTask.run(FutureTask.java:237)
02-05 11:03:55.367  7216 22577 W Search.LoginHelper: 	at com.google.android.apps.gsa.shared.util.concurrent.a.ak.run(SourceFile:66)
02-05 11:03:55.367  7216 22577 W Search.LoginHelper: 	at com.google.android.apps.gsa.shared.util.concurrent.a.ax.run(SourceFile:139)
02-05 11:03:55.367  7216 22577 W Search.LoginHelper: 	at com.google.android.apps.gsa.shared.util.concurrent.a.ax.run(SourceFile:139)
02-05 11:03:55.367  7216 22577 W Search.LoginHelper: 	at java.util.concurrent.ThreadPoolExecutor.runWorker(ThreadPoolExecutor.java:1133)
02-05 11:03:55.367  7216 22577 W Search.LoginHelper: 	at java.util.concurrent.ThreadPoolExecutor$Worker.run(ThreadPoolExecutor.java:607)
02-05 11:03:55.367  7216 22577 W Search.LoginHelper: 	at java.lang.Thread.run(Thread.java:761)
02-05 11:03:55.367  7216 22577 W Search.LoginHelper: 	at com.google.android.apps.gsa.shared.util.concurrent.a.ad$1.run(SourceFile:85)
02-05 11:03:55.367  7216 22577 W Search.LoginHelper: Caused by: java.lang.InterruptedException
02-05 11:03:55.367  7216 22577 W Search.LoginHelper: 	at java.util.concurrent.locks.AbstractQueuedSynchronizer.acquireInterruptibly(AbstractQueuedSynchronizer.java:1218)
02-05 11:03:55.367  7216 22577 W Search.LoginHelper: 	at java.util.concurrent.locks.ReentrantLock.lockInterruptibly(ReentrantLock.java:312)
02-05 11:03:55.367  7216 22577 W Search.LoginHelper: 	at java.util.concurrent.LinkedBlockingQueue.take(LinkedBlockingQueue.java:410)
02-05 11:03:55.367  7216 22577 W Search.LoginHelper: 	at com.google.android.gms.common.l.aVz(Unknown Source)
02-05 11:03:55.367  7216 22577 W Search.LoginHelper: 	... 17 more
02-05 11:04:00.985  2455  2496 I PackageManager: Verification timed out for file:///data/app/vmdl1020125838.tmp
02-05 11:04:00.985  2455  2496 I PackageManager: Continuing with installation of file:///data/app/vmdl1020125838.tmp
02-05 11:04:01.024  3870  3870 E Finsky  : [1] com.google.android.finsky.verifier.impl.bf.a(83): Could not connect to Clearcut: java.lang.IllegalStateException: blockingConnect must not be called on the UI thread
02-05 11:04:01.029  3870  3870 I Finsky  : [1] com.google.android.finsky.verifier.impl.de.c(115): Verification complete: id=13, package_name=com.example.lee.ffmpegdemo
02-05 11:04:01.032  2455  2496 W PackageParser: Unknown element under <manifest>: meta-data at /data/app/vmdl1020125838.tmp/base.apk Binary XML file line #15
02-05 11:04:01.088  2455  2479 I ActivityManager: Force stopping com.example.lee.ffmpegdemo appid=10156 user=-1: installPackageLI
02-05 11:04:01.299  2496  2496 W PackageManager: type=1400 audit(0.0:513): avc: denied { read } for name="foreign-dex" dev="dm-0" ino=636513 scontext=u:r:system_server:s0 tcontext=u:object_r:user_profile_data_file:s0 tclass=dir permissive=0
02-05 11:04:01.305  2455  2496 I PackageManager: Package com.example.lee.ffmpegdemo codePath changed from /data/app/com.example.lee.ffmpegdemo-2 to /data/app/com.example.lee.ffmpegdemo-1; Retaining data and using new
02-05 11:04:01.306  2455  2496 W PackageManager: Code path for com.example.lee.ffmpegdemo changing from /data/app/com.example.lee.ffmpegdemo-2 to /data/app/com.example.lee.ffmpegdemo-1
02-05 11:04:01.306  2455  2496 W PackageManager: Resource path for com.example.lee.ffmpegdemo changing from /data/app/com.example.lee.ffmpegdemo-2 to /data/app/com.example.lee.ffmpegdemo-1
02-05 11:04:01.771  2455  2496 I art     : Starting a blocking GC Explicit
02-05 11:04:01.883  2455  2496 I art     : Explicit concurrent mark sweep GC freed 128437(7MB) AllocSpace objects, 24(720KB) LOS objects, 33% free, 21MB/32MB, paused 945us total 109.738ms
02-05 11:04:01.948  2042  2042 E         : Couldn't opendir /data/app/vmdl1020125838.tmp: No such file or directory
02-05 11:04:01.953  2455  2496 I ActivityManager: Force stopping com.example.lee.ffmpegdemo appid=10156 user=0: pkg removed
02-05 11:04:01.998  2455  2927 I InputReader: Reconfiguring input devices.  changes=0x00000010
02-05 11:04:02.030  2455  2927 I InputReader: Reconfiguring input devices.  changes=0x00000010
02-05 11:04:02.038  7112  7112 D WadlJSBridgePackageInstallReceiver: ##@isQQProcess:YES
02-05 11:04:02.041  7112 14491 I SDKReportManager2: >>postReport enter
02-05 11:04:02.041  7112 14491 I SDKReportManager2: >>postReport type = 9 data = 1517799842||com.example.lee.ffmpegdemo|
02-05 11:04:02.041  7112 14491 I SDKReportManager2: >>postReport exit
02-05 11:04:02.111  3106  3106 D CarrierSvcBindHelper: No carrier app for: 0
02-05 11:04:02.111  3106  3106 D CarrierSvcBindHelper: No carrier app for: 0
02-05 11:04:02.190  3008  3033 I art     : Background partial concurrent mark sweep GC freed 119212(4MB) AllocSpace objects, 18(504KB) LOS objects, 27% free, 41MB/57MB, paused 418us total 217.421ms
02-05 11:04:02.201 14472 14472 D BuaReceiver: ====== got intent:Intent { act=android.intent.action.PACKAGE_REMOVED dat=package:com.example.lee.ffmpegdemo flg=0x4000010 cmp=com.motorola.android.buacontactadapter/.BuaReceiver (has extras) }
02-05 11:04:02.210  7216  7226 I art     : Background partial concurrent mark sweep GC freed 10084(873KB) AllocSpace objects, 3(1324KB) LOS objects, 40% free, 12MB/21MB, paused 533us total 226.246ms
02-05 11:04:02.540 20572 20572 W ContextImpl: Calling a method in the system process without a qualified user: android.app.ContextImpl.startService:1357 android.content.ContextWrapper.startService:613 android.content.ContextWrapper.startService:613 com.android.keychain.KeyChainBroadcastReceiver.onReceive:12 android.app.ActivityThread.handleReceiver:3040 
02-05 11:04:02.542  7112 14496 I SDKReportManager2: >>mPostHandler handleMessage enter
02-05 11:04:02.542  7112 14496 I SDKReportManager2: >>mPostHandler msg = MSG_POST_REPORT
02-05 11:04:02.542  7112 14496 I SDKREPORT: >>sendRequest type = 9 data = 1517799842||com.example.lee.ffmpegdemo|
02-05 11:04:02.542  7112 14496 I ProtocolPackage: enter
02-05 11:04:02.542  7112 14496 I ProtocolPackage: enter
02-05 11:04:02.546  7112 14496 I SelfUpdateSDK: getQQDownloaderAPILevel
02-05 11:04:02.547  7112 14496 I ProtocolPackage: exit
02-05 11:04:02.547  7112 14496 I ProtocolPackage: exit
02-05 11:04:02.547  7112 14496 I StatReportEngine: selfUpdateReport sendStatReportRequest ret = 16
02-05 11:04:02.547  7112 14496 I ProtocolPackage: enter
02-05 11:04:02.549  7112 14496 I ProtocolPackage: encrypt process
02-05 11:04:02.549  7112 14496 I ProtocolPackage: exit
02-05 11:04:02.549  7112 14496 I StatReportEngine: selfUpdateReport sendStatReportRequest
02-05 11:04:02.549  7112 14496 I SDKReportManager2: timelyReport
02-05 11:04:02.549  7112 14496 I SDKReportManager2: >>mPostHandler handleMessage exit
02-05 11:04:02.558  7112 23066 I BaseHttpRequest: halleyTest serverUrl=http://masdk.3g.qq.com/
02-05 11:04:02.575 13474 13484 I art     : Background partial concurrent mark sweep GC freed 193265(10MB) AllocSpace objects, 18(572KB) LOS objects, 16% free, 80MB/96MB, paused 1.881ms total 613.389ms
02-05 11:04:02.615  3106  3106 D CarrierConfigLoader: mHandler: 9 phoneId: 0
02-05 11:04:02.638  7112 23066 I StatReportEngine: errorCode: 0
02-05 11:04:02.638  7112 23066 I ProtocolPackage: enter
02-05 11:04:02.638  7112 23066 I ProtocolPackage: decrypt process
02-05 11:04:02.638  7112 23066 I ProtocolPackage: exit
02-05 11:04:02.639  7112 23066 I SDKReportManager2: >>onStatReportFinish reportLog onReportFinish errorCode = 0
02-05 11:04:02.639  7112 23066 I StatReportEngine: exit
02-05 11:04:02.652  3894  4038 D MSF.C.MonitorNetFlowStore: MonitorWriteDataThread Enter
02-05 11:04:02.663  3894  4038 D MSF.C.MonitorNetFlowStore: write data lenth : 1011 | read data lenth : 942, has been stored.
02-05 11:04:02.663  3894  4038 D MSF.C.MonitorNetFlowStore: MonitorWriteDataThread End takeTimes=11
02-05 11:04:02.680  3451  3451 D RegisteredNfcFServicesCache: Service unchanged, not updating
02-05 11:04:02.718  2455  2927 I InputReader: Reconfiguring input devices.  changes=0x00000010
02-05 11:04:02.795 23060 23060 D AndroidRuntime: >>>>>> START com.android.internal.os.RuntimeInit uid 2000 <<<<<<
02-05 11:04:02.800 23060 23060 D AndroidRuntime: CheckJNI is OFF
02-05 11:04:02.895 23060 23060 D ICU     : No timezone override file found: /data/misc/zoneinfo/current/icu/icu_tzdata.dat
02-05 11:04:02.932 23060 23060 I Radio-JNI: register_android_hardware_Radio DONE
02-05 11:04:02.952 23060 23060 D AndroidRuntime: Calling main entry com.android.commands.am.Am
02-05 11:04:02.956  2455  2477 I ActivityManager: START u0 {act=android.intent.action.MAIN cat=[android.intent.category.LAUNCHER] flg=0x10000000 cmp=com.example.lee.ffmpegdemo/.MainActivity} from uid 2000 on display 0
02-05 11:04:02.997 13474 13484 I art     : Background partial concurrent mark sweep GC freed 52681(2MB) AllocSpace objects, 3(104KB) LOS objects, 16% free, 78MB/94MB, paused 1.908ms total 386.618ms
02-05 11:04:03.017 23060 23060 D AndroidRuntime: Shutting down VM
02-05 11:04:03.044  2455  5634 I ActivityManager: Start proc 23081:com.example.lee.ffmpegdemo/u0a156 for activity com.example.lee.ffmpegdemo/.MainActivity
02-05 11:04:03.048 23081 23081 I art     : Late-enabling -Xcheck:jni
02-05 11:04:03.181  3008  3008 W asset   : Asset path /data/app/com.example.lee.ffmpegdemo-2/base.apk is neither a directory nor file (type=1).
02-05 11:04:03.181  3008  3008 E ResourcesManager: failed to add asset path /data/app/com.example.lee.ffmpegdemo-2/base.apk
02-05 11:04:03.181  3008  3008 W PackageManager: Failure retrieving resources for com.example.lee.ffmpegdemo
02-05 11:04:03.182  3008  3008 W asset   : Asset path /data/app/com.example.lee.ffmpegdemo-2/base.apk is neither a directory nor file (type=1).
02-05 11:04:03.182  3008  3008 E ResourcesManager: failed to add asset path /data/app/com.example.lee.ffmpegdemo-2/base.apk
02-05 11:04:03.183  3008  3008 W PackageManager: Failure retrieving resources for com.example.lee.ffmpegdemo
02-05 11:04:03.183  3008  3008 W asset   : Asset path /data/app/com.example.lee.ffmpegdemo-2/base.apk is neither a directory nor file (type=1).
02-05 11:04:03.183  3008  3008 E ResourcesManager: failed to add asset path /data/app/com.example.lee.ffmpegdemo-2/base.apk
02-05 11:04:03.183  3008  3008 W PackageManager: Failure retrieving resources for com.example.lee.ffmpegdemo
02-05 11:04:03.325 14472 14472 D BuaReceiver: ====== got intent:Intent { act=android.intent.action.PACKAGE_ADDED dat=package:com.example.lee.ffmpegdemo flg=0x4000010 cmp=com.motorola.android.buacontactadapter/.BuaReceiver (has extras) }
02-05 11:04:03.335 23081 23081 I InstantRun: starting instant run server: is main process
02-05 11:04:03.408  3870  3870 I Finsky  : [1] com.google.android.finsky.wear.WearSupportService.onStartCommand(49): Starting WearSupportService for auto_install
02-05 11:04:03.411  3870  3870 I Finsky  : [1] com.google.android.finsky.wear.ak.a(76): Connecting to wearable; initiated by: com.google.android.finsky.wear.WearSupportService
02-05 11:04:03.435 23081 23081 W art     : Before Android 4.1, method android.graphics.PorterDuffColorFilter android.support.graphics.drawable.VectorDrawableCompat.updateTintFilter(android.graphics.PorterDuffColorFilter, android.content.res.ColorStateList, android.graphics.PorterDuff$Mode) would have incorrectly overridden the package-private method in android.graphics.drawable.Drawable
02-05 11:04:03.443  3870  3870 I Finsky  : [1] com.google.android.finsky.externalreferrer.d.a(67): Package state data is missing for com.example.lee.ffmpegdemo
02-05 11:04:03.459  3396  3409 I chatty  : uid=10019(com.google.android.gms) Binder:3396_2 expire 3 lines
02-05 11:04:03.471  3870  3870 E Finsky  : [1] com.google.android.finsky.wear.ap.a(3): onConnectionFailed: ConnectionResult{statusCode=API_UNAVAILABLE, resolution=null, message=null}
02-05 11:04:03.559  3870  3870 W Finsky  : [1] com.google.android.finsky.wear.bs.run(12): Dropping command=auto_install due to Gms not connected
02-05 11:04:03.602 23081 23081 E ffmpeg  : lueluelue
02-05 11:04:03.602 23081 23081 E ffmpeg  : yingyingying
02-05 11:04:03.602 23081 23081 E (>_<)   : input:	/storage/emulated/0/hh.mp4
02-05 11:04:03.614 23081 23081 F libc    : Fatal signal 11 (SIGSEGV), code 1, fault addr 0x0 in tid 23081 (.lee.ffmpegdemo)
02-05 11:04:03.615   254   254 W         : debuggerd: handling request: pid=23081 uid=10156 gid=10156 tid=23081
02-05 11:04:03.631  3870  3870 I Finsky  : [1] com.google.android.finsky.wear.WearSupportService.b(94): Stopping WearSupportService
02-05 11:04:03.700 23109 23109 F DEBUG   : *** *** *** *** *** *** *** *** *** *** *** *** *** *** *** ***
02-05 11:04:03.700 23109 23109 F DEBUG   : Build fingerprint: 'google/shamu/shamu:7.1.1/NGI55D/4298276:user/release-keys'
02-05 11:04:03.700 23109 23109 F DEBUG   : Revision: '0'
02-05 11:04:03.700 23109 23109 F DEBUG   : ABI: 'arm'
02-05 11:04:03.701 23109 23109 F DEBUG   : pid: 23081, tid: 23081, name: .lee.ffmpegdemo  >>> com.example.lee.ffmpegdemo <<<
02-05 11:04:03.701 23109 23109 F DEBUG   : signal 11 (SIGSEGV), code 1 (SEGV_MAPERR), fault addr 0x0
02-05 11:04:03.701 23109 23109 F DEBUG   :     r0 00000000  r1 b3f7b88d  r2 ffffffc2  r3 b3f7b88e
02-05 11:04:03.701 23109 23109 F DEBUG   :     r4 00000040  r5 b4f4558c  r6 0000000d  r7 0000000d
02-05 11:04:03.701 23109 23109 F DEBUG   :     r8 00000000  r9 b2285400  sl be888800  fp b2285400
02-05 11:04:03.701 23109 23109 F DEBUG   :     ip 00000050  sp be888728  lr b3f22281  pc b3f3e076  cpsr 200f0030
02-05 11:04:03.955  7216 23115 I UpdateIcingCorporaServi: Updating corpora: APPS=com.example.lee.ffmpegdemo, CONTACTS=MAYBE
02-05 11:04:04.105  3768 23117 I chatty  : uid=10019(com.google.android.gms) expire 1 line
02-05 11:04:04.145  3768 23110 I chatty  : uid=10019(com.google.android.gms) expire 1 line
02-05 11:04:04.412 23109 23109 F DEBUG   : 
02-05 11:04:04.412 23109 23109 F DEBUG   : backtrace:
02-05 11:04:04.412 23109 23109 F DEBUG   :     #00 pc 0003a076  /system/lib/libc.so (strlcpy+21)
02-05 11:04:04.412 23109 23109 F DEBUG   :     #01 pc 0001e27d  /system/lib/libc.so (strerror_r+64)
02-05 11:04:04.412 23109 23109 F DEBUG   :     #02 pc 000016cf  /data/app/com.example.lee.ffmpegdemo-1/lib/arm/libnative-lib.so (Java_com_example_lee_ffmpegdemo_MainActivity_test+370)
02-05 11:04:04.412 23109 23109 F DEBUG   :     #03 pc 000af319  /system/lib/libart.so (art_quick_generic_jni_trampoline+40)
02-05 11:04:04.412 23109 23109 F DEBUG   :     #04 pc 000aa941  /system/lib/libart.so (art_quick_invoke_stub_internal+64)
02-05 11:04:04.412 23109 23109 F DEBUG   :     #05 pc 00406da9  /system/lib/libart.so (art_quick_invoke_stub+232)
02-05 11:04:04.412 23109 23109 F DEBUG   :     #06 pc 000b1bb5  /system/lib/libart.so (_ZN3art9ArtMethod6InvokeEPNS_6ThreadEPjjPNS_6JValueEPKc+132)
02-05 11:04:04.412 23109 23109 F DEBUG   :     #07 pc 001ee325  /system/lib/libart.so (_ZN3art11interpreter34ArtInterpreterToCompiledCodeBridgeEPNS_6ThreadEPNS_9ArtMethodEPKNS_7DexFile8CodeItemEPNS_11ShadowFrameEPNS_6JValueE+200)
02-05 11:04:04.412 23109 23109 F DEBUG   :     #08 pc 001e899d  /system/lib/libart.so (_ZN3art11interpreter6DoCallILb0ELb0EEEbPNS_9ArtMethodEPNS_6ThreadERNS_11ShadowFrameEPKNS_11InstructionEtPNS_6JValueE+472)
02-05 11:04:04.412 23109 23109 F DEBUG   :     #09 pc 003fe76f  /system/lib/libart.so (MterpInvokeVirtual+430)
02-05 11:04:04.412 23109 23109 F DEBUG   :     #10 pc 0009d794  /system/lib/libart.so (ExecuteMterpImpl+14228)
02-05 11:04:04.412 23109 23109 F DEBUG   :     #11 pc 001cbcdb  /system/lib/libart.so (_ZN3art11interpreterL7ExecuteEPNS_6ThreadEPKNS_7DexFile8CodeItemERNS_11ShadowFrameENS_6JValueEb+290)
02-05 11:04:04.412 23109 23109 F DEBUG   :     #12 pc 001d07ad  /system/lib/libart.so (_ZN3art11interpreter30EnterInterpreterFromEntryPointEPNS_6ThreadEPKNS_7DexFile8CodeItemEPNS_11ShadowFrameE+92)
02-05 11:04:04.412 23109 23109 F DEBUG   :     #13 pc 003f6287  /system/lib/libart.so (artQuickToInterpreterBridge+706)
02-05 11:04:04.412 23109 23109 F DEBUG   :     #14 pc 000af393  /system/lib/libart.so (art_quick_to_interpreter_bridge+34)
02-05 11:04:04.413 23109 23109 F DEBUG   :     #15 pc 015a07f1  /system/framework/arm/boot-framework.oat (offset 0x158b000) (android.app.Activity.performCreate+60)
02-05 11:04:04.413 23109 23109 F DEBUG   :     #16 pc 016856b5  /system/framework/arm/boot-framework.oat (offset 0x158b000) (android.app.Instrumentation.callActivityOnCreate+64)
02-05 11:04:04.413 23109 23109 F DEBUG   :     #17 pc 01612661  /system/framework/arm/boot-framework.oat (offset 0x158b000) (android.app.ActivityThread.performLaunchActivity+1396)
02-05 11:04:04.413 23109 23109 F DEBUG   :     #18 pc 0160d705  /system/framework/arm/boot-framework.oat (offset 0x158b000) (android.app.ActivityThread.handleLaunchActivity+176)
02-05 11:04:04.413 23109 23109 F DEBUG   :     #19 pc 01604de1  /system/framework/arm/boot-framework.oat (offset 0x158b000) (android.app.ActivityThread.-wrap12+60)
02-05 11:04:04.413 23109 23109 F DEBUG   :     #20 pc 01602d9d  /system/framework/arm/boot-framework.oat (offset 0x158b000) (android.app.ActivityThread$H.handleMessage+5488)
02-05 11:04:04.413 23109 23109 F DEBUG   :     #21 pc 016000f5  /system/framework/arm/boot-framework.oat (offset 0x158b000) (android.os.Handler.dispatchMessage+112)
02-05 11:04:04.413 23109 23109 F DEBUG   :     #22 pc 01bad937  /system/framework/arm/boot-framework.oat (offset 0x158b000) (android.os.Looper.loop+714)
02-05 11:04:04.413 23109 23109 F DEBUG   :     #23 pc 016112ff  /system/framework/arm/boot-framework.oat (offset 0x158b000) (android.app.ActivityThread.main+426)
02-05 11:04:04.413 23109 23109 F DEBUG   :     #24 pc 000aa941  /system/lib/libart.so (art_quick_invoke_stub_internal+64)
02-05 11:04:04.413 23109 23109 F DEBUG   :     #25 pc 00406eb1  /system/lib/libart.so (art_quick_invoke_static_stub+228)
02-05 11:04:04.413 23109 23109 F DEBUG   :     #26 pc 000b1bdf  /system/lib/libart.so (_ZN3art9ArtMethod6InvokeEPNS_6ThreadEPjjPNS_6JValueEPKc+174)
02-05 11:04:04.413 23109 23109 F DEBUG   :     #27 pc 00315941  /system/lib/libart.so (_ZN3artL18InvokeWithArgArrayERKNS_33ScopedObjectAccessAlreadyRunnableEPNS_9ArtMethodEPNS_8ArgArrayEPNS_6JValueEPKc+56)
02-05 11:04:04.413 23109 23109 F DEBUG   :     #28 pc 00316cd3  /system/lib/libart.so (_ZN3art12InvokeMethodERKNS_33ScopedObjectAccessAlreadyRunnableEP8_jobjectS4_S4_j+766)
02-05 11:04:04.413 23109 23109 F DEBUG   :     #29 pc 002bc67d  /system/lib/libart.so (_ZN3artL13Method_invokeEP7_JNIEnvP8_jobjectS3_S3_+40)
02-05 11:04:04.413 23109 23109 F DEBUG   :     #30 pc 005adbc9  /system/framework/arm/boot.oat (offset 0x51a000) (java.lang.reflect.Method.invoke+116)
02-05 11:04:04.413 23109 23109 F DEBUG   :     #31 pc 020a0489  /system/framework/arm/boot-framework.oat (offset 0x158b000) (com.android.internal.os.ZygoteInit$MethodAndArgsCaller.run+100)
02-05 11:04:04.413 23109 23109 F DEBUG   :     #32 pc 020a130f  /system/framework/arm/boot-framework.oat (offset 0x158b000) (com.android.internal.os.ZygoteInit.main+1218)
02-05 11:04:04.413 23109 23109 F DEBUG   :     #33 pc 000702df  /data/dalvik-cache/arm/system@framework@XposedBridge.jar@classes.dex (offset 0x61000)
02-05 11:04:04.418  2455  5482 I ActivityManager: START u0 {flg=0x10800000 cmp=com.estrongs.android.pop/.app.InstallMonitorActivity (has extras)} from uid 10126 on display 0
02-05 11:04:04.497  7216 23115 I UpdateIcingCorporaServi: UpdateCorporaTask done [took 542 ms] updated apps [took 542 ms] 
02-05 11:04:04.807  3768 23121 I chatty  : uid=10019(com.google.android.gms) expire 1 line
02-05 11:04:04.869  3396 23129 I chatty  : uid=10019 com.google.android.gms.persistent expire 1 line
02-05 11:04:04.922  2455  2479 W ActivityManager: Activity pause timeout for ActivityRecord{8ef2885 u0 com.example.lee.ffmpegdemo/.MainActivity t1799}
02-05 11:04:05.241  2455 23160 W ActivityManager:   Force finishing activity com.example.lee.ffmpegdemo/.MainActivity
02-05 11:04:05.242   254   254 W         : debuggerd: resuming target 23081
02-05 11:04:05.245  2455 23161 W DropBoxManagerService: Dropping: data_app_native_crash (10 > 0 bytes)
02-05 11:04:05.260  2038  2038 I Zygote  : Process 23081 exited due to signal (11)
02-05 11:04:05.264  2455 23160 W ActivityManager: Exception thrown during pause
02-05 11:04:05.264  2455 23160 W ActivityManager: android.os.DeadObjectException
02-05 11:04:05.264  2455 23160 W ActivityManager: 	at android.os.BinderProxy.transactNative(Native Method)
02-05 11:04:05.264  2455 23160 W ActivityManager: 	at android.os.BinderProxy.transact(Binder.java:615)
02-05 11:04:05.264  2455 23160 W ActivityManager: 	at android.app.ApplicationThreadProxy.schedulePauseActivity(ApplicationThreadNative.java:785)
02-05 11:04:05.264  2455 23160 W ActivityManager: 	at com.android.server.am.ActivityStack.startPausingLocked(ActivityStack.java:1141)
02-05 11:04:05.264  2455 23160 W ActivityManager: 	at com.android.server.am.ActivityStack.finishActivityLocked(ActivityStack.java:3523)
02-05 11:04:05.264  2455 23160 W ActivityManager: 	at com.android.server.am.ActivityStack.finishTopRunningActivityLocked(ActivityStack.java:3359)
02-05 11:04:05.264  2455 23160 W ActivityManager: 	at com.android.server.am.ActivityStackSupervisor.finishTopRunningActivityLocked(ActivityStackSupervisor.java:1855)
02-05 11:04:05.264  2455 23160 W ActivityManager: 	at com.android.server.am.AppErrors.handleAppCrashLocked(AppErrors.java:619)
02-05 11:04:05.264  2455 23160 W ActivityManager: 	at com.android.server.am.AppErrors.makeAppCrashingLocked(AppErrors.java:477)
02-05 11:04:05.264  2455 23160 W ActivityManager: 	at com.android.server.am.AppErrors.crashApplicationInner(AppErrors.java:353)
02-05 11:04:05.264  2455 23160 W ActivityManager: 	at com.android.server.am.AppErrors.crashApplication(AppErrors.java:305)
02-05 11:04:05.264  2455 23160 W ActivityManager: 	at com.android.server.am.ActivityManagerService.handleApplicationCrashInner(ActivityManagerService.java:13476)
02-05 11:04:05.264  2455 23160 W ActivityManager: 	at com.android.server.am.NativeCrashListener$NativeCrashReporter.run(NativeCrashListener.java:86)
02-05 11:04:05.275   289   289 E lowmemorykiller: Error opening /proc/23081/oom_score_adj; errno=2
02-05 11:04:05.275  2455 23160 W ActivityManager: Failed setting process group of 23081 to 1
02-05 11:04:05.275  2455 23160 W System.err: java.lang.IllegalArgumentException: Given thread 23081 does not exist
02-05 11:04:05.275  2455 23160 W System.err: 	at android.os.Process.setThreadPriority(Native Method)
02-05 11:04:05.275  2455 23160 W System.err: 	at com.android.server.am.ActivityManagerService.applyOomAdjLocked(ActivityManagerService.java:20512)
02-05 11:04:05.275  2455 23160 W System.err: 	at com.android.server.am.ActivityManagerService.updateOomAdjLocked(ActivityManagerService.java:21013)
02-05 11:04:05.276  2455 23160 W System.err: 	at com.android.server.am.ActivityStack.resumeTopActivityInnerLocked(ActivityStack.java:2447)
02-05 11:04:05.276  2455 23160 W System.err: 	at com.android.server.am.ActivityStack.resumeTopActivityUncheckedLocked(ActivityStack.java:2127)
02-05 11:04:05.276  2455 23160 W System.err: 	at com.android.server.am.ActivityStackSupervisor.resumeFocusedStackTopActivityLocked(ActivityStackSupervisor.java:1833)
02-05 11:04:05.276  2455 23160 W System.err: 	at com.android.server.am.ActivityStackSupervisor.resumeFocusedStackTopActivityLocked(ActivityStackSupervisor.java:1823)
02-05 11:04:05.276  2455 23160 W System.err: 	at com.android.server.am.ActivityStack.startPausingLocked(ActivityStack.java:1196)
02-05 11:04:05.276  2455 23160 W System.err: 	at com.android.server.am.ActivityStack.finishActivityLocked(ActivityStack.java:3523)
02-05 11:04:05.276  2455 23160 W System.err: 	at com.android.server.am.ActivityStack.finishTopRunningActivityLocked(ActivityStack.java:3359)
02-05 11:04:05.276  2455 23160 W System.err: 	at com.android.server.am.ActivityStackSupervisor.finishTopRunningActivityLocked(ActivityStackSupervisor.java:1855)
02-05 11:04:05.276  2455 23160 W System.err: 	at com.android.server.am.AppErrors.handleAppCrashLocked(AppErrors.java:619)
02-05 11:04:05.276  2455 23160 W System.err: 	at com.android.server.am.AppErrors.makeAppCrashingLocked(AppErrors.java:477)
02-05 11:04:05.276  2455 23160 W System.err: 	at com.android.server.am.AppErrors.crashApplicationInner(AppErrors.java:353)
02-05 11:04:05.276  2455 23160 W System.err: 	at com.android.server.am.AppErrors.crashApplication(AppErrors.java:305)
02-05 11:04:05.276  2455 23160 W System.err: 	at com.android.server.am.ActivityManagerService.handleApplicationCrashInner(ActivityManagerService.java:13476)
02-05 11:04:05.276  2455 23160 W System.err: 	at com.android.server.am.NativeCrashListener$NativeCrashReporter.run(NativeCrashListener.java:86)
02-05 11:04:05.314  2455 23160 I WindowManager: Failed to capture screenshot of Token{80af6da ActivityRecord{8ef2885 u0 com.example.lee.ffmpegdemo/.MainActivity t1799 f}} appWin=Window{18b7639 u0 Starting com.example.lee.ffmpegdemo} drawState=4
02-05 11:04:05.375  2455  5639 I ActivityManager: Process com.example.lee.ffmpegdemo (pid 23081) has died
02-05 11:04:05.375  2455  5639 D ActivityManager: cleanUpApplicationRecord -- 23081
02-05 11:04:05.524 13474 23133 W System.err: java.io.FileNotFoundException: http://www.estrongs.com/console/service/sample/index.php?source=ESF&country=cn&unique_id=yojfmRG%2BrofYI3TM8gr7Mg==
02-05 11:04:05.524 13474 23133 W System.err: 	at com.android.okhttp.internal.huc.HttpURLConnectionImpl.getInputStream(HttpURLConnectionImpl.java:250)
02-05 11:04:05.524 13474 23133 W System.err: 	at com.estrongs.android.util.u.l(Unknown Source)
02-05 11:04:05.524 13474 23133 W System.err: 	at com.estrongs.android.util.u.a(Unknown Source)
02-05 11:04:05.524 13474 23133 W System.err: 	at com.estrongs.android.util.u$2.run(Unknown Source)
02-05 11:04:05.863  3473  3569 W OpenGLRenderer: Incorrectly called buildLayer on View: ShortcutAndWidgetContainer, destroying layer...
02-05 11:04:05.864  3473  3569 W OpenGLRenderer: Incorrectly called buildLayer on View: ShortcutAndWidgetContainer, destroying layer...
02-05 11:04:06.229 13474 23174 W System.err: java.io.FileNotFoundException: http://conf.international.baidu.com/index.php/Sample/getConf?source=ESF&country=cn&unique_id=yojfmRG%2BrofYI3TM8gr7Mg==
02-05 11:04:06.229 13474 23174 W System.err: 	at com.android.okhttp.internal.huc.HttpURLConnectionImpl.getInputStream(HttpURLConnectionImpl.java:250)
