02-05 10:58:41.191  3396 22210 I chatty  : uid=10019 com.google.android.gms.persistent expire 2 lines
02-05 10:58:41.201  7112 22266 I StatReportEngine: errorCode: 0
02-05 10:58:41.201  7112 22266 I ProtocolPackage: enter
02-05 10:58:41.202  7112 22266 I ProtocolPackage: decrypt process
02-05 10:58:41.202  7112 22266 I ProtocolPackage: exit
02-05 10:58:41.202  7112 22266 I SDKReportManager2: >>onStatReportFinish reportLog onReportFinish errorCode = 0
02-05 10:58:41.202  7112 22266 I StatReportEngine: exit
02-05 10:58:41.230 14472 14472 D BuaReceiver: ====== got intent:Intent { act=android.intent.action.PACKAGE_ADDED dat=package:com.example.lee.ffmpegdemo flg=0x4000010 cmp=com.motorola.android.buacontactadapter/.BuaReceiver (has extras) }
02-05 10:58:41.271  3870  3870 I Finsky  : [1] com.google.android.finsky.wear.WearSupportService.onStartCommand(49): Starting WearSupportService for auto_install
02-05 10:58:41.272  3870  3870 I Finsky  : [1] com.google.android.finsky.wear.ak.a(76): Connecting to wearable; initiated by: com.google.android.finsky.wear.WearSupportService
02-05 10:58:41.304  3396  3396 I chatty  : uid=10019 com.google.android.gms.persistent expire 8 lines
02-05 10:58:41.324 22255 22255 D AndroidRuntime: >>>>>> START com.android.internal.os.RuntimeInit uid 2000 <<<<<<
02-05 10:58:41.326  3870  3870 I Finsky  : [1] com.google.android.finsky.externalreferrer.d.a(67): Package state data is missing for com.example.lee.ffmpegdemo
02-05 10:58:41.329 22255 22255 D AndroidRuntime: CheckJNI is OFF
02-05 10:58:41.350  3396  6032 I chatty  : uid=10019(com.google.android.gms) Binder:3396_F expire 1 line
02-05 10:58:41.388  3870  3870 E Finsky  : [1] com.google.android.finsky.wear.ap.a(3): onConnectionFailed: ConnectionResult{statusCode=API_UNAVAILABLE, resolution=null, message=null}
02-05 10:58:41.388  3870  3870 W Finsky  : [1] com.google.android.finsky.wear.bs.run(12): Dropping command=auto_install due to Gms not connected
02-05 10:58:41.398  2455  3127 W SettingsProvider: You shouldn't keep your settings in the secure settings. This will soon become an error.
02-05 10:58:41.437  3870  3870 I Finsky  : [1] com.google.android.finsky.wear.WearSupportService.b(94): Stopping WearSupportService
02-05 10:58:41.459 22255 22255 D ICU     : No timezone override file found: /data/misc/zoneinfo/current/icu/icu_tzdata.dat
02-05 10:58:41.495 22255 22255 I Radio-JNI: register_android_hardware_Radio DONE
02-05 10:58:41.514 22255 22255 D AndroidRuntime: Calling main entry com.android.commands.am.Am
02-05 10:58:41.519  2455 18637 I ActivityManager: START u0 {act=android.intent.action.MAIN cat=[android.intent.category.LAUNCHER] flg=0x10000000 cmp=com.example.lee.ffmpegdemo/.MainActivity} from uid 2000 on display 0
02-05 10:58:41.549 22255 22255 D AndroidRuntime: Shutting down VM
02-05 10:58:41.571  2455  5482 I ActivityManager: Start proc 22290:com.example.lee.ffmpegdemo/u0a156 for activity com.example.lee.ffmpegdemo/.MainActivity
02-05 10:58:41.575 22290 22290 I art     : Late-enabling -Xcheck:jni
02-05 10:58:41.824 22290 22290 I InstantRun: starting instant run server: is main process
02-05 10:58:41.933 22290 22290 W art     : Before Android 4.1, method android.graphics.PorterDuffColorFilter android.support.graphics.drawable.VectorDrawableCompat.updateTintFilter(android.graphics.PorterDuffColorFilter, android.content.res.ColorStateList, android.graphics.PorterDuff$Mode) would have incorrectly overridden the package-private method in android.graphics.drawable.Drawable
02-05 10:58:41.962  7216 22309 I UpdateIcingCorporaServi: Updating corpora: APPS=com.example.lee.ffmpegdemo, CONTACTS=MAYBE
02-05 10:58:42.094  2455  5637 I ActivityManager: START u0 {flg=0x10800000 cmp=com.estrongs.android.pop/.app.InstallMonitorActivity (has extras)} from uid 10126 on display 0
02-05 10:58:42.101 22290 22290 E ffmpeg  : lueluelue
02-05 10:58:42.101 22290 22290 E ffmpeg  : yingyingying
02-05 10:58:42.101 22290 22290 E (>_<)   : input:	/storage/emulated/0/hh.mp4
02-05 10:58:42.114 22290 22290 E (>_<)   : i = -13
02-05 10:58:42.245  3768 22278 I chatty  : uid=10019(com.google.android.gms) expire 1 line
02-05 10:58:42.370  3768 22338 I chatty  : uid=10019(com.google.android.gms) expire 1 line
02-05 10:58:42.396 22290 22313 I Adreno  : QUALCOMM build                   : a5b4970, If5818605d9
02-05 10:58:42.396 22290 22313 I Adreno  : Build Date                       : 10/12/16
02-05 10:58:42.396 22290 22313 I Adreno  : OpenGL ES Shader Compiler Version: XE031.09.00.04
02-05 10:58:42.396 22290 22313 I Adreno  : Local Branch                     : N24D
02-05 10:58:42.396 22290 22313 I Adreno  : Remote Branch                    : 
02-05 10:58:42.396 22290 22313 I Adreno  : Remote Branch                    : 
02-05 10:58:42.396 22290 22313 I Adreno  : Reconstruct Branch               : 
02-05 10:58:42.401 22290 22313 I OpenGLRenderer: Initialized EGL, version 1.4
02-05 10:58:42.401 22290 22313 D OpenGLRenderer: Swap behavior 1
02-05 10:58:42.450  3768 22345 I chatty  : uid=10019(com.google.android.gms) expire 2 lines
02-05 10:58:42.466 22290 22290 W art     : Before Android 4.1, method int android.support.v7.widget.ListViewCompat.lookForSelectablePosition(int, boolean) would have incorrectly overridden the package-private method in android.widget.ListView
02-05 10:58:42.590  7216  7228 W SearchService: Abort, client detached.
02-05 10:58:42.638  3768 22280 I chatty  : uid=10019(com.google.android.gms) expire 1 line
02-05 10:58:42.686  7216 22309 I UpdateIcingCorporaServi: UpdateCorporaTask done [took 724 ms] updated apps [took 724 ms] 
02-05 10:58:42.771 13474 22314 W System.err: java.io.FileNotFoundException: http://www.estrongs.com/console/service/sample/index.php?source=ESF&country=cn&unique_id=yojfmRG%2BrofYI3TM8gr7Mg==
02-05 10:58:42.771 13474 22314 W System.err: 	at com.android.okhttp.internal.huc.HttpURLConnectionImpl.getInputStream(HttpURLConnectionImpl.java:250)
02-05 10:58:42.771 13474 22314 W System.err: 	at com.estrongs.android.util.u.l(Unknown Source)
02-05 10:58:42.771 13474 22314 W System.err: 	at com.estrongs.android.util.u.a(Unknown Source)
02-05 10:58:42.771 13474 22314 W System.err: 	at com.estrongs.android.util.u$2.run(Unknown Source)
02-05 10:58:42.935  3768  4565 I chatty  : uid=10019(com.google.android.gms) lowpool[3] expire 16 lines
02-05 10:58:43.221 13474 22352 W System.err: java.io.FileNotFoundException: http://conf.international.baidu.com/index.php/Sample/getConf?source=ESF&country=cn&unique_id=yojfmRG%2BrofYI3TM8gr7Mg==
02-05 10:58:43.221 13474 22352 W System.err: 	at com.android.okhttp.internal.huc.HttpURLConnectionImpl.getInputStream(HttpURLConnectionImpl.java:250)
02-05 10:58:43.221 13474 22352 W System.err: 	at com.estrongs.android.util.u.l(Unknown Source)
02-05 10:58:43.221 13474 22352 W System.err: 	at com.estrongs.android.util.u.a(Unknown Source)
02-05 10:58:43.221 13474 22352 W System.err: 	at com.estrongs.android.util.u$2.run(Unknown Source)
02-05 10:58:43.258  3768 18988 I chatty  : uid=10019(com.google.android.gms) lowpool[9] expire 5 lines
02-05 10:58:43.280  3768  4536 I chatty  : uid=10019(com.google.android.gms) Thread-8 expire 20 lines
02-05 10:58:43.412  3768  5648 I chatty  : uid=10019(com.google.android.gms) lowpool[5] expire 3 lines
02-05 10:58:43.725  3768  3867 I chatty  : uid=10019(com.google.android.gms) lowpool[0] expire 6 lines
02-05 10:58:43.948  2455 21700 W ActivityManager: Ignoring remove of inactive process: ProcessRecord{1094742 0:com.example.lee.ffmpegdemo/u0a156}
02-05 10:58:43.962  2455  2480 W InputEventReceiver: Attempted to finish an input event but the input event receiver has already been disposed.
02-05 10:58:44.151  2455  2487 W AppOps  : Finishing op nesting under-run: uid 1000 pkg android code 24 time=0 duration=0 nesting=0
02-05 10:58:49.327  4681 18449 I chatty  : uid=10132(me.zheteng.android.powerstatus) RxCachedThreadS expire 24 lines
02-05 10:58:56.007  3870  3870 I Finsky  : [1] com.google.android.finsky.scheduler.ak.a(145): onJobSchedulerWakeup
02-05 10:58:56.042  3870  3870 I Finsky  : [1] com.google.android.finsky.scheduler.k.a(22): Scheduling fallback in 43199977 (absolute: 50479220)
02-05 10:58:56.045  3870  3870 I Finsky  : [1] com.google.android.finsky.scheduler.k.a(22): Scheduling fallback in 64799998 (absolute: 72079253)
02-05 10:58:56.052  3870  3870 I Finsky  : [1] com.google.android.finsky.scheduler.r.handleMessage(25): DeviceState: DeviceState{currentTime=1517799536046, isCharging=true, isIdle=false, netAny=true, netNotRoaming=true, netUnmetered=true}
02-05 10:58:56.079  3870  3870 I Finsky  : [1] com.google.android.finsky.scheduler.m.a(89): Running job: 1 (12)
02-05 10:58:56.082  3870  3870 I Finsky  : [1] com.google.android.finsky.ac.c.a(40): ContentSyncJob started
02-05 10:58:56.085  3870  3870 I Finsky  : [1] com.google.android.finsky.scheduler.m.a(161): RunningQueue size: 1
02-05 10:58:56.090  3870  3870 I Finsky  : [1] com.google.android.finsky.scheduler.m.a(162): PendingQueue size: 0
02-05 10:58:56.344  4681  4681 I chatty  : uid=10132 me.zheteng.android.powerstatus:remote expire 26 lines
02-05 10:58:58.456  2455  2465 I art     : Background partial concurrent mark sweep GC freed 97687(4MB) AllocSpace objects, 7(140KB) LOS objects, 33% free, 21MB/32MB, paused 831us total 106.978ms
02-05 10:59:00.696  3396 22020 I chatty  : uid=10019 com.google.android.gms.persistent expire 3 lines
02-05 10:59:00.705  3396 22057 I chatty  : uid=10019 com.google.android.gms.persistent expire 1 line
02-05 10:59:00.743  3870  3962 I Finsky  : [162] com.google.android.finsky.contentfilterui.m.a(8): Received content filters request from sharedUserId=com.google.uid.shared:10019
02-05 10:59:01.244  3396 21195 I chatty  : uid=10019 com.google.android.gms.persistent expire 11 lines
02-05 10:59:01.327  4681 18449 I chatty  : uid=10132(me.zheteng.android.powerstatus) RxCachedThreadS expire 41 lines
02-05 10:59:05.797  3870  3962 W Auth    : [GoogleAuthUtil] GoogleAuthUtil
02-05 10:59:09.531  2455  2950 W SettingsProvider: You shouldn't keep your settings in the secure settings. This will soon become an error.
02-05 10:59:15.706 10301 12714 I SDKReportManager2: >>mPostHandler handleMessage enter
02-05 10:59:15.707 10301 12714 I SDKReportManager2: >>mPostHandler msg = MSG_BATCH_REPORT
02-05 10:59:15.712 10301 12714 I SDKReportManager2: >>mPostHandler handleMessage exit
02-05 10:59:19.042   838   838 I kickstart: STATUS: SAHARA_HELLO: hw_info = 0x01030610, pwrup_reason = 0x00004000
02-05 10:59:19.043   838   838 I kickstart: STATUS: Wrote to /sys/power/wake_lock
02-05 10:59:19.069   838   838 E kickstart: ERROR: function: open_file:195 filename = /dev/block/platform/msm_sdcc.1/by-name/mdm1m9kefs1
02-05 10:59:19.069   838   838 I kickstart: STATUS: Opening file '/dev/block/platform/msm_sdcc.1/by-name/mdm1m9kefs1' for writing
02-05 10:59:20.119   838   838 I kickstart: STATUS: Received file 'm9kefs1'
02-05 10:59:20.120   838   838 I kickstart: STATUS: 950272 bytes transferred in 1.049811 seconds
02-05 10:59:20.120   838   838 I kickstart: STATUS: Successfully downloaded files from target 
02-05 10:59:20.120   838   838 I kickstart: STATUS: Wrote to /sys/power/wake_unlock
02-05 10:59:20.123   838   838 I kickstart: STATUS: Sahara protocol completed
02-05 10:59:21.330  4681 18449 I chatty  : uid=10132(me.zheteng.android.powerstatus) RxCachedThreadS expire 41 lines
02-05 10:59:22.341  4681  4681 I chatty  : uid=10132 me.zheteng.android.powerstatus:remote expire 20 lines
02-05 10:59:39.432  3396 22410 I chatty  : uid=10019 com.google.android.gms.persistent expire 1 line
02-05 10:59:41.468  2455  3330 W SettingsProvider: You shouldn't keep your settings in the secure settings. This will soon become an error.
02-05 10:59:41.985  7216  7216 I GrammarCompilationSvcCt: #startService for null, APP_NAMES.
02-05 10:59:42.326  4681 18449 I chatty  : uid=10132(me.zheteng.android.powerstatus) RxCachedThreadS expire 64 lines
02-05 10:59:42.771  4681  4681 I chatty  : uid=10132 me.zheteng.android.powerstatus:remote expire 20 lines
02-05 11:00:00.365  2455  5643 I ActivityManager: Start proc 22464:me.zheteng.android.powerstatus/u0a132 for content provider me.zheteng.android.powerstatus/.MultiprocessPreferences
02-05 11:00:00.420 22464 22464 I chatty  : uid=10132(me.zheteng.android.powerstatus) expire 11 lines
02-05 11:00:00.802 22464 22493 I chatty  : uid=10132(me.zheteng.android.powerstatus) expire 1 line
02-05 11:00:01.624  3894  3955 D MSF.D.QLog: QLog init
02-05 11:00:01.626  7112  7141 D MSF.D.QLog: QLog init
02-05 11:00:01.626 10301 10316 D MSF.D.QLog: QLog init
02-05 11:00:02.340  4681  4681 I chatty  : uid=10132 me.zheteng.android.powerstatus:remote expire 12 lines
02-05 11:00:02.614  3396 21195 I chatty  : uid=10019 com.google.android.gms.persistent expire 15 lines
02-05 11:00:09.612  2455  3127 W SettingsProvider: You shouldn't keep your settings in the secure settings. This will soon become an error.
02-05 11:00:13.437  2455  2465 I art     : Background partial concurrent mark sweep GC freed 61038(2MB) AllocSpace objects, 5(100KB) LOS objects, 33% free, 20MB/31MB, paused 943us total 101.713ms
02-05 11:00:14.329  4681 18449 I chatty  : uid=10132(me.zheteng.android.powerstatus) RxCachedThreadS expire 28 lines
02-05 11:00:14.342  4681  4681 I chatty  : uid=10132 me.zheteng.android.powerstatus:remote expire 14 lines
02-05 11:00:17.664  3870  3922 I PlayCommon: [133] com.google.android.play.a.h.e(262): Preparing logs for uploading
02-05 11:00:21.136  7112 14496 I SDKReportManager2: >>mPostHandler handleMessage enter
02-05 11:00:21.136  7112 14496 I SDKReportManager2: >>mPostHandler msg = MSG_BATCH_REPORT
02-05 11:00:21.142  7112 14496 I SDKReportManager2: >>mPostHandler handleMessage exit
02-05 11:00:27.608 14794 20736 E HttpOperation: [getmobileexperiments] Unexpected exception
02-05 11:00:27.608 14794 20736 E HttpOperation: java.io.IOException: Cannot obtain authentication token
02-05 11:00:27.608 14794 20736 E HttpOperation: 	at tzj.a(PG:84)
02-05 11:00:27.608 14794 20736 E HttpOperation: 	at tyj.o(PG:543)
02-05 11:00:27.608 14794 20736 E HttpOperation: 	at tye.a(PG:1402)
02-05 11:00:27.608 14794 20736 E HttpOperation: 	at tgg.call(PG:1334)
02-05 11:00:27.608 14794 20736 E HttpOperation: 	at java.util.concurrent.FutureTask.run(FutureTask.java:237)
02-05 11:00:27.608 14794 20736 E HttpOperation: 	at java.util.concurrent.ThreadPoolExecutor.runWorker(ThreadPoolExecutor.java:1133)
02-05 11:00:27.608 14794 20736 E HttpOperation: 	at java.util.concurrent.ThreadPoolExecutor$Worker.run(ThreadPoolExecutor.java:607)
02-05 11:00:27.608 14794 20736 E HttpOperation: 	at java.lang.Thread.run(Thread.java:761)
02-05 11:00:27.608 14794 20736 E HttpOperation: Caused by: java.io.IOException: NetworkError
02-05 11:00:27.608 14794 20736 E HttpOperation: 	at oun.a(Unknown Source)
02-05 11:00:27.608 14794 20736 E HttpOperation: 	at oum.a(Unknown Source)
02-05 11:00:27.608 14794 20736 E HttpOperation: 	at oum.b(Unknown Source)
02-05 11:00:27.608 14794 20736 E HttpOperation: 	at oul.c(Unknown Source)
02-05 11:00:27.608 14794 20736 E HttpOperation: 	at oul.a(Unknown Source)
02-05 11:00:27.608 14794 20736 E HttpOperation: 	at rke.a(PG:22)
02-05 11:00:27.608 14794 20736 E HttpOperation: 	at tzf.a(PG:3067)
02-05 11:00:27.608 14794 20736 E HttpOperation: 	at tzf.a(PG:1104)
02-05 11:00:27.608 14794 20736 E HttpOperation: 	at tzj.a(PG:80)
02-05 11:00:27.608 14794 20736 E HttpOperation: 	... 7 more
02-05 11:00:27.609 14794 20736 E LoginManager: Account update failed
02-05 11:00:27.609 14794 20736 E LoginManager: java.io.IOException: Rpc failed
02-05 11:00:27.609 14794 20736 E LoginManager: 	at tgc.a(PG:581)
02-05 11:00:27.609 14794 20736 E LoginManager: 	at tgg.call(PG:3052)
02-05 11:00:27.609 14794 20736 E LoginManager: 	at java.util.concurrent.FutureTask.run(FutureTask.java:237)
02-05 11:00:27.609 14794 20736 E LoginManager: 	at java.util.concurrent.ThreadPoolExecutor.runWorker(ThreadPoolExecutor.java:1133)
02-05 11:00:27.609 14794 20736 E LoginManager: 	at java.util.concurrent.ThreadPoolExecutor$Worker.run(ThreadPoolExecutor.java:607)
02-05 11:00:27.609 14794 20736 E LoginManager: 	at java.lang.Thread.run(Thread.java:761)
02-05 11:00:27.609 14794 20736 E LoginManager: Caused by: java.io.IOException: Cannot obtain authentication token
02-05 11:00:27.609 14794 20736 E LoginManager: 	at tzj.a(PG:84)
02-05 11:00:27.609 14794 20736 E LoginManager: 	at tyj.o(PG:543)
02-05 11:00:27.609 14794 20736 E LoginManager: 	at tye.a(PG:1402)
02-05 11:00:27.609 14794 20736 E LoginManager: 	at tgg.call(PG:1334)
02-05 11:00:27.609 14794 20736 E LoginManager: 	... 4 more
02-05 11:00:27.609 14794 20736 E LoginManager: Caused by: java.io.IOException: NetworkError
02-05 11:00:27.609 14794 20736 E LoginManager: 	at oun.a(Unknown Source)
02-05 11:00:27.609 14794 20736 E LoginManager: 	at oum.a(Unknown Source)
02-05 11:00:27.609 14794 20736 E LoginManager: 	at oum.b(Unknown Source)
02-05 11:00:27.609 14794 20736 E LoginManager: 	at oul.c(Unknown Source)
02-05 11:00:27.609 14794 20736 E LoginManager: 	at oul.a(Unknown Source)
02-05 11:00:27.609 14794 20736 E LoginManager: 	at rke.a(PG:22)
02-05 11:00:27.609 14794 20736 E LoginManager: 	at tzf.a(PG:3067)
02-05 11:00:27.609 14794 20736 E LoginManager: 	at tzf.a(PG:1104)
02-05 11:00:27.609 14794 20736 E LoginManager: 	at tzj.a(PG:80)
02-05 11:00:27.609 14794 20736 E LoginManager: 	... 7 more
02-05 11:00:28.327  4681 18449 I chatty  : uid=10132(me.zheteng.android.powerstatus) RxCachedThreadS expire 60 lines
02-05 11:00:28.333  4681  4681 I chatty  : uid=10132 me.zheteng.android.powerstatus:remote expire 28 lines
02-05 11:00:32.019  3870 22543 E Finsky  : [225] com.google.android.finsky.verifier.impl.ch.doInBackground(12): Verification id=11 error response com.android.volley.NoConnectionError: org.chromium.net.impl.NetworkExceptionImpl: Exception in CronetUrlRequest: net::ERR_CONNECTION_TIMED_OUT, ErrorCode=6, InternalErrorCode=-118, Retryable=true
02-05 11:00:32.079  3870  3870 E Finsky  : [1] com.google.android.finsky.verifier.impl.bf.a(83): Could not connect to Clearcut: java.lang.IllegalStateException: blockingConnect must not be called on the UI thread
02-05 11:00:41.544  2455  5642 W SettingsProvider: You shouldn't keep your settings in the secure settings. This will soon become an error.
02-05 11:00:54.688 22552 22552 D AndroidRuntime: >>>>>> START com.android.internal.os.RuntimeInit uid 2000 <<<<<<
02-05 11:00:54.693 22552 22552 D AndroidRuntime: CheckJNI is OFF
02-05 11:00:54.792 22552 22552 D ICU     : No timezone override file found: /data/misc/zoneinfo/current/icu/icu_tzdata.dat
02-05 11:00:54.837 22552 22552 I Radio-JNI: register_android_hardware_Radio DONE
02-05 11:00:54.859 22552 22552 D AndroidRuntime: Calling main entry com.android.commands.am.Am
02-05 11:00:54.866  2455  5634 I ActivityManager: Force stopping com.example.lee.ffmpegdemo appid=10156 user=0: from pid 22552
02-05 11:00:54.866  2455  5634 I ActivityManager: Killing 22290:com.example.lee.ffmpegdemo/u0a156 (adj 0): stop com.example.lee.ffmpegdemo
02-05 11:00:54.867  2455  5634 D ActivityManager: cleanUpApplicationRecord -- 22290
02-05 11:00:54.868  2455  5634 W ActivityManager: Force removing ActivityRecord{46a4301 u0 com.example.lee.ffmpegdemo/.MainActivity t1795}: app died, no saved state
02-05 11:00:54.897  2455  2487 E JavaBinder: !!! FAILED BINDER TRANSACTION !!!  (parcel size = 60)
02-05 11:00:54.907  2455  3156 D GraphicsStats: Buffer count: 7
02-05 11:00:54.928 22552 22552 D AndroidRuntime: Shutting down VM
02-05 11:00:54.935  3106  3106 D CarrierSvcBindHelper: No carrier app for: 0
02-05 11:00:54.978  3451  3451 D RegisteredNfcFServicesCache: Service unchanged, not updating
02-05 11:00:54.996  7216 12781 I AttachedClient: Adding client event 2 to pending list.
02-05 11:00:55.006  2455  2488 W ProcessCpuTracker: Skipping unknown process pid 22552
02-05 11:00:55.027  7216  7216 I OptInState: There is a new client and it does not support opt-in. Dropping request.
02-05 11:00:55.030  7216  7216 I MicroDetectionWorker: Micro detection mode: [mDetectionMode: [1]].
02-05 11:00:55.040  7216 22564 I MicroRecognitionRunner: Starting detection.
02-05 11:00:55.045  7216 22566 I MicrophoneInputStream: mic_starting com.google.android.apps.gsa.speech.audio.ae@4070af9
02-05 11:00:55.049  2039 22568 I AudioFlinger: AudioFlinger's thread 0xb0f83240 ready to run
02-05 11:00:55.051  2039  2310 I SoundTriggerHwService::Module: void android::SoundTriggerHwService::Module::onCallbackEvent(const sp<android::SoundTriggerHwService::CallbackEvent> &) mClient == 0
02-05 11:00:55.053  2039 22568 E audio_route: unable to find path 'set-capture-format-default'
02-05 11:00:55.053  2039 22568 D audio_hw_primary: enable_snd_device: snd_device(63: voice-rec-mic)
02-05 11:00:55.053  7216 22566 I MicrophoneInputStream: mic_started com.google.android.apps.gsa.speech.audio.ae@4070af9
02-05 11:00:55.060  2039 22568 D audio_hw_primary: enable_audio_route: usecase(8) apply and update mixer path: audio-record
02-05 11:00:55.111  2455  2465 I art     : Background partial concurrent mark sweep GC freed 48182(1956KB) AllocSpace objects, 1(20KB) LOS objects, 33% free, 21MB/31MB, paused 3.735ms total 125.771ms
02-05 11:00:55.129  7216  7216 I MicroDetectionWorker: onReady
02-05 11:00:55.551  3473  3569 W OpenGLRenderer: Incorrectly called buildLayer on View: ShortcutAndWidgetContainer, destroying layer...
02-05 11:00:55.551  3473  3569 W OpenGLRenderer: Incorrectly called buildLayer on View: ShortcutAndWidgetContainer, destroying layer...
02-05 11:00:55.729 22562 22562 D AndroidRuntime: >>>>>> START com.android.internal.os.RuntimeInit uid 2000 <<<<<<
02-05 11:00:55.736 22562 22562 D AndroidRuntime: CheckJNI is OFF
02-05 11:00:55.828 22562 22562 D ICU     : No timezone override file found: /data/misc/zoneinfo/current/icu/icu_tzdata.dat
02-05 11:00:55.878 22562 22562 I Radio-JNI: register_android_hardware_Radio DONE
02-05 11:00:55.901 22562 22562 D AndroidRuntime: Calling main entry com.android.commands.pm.Pm
02-05 11:00:55.918 22562 22562 I art     : System.exit called, status: 0
02-05 11:00:55.918 22562 22562 I AndroidRuntime: VM exiting with result code 0.
02-05 11:00:55.941 22562 22591 W MessageQueue: Handler (android.os.Handler) {7e8a2f3} sending message to a Handler on a dead thread
02-05 11:00:55.941 22562 22591 W MessageQueue: java.lang.IllegalStateException: Handler (android.os.Handler) {7e8a2f3} sending message to a Handler on a dead thread
02-05 11:00:55.941 22562 22591 W MessageQueue: 	at android.os.MessageQueue.enqueueMessage(MessageQueue.java:543)
02-05 11:00:55.941 22562 22591 W MessageQueue: 	at android.os.Handler.enqueueMessage(Handler.java:643)
02-05 11:00:55.941 22562 22591 W MessageQueue: 	at android.os.Handler.sendMessageAtTime(Handler.java:612)
02-05 11:00:55.941 22562 22591 W MessageQueue: 	at android.os.Handler.sendMessageDelayed(Handler.java:582)
02-05 11:00:55.941 22562 22591 W MessageQueue: 	at android.os.Handler.post(Handler.java:338)
02-05 11:00:55.941 22562 22591 W MessageQueue: 	at android.os.ResultReceiver$MyResultReceiver.send(ResultReceiver.java:57)
02-05 11:00:55.941 22562 22591 W MessageQueue: 	at com.android.internal.os.IResultReceiver$Stub.onTransact(IResultReceiver.java:58)
02-05 11:00:55.941 22562 22591 W MessageQueue: 	at android.os.Binder.execTransact(Binder.java:565)
02-05 11:00:56.380  4681  4681 I chatty  : uid=10132 me.zheteng.android.powerstatus:remote expire 14 lines
02-05 11:00:57.044 22602 22602 D AndroidRuntime: >>>>>> START com.android.internal.os.RuntimeInit uid 2000 <<<<<<
02-05 11:00:57.050 22602 22602 D AndroidRuntime: CheckJNI is OFF
02-05 11:00:57.150 22602 22602 D ICU     : No timezone override file found: /data/misc/zoneinfo/current/icu/icu_tzdata.dat
02-05 11:00:57.238 22602 22602 I Radio-JNI: register_android_hardware_Radio DONE
02-05 11:00:57.268 22602 22602 D AndroidRuntime: Calling main entry com.android.commands.pm.Pm
02-05 11:00:57.286 22602 22602 I art     : System.exit called, status: 0
02-05 11:00:57.286 22602 22602 I AndroidRuntime: VM exiting with result code 0.
02-05 11:00:57.311 22602 22610 W MessageQueue: Handler (android.os.Handler) {e5348fd} sending message to a Handler on a dead thread
02-05 11:00:57.311 22602 22610 W MessageQueue: java.lang.IllegalStateException: Handler (android.os.Handler) {e5348fd} sending message to a Handler on a dead thread
02-05 11:00:57.311 22602 22610 W MessageQueue: 	at android.os.MessageQueue.enqueueMessage(MessageQueue.java:543)
02-05 11:00:57.311 22602 22610 W MessageQueue: 	at android.os.Handler.enqueueMessage(Handler.java:643)
02-05 11:00:57.311 22602 22610 W MessageQueue: 	at android.os.Handler.sendMessageAtTime(Handler.java:612)
02-05 11:00:57.311 22602 22610 W MessageQueue: 	at android.os.Handler.sendMessageDelayed(Handler.java:582)
02-05 11:00:57.311 22602 22610 W MessageQueue: 	at android.os.Handler.post(Handler.java:338)
02-05 11:00:57.311 22602 22610 W MessageQueue: 	at android.os.ResultReceiver$MyResultReceiver.send(ResultReceiver.java:57)
02-05 11:00:57.311 22602 22610 W MessageQueue: 	at com.android.internal.os.IResultReceiver$Stub.onTransact(IResultReceiver.java:58)
02-05 11:00:57.311 22602 22610 W MessageQueue: 	at android.os.Binder.execTransact(Binder.java:565)
02-05 11:00:58.326  4681 18449 I chatty  : uid=10132(me.zheteng.android.powerstatus) RxCachedThreadS expire 27 lines
02-05 11:01:00.042  2455  2479 I ProcessStatsService: Prepared write state in 7ms
02-05 11:01:00.131  7216 22572 W Search.LoginHelper: TimeoutException while waiting for token.
02-05 11:01:00.131  7216 22572 W Search.LoginHelper: java.util.concurrent.TimeoutException
02-05 11:01:00.131  7216 22572 W Search.LoginHelper: 	at java.util.concurrent.FutureTask.get(FutureTask.java:177)
02-05 11:01:00.131  7216 22572 W Search.LoginHelper: 	at com.google.android.apps.gsa.search.core.google.gaia.o.a(SourceFile:930)
02-05 11:01:00.131  7216 22572 W Search.LoginHelper: 	at com.google.android.apps.gsa.search.core.google.gaia.o.a(SourceFile:834)
02-05 11:01:00.131  7216 22572 W Search.LoginHelper: 	at com.google.android.apps.gsa.sidekick.main.am.a(SourceFile:470)
02-05 11:01:00.131  7216 22572 W Search.LoginHelper: 	at com.google.android.apps.gsa.search.core.al.u(SourceFile:13934)
02-05 11:01:00.131  7216 22572 W Search.LoginHelper: 	at com.google.android.apps.gsa.search.core.al$3.run(SourceFile:843)
02-05 11:01:00.131  7216 22572 W Search.LoginHelper: 	at java.util.concurrent.Executors$RunnableAdapter.call(Executors.java:428)
02-05 11:01:00.131  7216 22572 W Search.LoginHelper: 	at java.util.concurrent.FutureTask.run(FutureTask.java:237)
02-05 11:01:00.131  7216 22572 W Search.LoginHelper: 	at com.google.android.apps.gsa.shared.util.concurrent.a.ak.run(SourceFile:66)
02-05 11:01:00.131  7216 22572 W Search.LoginHelper: 	at com.google.android.apps.gsa.shared.util.concurrent.a.ax.run(SourceFile:139)
02-05 11:01:00.131  7216 22572 W Search.LoginHelper: 	at com.google.android.apps.gsa.shared.util.concurrent.a.ax.run(SourceFile:139)
02-05 11:01:00.131  7216 22572 W Search.LoginHelper: 	at java.util.concurrent.ThreadPoolExecutor.runWorker(ThreadPoolExecutor.java:1133)
02-05 11:01:00.131  7216 22572 W Search.LoginHelper: 	at java.util.concurrent.ThreadPoolExecutor$Worker.run(ThreadPoolExecutor.java:607)
02-05 11:01:00.131  7216 22572 W Search.LoginHelper: 	at java.lang.Thread.run(Thread.java:761)
02-05 11:01:00.131  7216 22572 W Search.LoginHelper: 	at com.google.android.apps.gsa.shared.util.concurrent.a.ad$1.run(SourceFile:85)
02-05 11:01:00.132  7216 22572 W Search.LoginHelper: [Trace]
02-05 11:01:00.132  7216 22572 W Search.LoginHelper: LoginHelper: get token: 5000+
02-05 11:01:00.132  7216 22572 W Search.LoginHelper:   CachingGoogleAuthAdapter: access token cache: 0
02-05 11:01:00.132  7216 22572 W Search.LoginHelper:   CachingGoogleAuthAdapter: get token from wrapped adapter: 5000+
02-05 11:01:00.132  7216 22572 W Search.LoginHelper:     FallingBackGoogleAuthAdapter: try chosen adapter: 5000+
02-05 11:01:00.132  7216 22572 W Search.LoginHelper:       GoogleAuthAdapter: get token with auth-util: 5000+
02-05 11:01:00.132  7216 22572 E VelvetNetworkClient: Failed to get auth token
02-05 11:01:04.971 13474 13474 W Settings: Setting stay_on_while_plugged_in has moved from android.provider.Settings.System to android.provider.Settings.Global, returning read-only value.
02-05 11:01:04.984  2455  2482 E BatteryStatsService: no controller energy info supplied
02-05 11:01:05.064  2455  2482 E BatteryStatsService: power: Missing API
02-05 11:01:05.099  2455  2482 E BatteryStatsService: modem info is invalid: ModemActivityInfo{ mTimestamp=0 mSleepTimeMs=0 mIdleTimeMs=0 mTxTimeMs[]=[0, 0, 0, 0, 0] mRxTimeMs=0 mEnergyUsed=0}
02-05 11:01:09.411  2455  2938 I WifiHAL : Got channel list with 11 channels
02-05 11:01:09.412  2455  2938 I WifiHAL : Got channel list with 9 channels
02-05 11:01:09.415  2455  2938 I WifiHAL : Got channel list with 0 channels
02-05 11:01:09.415  2455  2938 W WifiHAL : Ignoring invalid attribute type = 37, size = 0
02-05 11:01:09.654  2455  5642 W SettingsProvider: You shouldn't keep your settings in the secure settings. This will soon become an error.
02-05 11:01:10.340  4681  4681 I chatty  : uid=10132 me.zheteng.android.powerstatus:remote expire 12 lines
02-05 11:01:11.330  4681 18449 I chatty  : uid=10132(me.zheteng.android.powerstatus) RxCachedThreadS expire 21 lines
02-05 11:01:19.887 22645 22645 D AndroidRuntime: >>>>>> START com.android.internal.os.RuntimeInit uid 2000 <<<<<<
02-05 11:01:19.893 22645 22645 D AndroidRuntime: CheckJNI is OFF
02-05 11:01:19.990 22645 22645 D ICU     : No timezone override file found: /data/misc/zoneinfo/current/icu/icu_tzdata.dat
02-05 11:01:20.037 22645 22645 I Radio-JNI: register_android_hardware_Radio DONE
02-05 11:01:20.059 22645 22645 D AndroidRuntime: Calling main entry com.android.commands.pm.Pm
02-05 11:01:20.080 22645 22645 I art     : System.exit called, status: 0
02-05 11:01:20.080 22645 22645 I AndroidRuntime: VM exiting with result code 0.
02-05 11:01:21.616 22664 22664 D AndroidRuntime: >>>>>> START com.android.internal.os.RuntimeInit uid 2000 <<<<<<
02-05 11:01:21.621 22664 22664 D AndroidRuntime: CheckJNI is OFF
02-05 11:01:21.724 22664 22664 D ICU     : No timezone override file found: /data/misc/zoneinfo/current/icu/icu_tzdata.dat
02-05 11:01:21.801 22664 22664 I Radio-JNI: register_android_hardware_Radio DONE
02-05 11:01:21.830 22664 22664 D AndroidRuntime: Calling main entry com.android.commands.pm.Pm
02-05 11:01:21.843 22664 22664 I art     : System.exit called, status: 0
02-05 11:01:21.843 22664 22672 W MessageQueue: Handler (android.os.Handler) {b531175} sending message to a Handler on a dead thread
02-05 11:01:21.843 22664 22672 W MessageQueue: java.lang.IllegalStateException: Handler (android.os.Handler) {b531175} sending message to a Handler on a dead thread
02-05 11:01:21.843 22664 22672 W MessageQueue: 	at android.os.MessageQueue.enqueueMessage(MessageQueue.java:543)
02-05 11:01:21.843 22664 22672 W MessageQueue: 	at android.os.Handler.enqueueMessage(Handler.java:643)
02-05 11:01:21.843 22664 22672 W MessageQueue: 	at android.os.Handler.sendMessageAtTime(Handler.java:612)
02-05 11:01:21.843 22664 22672 W MessageQueue: 	at android.os.Handler.sendMessageDelayed(Handler.java:582)
02-05 11:01:21.843 22664 22672 W MessageQueue: 	at android.os.Handler.post(Handler.java:338)
02-05 11:01:21.843 22664 22672 W MessageQueue: 	at android.os.ResultReceiver$MyResultReceiver.send(ResultReceiver.java:57)
02-05 11:01:21.843 22664 22672 W MessageQueue: 	at com.android.internal.os.IResultReceiver$Stub.onTransact(IResultReceiver.java:58)
02-05 11:01:21.843 22664 22672 W MessageQueue: 	at android.os.Binder.execTransact(Binder.java:565)
02-05 11:01:21.843 22664 22664 I AndroidRuntime: VM exiting with result code 0.
02-05 11:01:22.328  4681 18449 I chatty  : uid=10132(me.zheteng.android.powerstatus) RxCachedThreadS expire 24 lines
02-05 11:01:22.347  4681  4681 I chatty  : uid=10132 me.zheteng.android.powerstatus:remote expire 13 lines
02-05 11:01:24.579  2042  2042 I         : free_cache(6444377) avail 2635751424
02-05 11:01:25.143 22680 22680 D AndroidRuntime: >>>>>> START com.android.internal.os.RuntimeInit uid 2000 <<<<<<
02-05 11:01:25.148 22680 22680 D AndroidRuntime: CheckJNI is OFF
02-05 11:01:25.255 22680 22680 D ICU     : No timezone override file found: /data/misc/zoneinfo/current/icu/icu_tzdata.dat
02-05 11:01:25.295 22680 22680 I Radio-JNI: register_android_hardware_Radio DONE
02-05 11:01:25.316 22680 22680 D AndroidRuntime: Calling main entry com.android.commands.wm.Wm
02-05 11:01:25.324 22680 22680 D AndroidRuntime: Shutting down VM
02-05 11:01:27.185  2455  2911 D PackageInstaller: Inherited files: [/data/app/com.example.lee.ffmpegdemo-1/split_lib_dependencies_apk.apk, /data/app/com.example.lee.ffmpegdemo-1/split_lib_slice_0_apk.apk, /data/app/com.example.lee.ffmpegdemo-1/split_lib_slice_1_apk.apk, /data/app/com.example.lee.ffmpegdemo-1/split_lib_slice_2_apk.apk, /data/app/com.example.lee.ffmpegdemo-1/split_lib_slice_3_apk.apk, /data/app/com.example.lee.ffmpegdemo-1/split_lib_slice_4_apk.apk, /data/app/com.example.lee.ffmpegdemo-1/split_lib_slice_5_apk.apk, /data/app/com.example.lee.ffmpegdemo-1/split_lib_slice_6_apk.apk, /data/app/com.example.lee.ffmpegdemo-1/split_lib_slice_7_apk.apk, /data/app/com.example.lee.ffmpegdemo-1/split_lib_slice_8_apk.apk, /data/app/com.example.lee.ffmpegdemo-1/split_lib_slice_9_apk.apk, /data/app/com.example.lee.ffmpegdemo-1/oat/arm/base.odex]
02-05 11:01:27.193  2455  2911 D PackageInstaller: Linked 12 files into /data/app/vmdl664200996.tmp
02-05 11:01:27.441  3870  3870 I Finsky  : [1] com.google.android.finsky.verifier.impl.PackageVerificationReceiver.onReceive(14): Verification requested, id = 12
02-05 11:01:27.454  3870 22710 W Settings: Setting install_non_market_apps has moved from android.provider.Settings.Global to android.provider.Settings.Secure, returning read-only value.
02-05 11:01:27.466  3870 22710 W PackageParser: Unknown element under <manifest>: meta-data at /data/app/vmdl664200996.tmp/base.apk Binary XML file line #15
02-05 11:01:27.640  3870 22710 I Finsky  : [227] com.google.android.finsky.foregroundcoordinator.ForegroundCoordinator.a(9): Task 7 requested foreground
02-05 11:01:27.641  3870 22710 I Finsky  : [227] com.google.android.finsky.foregroundcoordinator.ForegroundCoordinator.a(35): Not entering foreground
02-05 11:01:29.533  3396 22629 I chatty  : uid=10019 com.google.android.gms.persistent expire 1 line
02-05 11:01:29.537  3396  3822 I chatty  : uid=10019(com.google.android.gms) highpool[2] expire 12 lines
02-05 11:01:30.452  2455  2465 I art     : Background partial concurrent mark sweep GC freed 89511(4MB) AllocSpace objects, 32(1052KB) LOS objects, 33% free, 21MB/31MB, paused 856us total 108.512ms
02-05 11:01:34.057  2455  2945 D NotificationSQLiteLog: Pruned event entries: 1026
02-05 11:01:34.327  4681 18449 I chatty  : uid=10132(me.zheteng.android.powerstatus) RxCachedThreadS expire 22 lines
02-05 11:01:35.359  4681  4681 I chatty  : uid=10132 me.zheteng.android.powerstatus:remote expire 11 lines
02-05 11:01:41.695  2455  5638 W SettingsProvider: You shouldn't keep your settings in the secure settings. This will soon become an error.
02-05 11:01:42.485  2455  2496 I PackageManager: Verification timed out for file:///data/app/vmdl664200996.tmp
02-05 11:01:42.485  2455  2496 I PackageManager: Continuing with installation of file:///data/app/vmdl664200996.tmp
02-05 11:01:42.519  3870  3870 E Finsky  : [1] com.google.android.finsky.verifier.impl.bf.a(83): Could not connect to Clearcut: java.lang.IllegalStateException: blockingConnect must not be called on the UI thread
02-05 11:01:42.524  3870  3870 I Finsky  : [1] com.google.android.finsky.verifier.impl.de.c(115): Verification complete: id=12, package_name=com.example.lee.ffmpegdemo
02-05 11:01:42.544  2455  2496 W PackageParser: Unknown element under <manifest>: meta-data at /data/app/vmdl664200996.tmp/base.apk Binary XML file line #15
02-05 11:01:42.605  2455  2479 I ActivityManager: Force stopping com.example.lee.ffmpegdemo appid=10156 user=-1: installPackageLI
02-05 11:01:42.779  2496  2496 W PackageManager: type=1400 audit(0.0:512): avc: denied { read } for name="foreign-dex" dev="dm-0" ino=636513 scontext=u:r:system_server:s0 tcontext=u:object_r:user_profile_data_file:s0 tclass=dir permissive=0
02-05 11:01:42.785  2455  2496 I PackageManager: Package com.example.lee.ffmpegdemo codePath changed from /data/app/com.example.lee.ffmpegdemo-1 to /data/app/com.example.lee.ffmpegdemo-2; Retaining data and using new
02-05 11:01:42.785  2455  2496 W PackageManager: Code path for com.example.lee.ffmpegdemo changing from /data/app/com.example.lee.ffmpegdemo-1 to /data/app/com.example.lee.ffmpegdemo-2
02-05 11:01:42.785  2455  2496 W PackageManager: Resource path for com.example.lee.ffmpegdemo changing from /data/app/com.example.lee.ffmpegdemo-1 to /data/app/com.example.lee.ffmpegdemo-2
02-05 11:01:43.223  2455  2496 I art     : Starting a blocking GC Explicit
02-05 11:01:43.324  2455  2496 I art     : Explicit concurrent mark sweep GC freed 92684(4MB) AllocSpace objects, 11(220KB) LOS objects, 33% free, 20MB/31MB, paused 1.043ms total 99.210ms
02-05 11:01:43.376  2042  2042 E         : Couldn't opendir /data/app/vmdl664200996.tmp: No such file or directory
02-05 11:01:43.380  2455  2496 I ActivityManager: Force stopping com.example.lee.ffmpegdemo appid=10156 user=0: pkg removed
02-05 11:01:43.416  2455  2927 I InputReader: Reconfiguring input devices.  changes=0x00000010
02-05 11:01:43.532  3008  3033 I art     : Background partial concurrent mark sweep GC freed 143420(5MB) AllocSpace objects, 13(364KB) LOS objects, 27% free, 41MB/57MB, paused 318us total 123.482ms
02-05 11:01:43.581  7216  7226 I art     : Background partial concurrent mark sweep GC freed 9587(653KB) AllocSpace objects, 1(68KB) LOS objects, 40% free, 13MB/22MB, paused 601us total 191.305ms
02-05 11:01:43.607 14472 14472 D BuaReceiver: ====== got intent:Intent { act=android.intent.action.PACKAGE_REMOVED dat=package:com.example.lee.ffmpegdemo flg=0x4000010 cmp=com.motorola.android.buacontactadapter/.BuaReceiver (has extras) }
02-05 11:01:43.647  2455  2927 I InputReader: Reconfiguring input devices.  changes=0x00000010
02-05 11:01:43.650  7112  7112 D WadlJSBridgePackageInstallReceiver: ##@isQQProcess:YES
02-05 11:01:43.673  7112 14491 I SDKReportManager2: >>postReport enter
02-05 11:01:43.673  7112 14491 I SDKReportManager2: >>postReport type = 9 data = 1517799703||com.example.lee.ffmpegdemo|
02-05 11:01:43.673  7112 14491 I SDKReportManager2: >>postReport exit
02-05 11:01:43.836  3106  3106 D CarrierSvcBindHelper: No carrier app for: 0
02-05 11:01:43.836  3106  3106 D CarrierSvcBindHelper: No carrier app for: 0
02-05 11:01:43.865  3106  3106 D CarrierConfigLoader: mHandler: 9 phoneId: 0
02-05 11:01:43.865  2455  2927 I InputReader: Reconfiguring input devices.  changes=0x00000010
02-05 11:01:43.876  3451  3451 D RegisteredNfcFServicesCache: Service unchanged, not updating
02-05 11:01:43.920 20572 20572 W ContextImpl: Calling a method in the system process without a qualified user: android.app.ContextImpl.startService:1357 android.content.ContextWrapper.startService:613 android.content.ContextWrapper.startService:613 com.android.keychain.KeyChainBroadcastReceiver.onReceive:12 android.app.ActivityThread.handleReceiver:3040 
02-05 11:01:44.046 13474 13484 I art     : Background partial concurrent mark sweep GC freed 215590(11MB) AllocSpace objects, 21(632KB) LOS objects, 16% free, 81MB/97MB, paused 3.549ms total 648.677ms
02-05 11:01:44.097  3396 22631 I chatty  : uid=10019 com.google.android.gms.persistent expire 2 lines
02-05 11:01:44.136 14472 14472 D BuaReceiver: ====== got intent:Intent { act=android.intent.action.PACKAGE_ADDED dat=package:com.example.lee.ffmpegdemo flg=0x4000010 cmp=com.motorola.android.buacontactadapter/.BuaReceiver (has extras) }
02-05 11:01:44.174  7112 14496 I SDKReportManager2: >>mPostHandler handleMessage enter
02-05 11:01:44.174  7112 14496 I SDKReportManager2: >>mPostHandler msg = MSG_POST_REPORT
02-05 11:01:44.174  7112 14496 I SDKREPORT: >>sendRequest type = 9 data = 1517799703||com.example.lee.ffmpegdemo|
02-05 11:01:44.174  7112 14496 I ProtocolPackage: enter
02-05 11:01:44.174  7112 14496 I ProtocolPackage: enter
02-05 11:01:44.176  7112 14496 I SelfUpdateSDK: getQQDownloaderAPILevel
02-05 11:01:44.177  7112 14496 I ProtocolPackage: exit
02-05 11:01:44.177  7112 14496 I ProtocolPackage: exit
02-05 11:01:44.177  7112 14496 I StatReportEngine: selfUpdateReport sendStatReportRequest ret = 15
02-05 11:01:44.177  7112 14496 I ProtocolPackage: enter
02-05 11:01:44.177  7112 14496 I ProtocolPackage: encrypt process
02-05 11:01:44.177  7112 14496 I ProtocolPackage: exit
02-05 11:01:44.177  7112 14496 I StatReportEngine: selfUpdateReport sendStatReportRequest
02-05 11:01:44.178  7112 14496 I SDKReportManager2: timelyReport
02-05 11:01:44.178  7112 14496 I SDKReportManager2: >>mPostHandler handleMessage exit
02-05 11:01:44.179  7112 22760 I BaseHttpRequest: halleyTest serverUrl=http://masdk.3g.qq.com/
02-05 11:01:44.186  3870  3870 I Finsky  : [1] com.google.android.finsky.wear.WearSupportService.onStartCommand(49): Starting WearSupportService for auto_install
02-05 11:01:44.199  3870  3870 I Finsky  : [1] com.google.android.finsky.wear.ak.a(76): Connecting to wearable; initiated by: com.google.android.finsky.wear.WearSupportService
02-05 11:01:44.234  3870  3870 I Finsky  : [1] com.google.android.finsky.externalreferrer.d.a(67): Package state data is missing for com.example.lee.ffmpegdemo
02-05 11:01:44.276  3396  7241 I chatty  : uid=10019(com.google.android.gms) Binder:3396_10 expire 1 line
02-05 11:01:44.373  3870  3870 E Finsky  : [1] com.google.android.finsky.wear.ap.a(3): onConnectionFailed: ConnectionResult{statusCode=API_UNAVAILABLE, resolution=null, message=null}
02-05 11:01:44.374  3870  3870 W Finsky  : [1] com.google.android.finsky.wear.bs.run(12): Dropping command=auto_install due to Gms not connected
02-05 11:01:44.374  3870  3870 I Finsky  : [1] com.google.android.finsky.wear.WearSupportService.b(94): Stopping WearSupportService
02-05 11:01:44.586  7216 22770 I UpdateIcingCorporaServi: Updating corpora: APPS=com.example.lee.ffmpegdemo, CONTACTS=MAYBE
02-05 11:01:44.650  3768  5472 I chatty  : uid=10019(com.google.android.gms) highpool[2] expire 6 lines
02-05 11:01:44.658  3768 22765 I chatty  : uid=10019(com.google.android.gms) expire 1 line
02-05 11:01:44.716  3768 22752 I chatty  : uid=10019(com.google.android.gms) expire 1 line
02-05 11:01:44.747  3768  3779 I chatty  : uid=10019(com.google.android.gms) HeapTaskDaemon expire 4 lines
02-05 11:01:44.747  3768 22785 I chatty  : uid=10019(com.google.android.gms) expire 4 lines
02-05 11:01:44.750  7112 22760 I StatReportEngine: errorCode: 0
02-05 11:01:44.750  7112 22760 I ProtocolPackage: enter
02-05 11:01:44.750  7112 22760 I ProtocolPackage: decrypt process
02-05 11:01:44.750  7112 22760 I ProtocolPackage: exit
02-05 11:01:44.750  7112 22760 I SDKReportManager2: >>onStatReportFinish reportLog onReportFinish errorCode = 0
02-05 11:01:44.750  7112 22760 I StatReportEngine: exit
02-05 11:01:44.993  2455  2950 I ActivityManager: START u0 {flg=0x10800000 cmp=com.estrongs.android.pop/.app.InstallMonitorActivity (has extras)} from uid 10126 on display 0
02-05 11:01:44.998  7216  7216 I MicroDetector: Keeping mic open: false
02-05 11:01:44.998  7216 22570 I AudioController: internalShutdown
02-05 11:01:44.998  7216 22570 I MicrophoneInputStream: mic_close com.google.android.apps.gsa.speech.audio.ae@4070af9
02-05 11:01:44.999  7216  7254 I MicroRecognitionRunner: Stopping hotword detection.
02-05 11:01:44.999  7216 22565 I DeviceStateChecker: DeviceStateChecker cancelled
02-05 11:01:45.045  2039 22568 D audio_hw_primary: disable_audio_route: usecase(8) reset and update mixer path: audio-record
02-05 11:01:45.046  2039 22568 D audio_hw_primary: disable_snd_device: snd_device(63: voice-rec-mic)
02-05 11:01:45.051  2039  2310 I SoundTriggerHwService::Module: void android::SoundTriggerHwService::Module::onCallbackEvent(const sp<android::SoundTriggerHwService::CallbackEvent> &) mClient == 0
02-05 11:01:45.053  7216 22564 I MicroRecognitionRunner: Detection finished
02-05 11:01:45.079  7216 22770 I UpdateIcingCorporaServi: UpdateCorporaTask done [took 493 ms] updated apps [took 493 ms] 
02-05 11:01:45.142  2455  2476 W InputMethodManagerService: Window already focused, ignoring focus gain of: com.android.internal.view.IInputMethodClient$Stub$Proxy@1e36b1f attribute=null, token = android.os.BinderProxy@1946c3c
02-05 11:01:45.200  7216  7216 I MicroDetectionWorker: Micro detection mode: [mDetectionMode: [1]].
02-05 11:01:45.216  7216 22820 I MicroRecognitionRunner: Starting detection.
02-05 11:01:45.216  7216 22570 I MicrophoneInputStream: mic_starting com.google.android.apps.gsa.speech.audio.ae@af21086
02-05 11:01:45.221  2039 22822 I AudioFlinger: AudioFlinger's thread 0xb1283c00 ready to run
02-05 11:01:45.224  2039  2310 I SoundTriggerHwService::Module: void android::SoundTriggerHwService::Module::onCallbackEvent(const sp<android::SoundTriggerHwService::CallbackEvent> &) mClient == 0
02-05 11:01:45.226  2039 22822 E audio_route: unable to find path 'set-capture-format-default'
02-05 11:01:45.226  2039 22822 D audio_hw_primary: enable_snd_device: snd_device(63: voice-rec-mic)
02-05 11:01:45.227  7216 22570 I MicrophoneInputStream: mic_started com.google.android.apps.gsa.speech.audio.ae@af21086
02-05 11:01:45.233  2039 22822 D audio_hw_primary: enable_audio_route: usecase(8) apply and update mixer path: audio-record
02-05 11:01:45.318  7216  7216 I MicroDetectionWorker: onReady
02-05 11:01:45.323  3768 22784 I chatty  : uid=10019(com.google.android.gms) expire 1 line
02-05 11:01:45.326  4681 18449 I chatty  : uid=10132(me.zheteng.android.powerstatus) RxCachedThreadS expire 52 lines
02-05 11:01:45.398  3396 22630 I chatty  : uid=10019 com.google.android.gms.persistent expire 1 line
02-05 11:01:45.548 22790 22790 D AndroidRuntime: >>>>>> START com.android.internal.os.RuntimeInit uid 2000 <<<<<<
02-05 11:01:45.552 22790 22790 D AndroidRuntime: CheckJNI is OFF
02-05 11:01:45.655 22790 22790 D ICU     : No timezone override file found: /data/misc/zoneinfo/current/icu/icu_tzdata.dat
02-05 11:01:45.698 22790 22790 I Radio-JNI: register_android_hardware_Radio DONE
02-05 11:01:45.719 22790 22790 D AndroidRuntime: Calling main entry com.android.commands.am.Am
02-05 11:01:45.725  2455  5489 I ActivityManager: START u0 {act=android.intent.action.MAIN cat=[android.intent.category.LAUNCHER] flg=0x10000000 cmp=com.example.lee.ffmpegdemo/.MainActivity} from uid 2000 on display 0
02-05 11:01:45.742 22790 22790 D AndroidRuntime: Shutting down VM
02-05 11:01:45.776  2455  2950 I ActivityManager: Start proc 22851:com.example.lee.ffmpegdemo/u0a156 for activity com.example.lee.ffmpegdemo/.MainActivity
02-05 11:01:45.797 22851 22851 I art     : Late-enabling -Xcheck:jni
02-05 11:01:46.027 22851 22851 I InstantRun: starting instant run server: is main process
02-05 11:01:46.128 22851 22851 W art     : Before Android 4.1, method android.graphics.PorterDuffColorFilter android.support.graphics.drawable.VectorDrawableCompat.updateTintFilter(android.graphics.PorterDuffColorFilter, android.content.res.ColorStateList, android.graphics.PorterDuff$Mode) would have incorrectly overridden the package-private method in android.graphics.drawable.Drawable
02-05 11:01:46.150  3768  4537 I chatty  : uid=10019(com.google.android.gms) Thread-9 expire 20 lines
02-05 11:01:46.295 22851 22851 E ffmpeg  : lueluelue
02-05 11:01:46.295 22851 22851 E ffmpeg  : yingyingying
02-05 11:01:46.295 22851 22851 E (>_<)   : input:	/storage/emulated/0/hh.mp4
02-05 11:01:46.306 22851 22851 F libc    : Fatal signal 11 (SIGSEGV), code 1, fault addr 0x0 in tid 22851 (.lee.ffmpegdemo)
02-05 11:01:46.306   254   254 W         : debuggerd: handling request: pid=22851 uid=10156 gid=10156 tid=22851
02-05 11:01:46.356  4681  4681 I chatty  : uid=10132 me.zheteng.android.powerstatus:remote expire 43 lines
02-05 11:01:46.376 22888 22888 F DEBUG   : *** *** *** *** *** *** *** *** *** *** *** *** *** *** *** ***
02-05 11:01:46.376 22888 22888 F DEBUG   : Build fingerprint: 'google/shamu/shamu:7.1.1/NGI55D/4298276:user/release-keys'
02-05 11:01:46.376 22888 22888 F DEBUG   : Revision: '0'
02-05 11:01:46.376 22888 22888 F DEBUG   : ABI: 'arm'
02-05 11:01:46.376 22888 22888 F DEBUG   : pid: 22851, tid: 22851, name: .lee.ffmpegdemo  >>> com.example.lee.ffmpegdemo <<<
02-05 11:01:46.376 22888 22888 F DEBUG   : signal 11 (SIGSEGV), code 1 (SEGV_MAPERR), fault addr 0x0
02-05 11:01:46.376 22888 22888 F DEBUG   :     r0 00000000  r1 b3f7b76f  r2 b3f7b76f  r3 00000000
02-05 11:01:46.376 22888 22888 F DEBUG   :     r4 00000040  r5 b4f4558c  r6 0000000d  r7 fffffff3
02-05 11:01:46.376 22888 22888 F DEBUG   :     r8 00000000  r9 b2285400  sl be888800  fp b2285400
02-05 11:01:46.376 22888 22888 F DEBUG   :     ip b3f90008  sp be8886e8  lr b3f22291  pc b3f1edc4  cpsr 600f0030
02-05 11:01:46.380 22888 22888 F DEBUG   : 
02-05 11:01:46.380 22888 22888 F DEBUG   : backtrace:
02-05 11:01:46.380 22888 22888 F DEBUG   :     #00 pc 0001adc4  /system/lib/libc.so (__libc_format_buffer+39)
02-05 11:01:46.380 22888 22888 F DEBUG   :     #01 pc 0001e28d  /system/lib/libc.so (strerror_r+80)
02-05 11:01:46.380 22888 22888 F DEBUG   :     #02 pc 00012ca8  /data/app/com.example.lee.ffmpegdemo-2/lib/arm/libavutil-55.so (av_strerror+100)
02-05 11:01:46.602 13474 22793 W System.err: java.io.FileNotFoundException: http://www.estrongs.com/console/service/sample/index.php?source=ESF&country=cn&unique_id=yojfmRG%2BrofYI3TM8gr7Mg==
